Component: ARM Compiler 5.06 update 6 (build 750) Tool: armlink [4d35ed]

==============================================================================

Section Cross References

    hw_config.o(i.Enter_LowPowerMode) refers to usb_pwr.o(.data) for bDeviceState
    hw_config.o(i.Get_SerialNum) refers to hw_config.o(i.IntToUnicode) for IntToUnicode
    hw_config.o(i.Get_SerialNum) refers to usb_desc.o(.data) for Audio_StringSerial
    hw_config.o(i.Leave_LowPowerMode) refers to usb_init.o(.bss) for Device_Info
    hw_config.o(i.Leave_LowPowerMode) refers to usb_pwr.o(.data) for bDeviceState
    hw_config.o(i.Set_USBClock) refers to at32f4xx_rcc.o(i.RCC_USBCLKConfig) for RCC_USBCLKConfig
    hw_config.o(i.Set_USBClock) refers to at32f4xx_rcc.o(i.RCC_APB2PeriphClockCmd) for RCC_APB2PeriphClockCmd
    hw_config.o(i.Set_USBClock) refers to at32f4xx_acc.o(i.ACC_ITConfig) for ACC_ITConfig
    hw_config.o(i.Set_USBClock) refers to at32f4xx_acc.o(i.ACC_WriteC1) for ACC_WriteC1
    hw_config.o(i.Set_USBClock) refers to at32f4xx_acc.o(i.ACC_WriteC2) for ACC_WriteC2
    hw_config.o(i.Set_USBClock) refers to at32f4xx_acc.o(i.ACC_WriteC3) for ACC_WriteC3
    hw_config.o(i.Set_USBClock) refers to at32f4xx_acc.o(i.ACC_EnterCALMode) for ACC_EnterCALMode
    hw_config.o(i.Set_USBClock) refers to at32f4xx_rcc.o(i.RCC_HSI2USB48M) for RCC_HSI2USB48M
    hw_config.o(i.Set_USBClock) refers to at32f4xx_rcc.o(i.RCC_APB1PeriphClockCmd) for RCC_APB1PeriphClockCmd
    hw_config.o(i.Set_USBClock) refers to system_at32f4xx.o(.data) for SystemCoreClock
    hw_config.o(i.Set_USBClock) refers to hw_config.o(.data) for ACC_C2_value
    hw_config.o(i.USB_Interrupts_Config) refers to at32f4xx_exti.o(i.EXTI_ClearIntPendingBit) for EXTI_ClearIntPendingBit
    hw_config.o(i.USB_Interrupts_Config) refers to at32f4xx_exti.o(i.EXTI_Init) for EXTI_Init
    hw_config.o(i.USB_Interrupts_Config) refers to misc.o(i.NVIC_PriorityGroupConfig) for NVIC_PriorityGroupConfig
    hw_config.o(i.USB_Interrupts_Config) refers to misc.o(i.NVIC_Init) for NVIC_Init
    usb_istr.o(i.USB_Istr) refers to usb_int.o(i.CTR_LP) for CTR_LP
    usb_istr.o(i.USB_Istr) refers to usb_istr.o(.data) for wIstr
    usb_istr.o(i.USB_Istr) refers to usb_init.o(.data) for wInterrupt_Mask
    usb_istr.o(i.USB_Istr) refers to usb_prop.o(.data) for Device_Property
    usb_istr.o(.data) refers to usb_endp.o(i.EP1_IN_Callback) for EP1_IN_Callback
    usb_istr.o(.data) refers to usb_core.o(i.NOP_Process) for NOP_Process
    usb_istr.o(.data) refers to usb_endp.o(i.EP3_IN_Callback) for EP3_IN_Callback
    usb_istr.o(.data) refers to usb_endp.o(i.EP2_OUT_Callback) for EP2_OUT_Callback
    usb_prop.o(i.Get_CurVolume_Command) refers to usb_init.o(.data) for pInformation
    usb_prop.o(i.Get_CurVolume_Command) refers to usb_prop.o(.data) for usb_audio
    usb_prop.o(i.Get_MaxVolume_Command) refers to usb_init.o(.data) for pInformation
    usb_prop.o(i.Get_MaxVolume_Command) refers to usb_prop.o(.data) for usb_audio
    usb_prop.o(i.Get_MinVolume_Command) refers to usb_init.o(.data) for pInformation
    usb_prop.o(i.Get_MinVolume_Command) refers to usb_prop.o(.data) for usb_audio
    usb_prop.o(i.Get_ResVolume_Command) refers to usb_init.o(.data) for pInformation
    usb_prop.o(i.Get_ResVolume_Command) refers to usb_prop.o(.data) for usb_audio
    usb_prop.o(i.Mute_Command) refers to usb_init.o(.data) for pInformation
    usb_prop.o(i.Mute_Command) refers to usb_prop.o(.data) for usb_audio
    usb_prop.o(i.Set_Freq_Command) refers to usb_init.o(.data) for pInformation
    usb_prop.o(i.Set_Freq_Command) refers to usb_prop.o(.data) for usb_audio
    usb_prop.o(i.Set_Volume_Command) refers to usb_init.o(.data) for pInformation
    usb_prop.o(i.Set_Volume_Command) refers to usb_prop.o(.data) for usb_audio
    usb_prop.o(i.USB_Audio_Data_Setup) refers to usb_init.o(.data) for pInformation
    usb_prop.o(i.USB_Audio_Data_Setup) refers to usb_prop.o(.data) for usb_audio
    usb_prop.o(i.USB_Audio_Data_Setup) refers to usb_prop.o(i.Mute_Command) for Mute_Command
    usb_prop.o(i.USB_Audio_Data_Setup) refers to usb_prop.o(i.Set_Volume_Command) for Set_Volume_Command
    usb_prop.o(i.USB_Audio_Data_Setup) refers to usb_prop.o(i.Set_Freq_Command) for Set_Freq_Command
    usb_prop.o(i.USB_Audio_Data_Setup) refers to usb_prop.o(i.Get_MinVolume_Command) for Get_MinVolume_Command
    usb_prop.o(i.USB_Audio_Data_Setup) refers to usb_prop.o(i.Get_MaxVolume_Command) for Get_MaxVolume_Command
    usb_prop.o(i.USB_Audio_Data_Setup) refers to usb_prop.o(i.Get_ResVolume_Command) for Get_ResVolume_Command
    usb_prop.o(i.USB_Audio_Data_Setup) refers to usb_prop.o(i.Get_CurVolume_Command) for Get_CurVolume_Command
    usb_prop.o(i.USB_Audio_GetConfigDescriptor) refers to usb_core.o(i.Standard_GetDescriptorData) for Standard_GetDescriptorData
    usb_prop.o(i.USB_Audio_GetConfigDescriptor) refers to usb_prop.o(.data) for Config_Descriptor
[...]
    IntToUnicode                             0x080026c1   Thumb Code    62  hw_config.o(i.IntToUnicode)
    i.MemManage_Handler                      0x080026fe   Section        0  at32f4xx_it.o(i.MemManage_Handler)
    i.Mute_Command                           0x08002704   Section        0  usb_prop.o(i.Mute_Command)
    i.NMI_Handler                            0x08002734   Section        0  at32f4xx_it.o(i.NMI_Handler)
    i.NOP_Process                            0x08002736   Section        0  usb_core.o(i.NOP_Process)
    i.NVIC_Init                              0x08002738   Section        0  misc.o(i.NVIC_Init)
    i.NVIC_PriorityGroupConfig               0x080027a8   Section        0  misc.o(i.NVIC_PriorityGroupConfig)
    i.NoData_Setup0                          0x080027bc   Section        0  usb_core.o(i.NoData_Setup0)
    NoData_Setup0                            0x080027bd   Thumb Code   292  usb_core.o(i.NoData_Setup0)
    i.Out0_Process                           0x080028f4   Section        0  usb_core.o(i.Out0_Process)
    i.PMAToUserBufferCopy                    0x08002944   Section        0  usb_mem.o(i.PMAToUserBufferCopy)
    i.PendSV_Handler                         0x0800296c   Section        0  at32f4xx_it.o(i.PendSV_Handler)
    i.Post0_Process                          0x08002970   Section        0  usb_core.o(i.Post0_Process)
    i.PowerOn                                0x080029b8   Section        0  usb_pwr.o(i.PowerOn)
    i.RCC_AHBPeriphClockCmd                  0x080029f0   Section        0  at32f4xx_rcc.o(i.RCC_AHBPeriphClockCmd)
    i.RCC_APB1PeriphClockCmd                 0x08002a10   Section        0  at32f4xx_rcc.o(i.RCC_APB1PeriphClockCmd)
    i.RCC_APB1PeriphResetCmd                 0x08002a30   Section        0  at32f4xx_rcc.o(i.RCC_APB1PeriphResetCmd)
    i.RCC_APB2PeriphClockCmd                 0x08002a50   Section        0  at32f4xx_rcc.o(i.RCC_APB2PeriphClockCmd)
    i.RCC_APB2PeriphResetCmd                 0x08002a70   Section        0  at32f4xx_rcc.o(i.RCC_APB2PeriphResetCmd)
    i.RCC_GetClocksFreq                      0x08002a90   Section        0  at32f4xx_rcc.o(i.RCC_GetClocksFreq)
    i.RCC_HSI2USB48M                         0x08002bd8   Section        0  at32f4xx_rcc.o(i.RCC_HSI2USB48M)
    i.RCC_StepModeCmd                        0x08002c10   Section        0  at32f4xx_rcc.o(i.RCC_StepModeCmd)
    i.RCC_USBCLKConfig                       0x08002c34   Section        0  at32f4xx_rcc.o(i.RCC_USBCLKConfig)
    i.SPI_I2S_DMAEnable                      0x08002c4c   Section        0  at32f4xx_spi.o(i.SPI_I2S_DMAEnable)
    i.SPI_I2S_Reset                          0x08002c60   Section        0  at32f4xx_spi.o(i.SPI_I2S_Reset)
    i.SVC_Handler                            0x08002cd4   Section        0  at32f4xx_it.o(i.SVC_Handler)
    i.SetDeviceAddress                       0x08002cd8   Section        0  usb_core.o(i.SetDeviceAddress)
    i.SetEPDblBuf0Count                      0x08002d28   Section        0  usb_regs.o(i.SetEPDblBuf0Count)
    i.SetEPDblBuf1Count                      0x08002d94   Section        0  usb_regs.o(i.SetEPDblBuf1Count)
    i.SetEPDblBuffAddr                       0x08002e00   Section        0  usb_regs.o(i.SetEPDblBuffAddr)
    i.SetEPDblBuffCount                      0x08002e3c   Section        0  usb_regs.o(i.SetEPDblBuffCount)
    i.SetEPRxAddr                            0x08002f08   Section        0  usb_regs.o(i.SetEPRxAddr)
    i.SetEPRxCount                           0x08002f2c   Section        0  usb_regs.o(i.SetEPRxCount)
    i.SetEPRxStatus                          0x08002f7c   Section        0  usb_regs.o(i.SetEPRxStatus)
    i.SetEPRxValid                           0x08002fbc   Section        0  usb_regs.o(i.SetEPRxValid)
    i.SetEPTxAddr                            0x08002ff0   Section        0  usb_regs.o(i.SetEPTxAddr)
    i.SetEPTxCount                           0x08003014   Section        0  usb_regs.o(i.SetEPTxCount)
    i.SetEPTxStatus                          0x08003034   Section        0  usb_regs.o(i.SetEPTxStatus)
    i.SetEPType                              0x08003074   Section        0  usb_regs.o(i.SetEPType)
    i.SetSysClock                            0x08003098   Section        0  system_at32f4xx.o(i.SetSysClock)
    SetSysClock                              0x08003099   Thumb Code     8  system_at32f4xx.o(i.SetSysClock)
    i.SetSysClockTo192M                      0x080030a0   Section        0  system_at32f4xx.o(i.SetSysClockTo192M)
    SetSysClockTo192M                        0x080030a1   Thumb Code   222  system_at32f4xx.o(i.SetSysClockTo192M)
    i.Set_Freq_Command                       0x0800318c   Section        0  usb_prop.o(i.Set_Freq_Command)
    i.Set_USB768ByteMode                     0x080031ac   Section        0  usb_regs.o(i.Set_USB768ByteMode)
    i.Set_USBClock                           0x080031cc   Section        0  hw_config.o(i.Set_USBClock)
    i.Set_Volume_Command                     0x080032c0   Section        0  usb_prop.o(i.Set_Volume_Command)
    i.Setup0_Process                         0x080032f0   Section        0  usb_core.o(i.Setup0_Process)
    i.Standard_ClearFeature                  0x080033ac   Section        0  usb_core.o(i.Standard_ClearFeature)
    i.Standard_GetConfiguration              0x08003518   Section        0  usb_core.o(i.Standard_GetConfiguration)
    i.Standard_GetDescriptorData             0x08003544   Section        0  usb_core.o(i.Standard_GetDescriptorData)
    i.Standard_GetInterface                  0x08003568   Section        0  usb_core.o(i.Standard_GetInterface)
    i.Standard_GetStatus                     0x08003594   Section        0  usb_core.o(i.Standard_GetStatus)
    i.Standard_SetConfiguration              0x08003694   Section        0  usb_core.o(i.Standard_SetConfiguration)
    i.Standard_SetDeviceFeature              0x080036dc   Section        0  usb_core.o(i.Standard_SetDeviceFeature)
    i.Standard_SetEndPointFeature            0x08003704   Section        0  usb_core.o(i.Standard_SetEndPointFeature)
    i.Standard_SetInterface                  0x080037d4   Section        0  usb_core.o(i.Standard_SetInterface)
    i.SysTick_CLKSourceConfig                0x08003840   Section        0  misc.o(i.SysTick_CLKSourceConfig)
    i.SystemInit                             0x08003868   Section        0  system_at32f4xx.o(i.SystemInit)
    i.TMR_Cmd                                0x080038ec   Section        0  at32f4xx_tim.o(i.TMR_Cmd)
    i.TMR_CtrlPWMOutputs                     0x08003904   Section        0  at32f4xx_tim.o(i.TMR_CtrlPWMOutputs)
    i.TMR_OC1Init                            0x08003922   Section        0  at32f4xx_tim.o(i.TMR_OC1Init)
    i.TMR_OC1PreloadConfig                   0x08003984   Section        0  at32f4xx_tim.o(i.TMR_OC1PreloadConfig)
    i.TMR_OCStructInit                       0x08003996   Section        0  at32f4xx_tim.o(i.TMR_OCStructInit)
    i.TMR_TimeBaseInit                       0x080039ac   Section        0  at32f4xx_tim.o(i.TMR_TimeBaseInit)
    i.TMR_TimeBaseStructInit                 0x08003a08   Section        0  at32f4xx_tim.o(i.TMR_TimeBaseStructInit)
    i.ToggleDTOG_RX                          0x08003a1c   Section        0  usb_regs.o(i.ToggleDTOG_RX)
    i.ToggleDTOG_TX                          0x08003a44   Section        0  usb_regs.o(i.ToggleDTOG_TX)
    i.USBWakeUp_IRQHandler                   0x08003a6c   Section        0  at32f4xx_it.o(i.USBWakeUp_IRQHandler)
    i.USB_Audio_Data_Setup                   0x08003a78   Section        0  usb_prop.o(i.USB_Audio_Data_Setup)
    i.USB_Audio_GetConfigDescriptor          0x08003b58   Section        0  usb_prop.o(i.USB_Audio_GetConfigDescriptor)
    i.USB_Audio_GetDeviceDescriptor          0x08003b6c   Section        0  usb_prop.o(i.USB_Audio_GetDeviceDescriptor)
    i.USB_Audio_GetStringDescriptor          0x08003b80   Section        0  usb_prop.o(i.USB_Audio_GetStringDescriptor)
    i.USB_Audio_Get_Interface_Setting        0x08003ba8   Section        0  usb_prop.o(i.USB_Audio_Get_Interface_Setting)
    i.USB_Audio_NoData_Setup                 0x08003bbe   Section        0  usb_prop.o(i.USB_Audio_NoData_Setup)
    i.USB_Audio_Reset                        0x08003bc4   Section        0  usb_prop.o(i.USB_Audio_Reset)
    i.USB_Audio_SetConfiguration             0x08003d0c   Section        0  usb_prop.o(i.USB_Audio_SetConfiguration)
    i.USB_Audio_SetDeviceAddress             0x08003d50   Section        0  usb_prop.o(i.USB_Audio_SetDeviceAddress)
    i.USB_Audio_SetInterface                 0x08003d5c   Section        0  usb_prop.o(i.USB_Audio_SetInterface)
    i.USB_Audio_Status_In                    0x08003d60   Section        0  usb_prop.o(i.USB_Audio_Status_In)
    i.USB_Audio_Status_Out                   0x08003e44   Section        0  usb_prop.o(i.USB_Audio_Status_Out)
    i.USB_Audio_init                         0x08003e48   Section        0  usb_prop.o(i.USB_Audio_init)
    i.USB_HP_CAN1_TX_IRQHandler              0x08003e70   Section        0  at32f4xx_it.o(i.USB_HP_CAN1_TX_IRQHandler)
    i.USB_Init                               0x08003e78   Section        0  usb_init.o(i.USB_Init)
    i.USB_Interrupts_Config                  0x08003eb4   Section        0  hw_config.o(i.USB_Interrupts_Config)
    i.USB_Istr                               0x08003f5c   Section        0  usb_istr.o(i.USB_Istr)
    i.USB_LP_CAN1_RX0_IRQHandler             0x08003fac   Section        0  at32f4xx_it.o(i.USB_LP_CAN1_RX0_IRQHandler)
    i.USB_SIL_Init                           0x08003fb4   Section        0  usb_sil.o(i.USB_SIL_Init)
    i.UsageFault_Handler                     0x08003fd8   Section        0  at32f4xx_it.o(i.UsageFault_Handler)
    i.UserToPMABufferCopy                    0x08003fdc   Section        0  usb_mem.o(i.UserToPMABufferCopy)
    i.WM8988_Clk_TMR1_Init                   0x08004018   Section        0  wm8988.o(i.WM8988_Clk_TMR1_Init)
    WM8988_Clk_TMR1_Init                     0x08004019   Thumb Code   160  wm8988.o(i.WM8988_Clk_TMR1_Init)
    i.WM8988_GetMicrophoneBuffer             0x080040c8   Section        0  wm8988.o(i.WM8988_GetMicrophoneBuffer)
    i.WM8988_GetMicrophoneFrameLen           0x080040d0   Section        0  wm8988.o(i.WM8988_GetMicrophoneFrameLen)
    i.WM8988_Init                            0x080040d8   Section        0  wm8988.o(i.WM8988_Init)
    i.WM8988_Poll                            0x0800416c   Section        0  wm8988.o(i.WM8988_Poll)
    i.WM8988_SetADCMic_Mute                  0x08004288   Section        0  wm8988.o(i.WM8988_SetADCMic_Mute)
    i.WM8988_SetADCMic_Volume                0x08004298   Section        0  wm8988.o(i.WM8988_SetADCMic_Volume)
    i.WM8988_SetDACSpk_Mute                  0x080042a8   Section        0  wm8988.o(i.WM8988_SetDACSpk_Mute)
    i.WM8988_SetDACSpk_Volume                0x080042b8   Section        0  wm8988.o(i.WM8988_SetDACSpk_Volume)
    i.WM8988_Set_Freq                        0x080042c8   Section        0  wm8988.o(i.WM8988_Set_Freq)
    i.WM8988_WriteSpeakerBuffer              0x0800431c   Section        0  wm8988.o(i.WM8988_WriteSpeakerBuffer)
    i.main                                   0x0800432c   Section        0  main.o(i.main)
    x$fpl$fpinit                             0x0800436c   Section       10  fpinit.o(x$fpl$fpinit)
    $v0                                      0x0800436c   Number         0  fpinit.o(x$fpl$fpinit)
    .constdata                               0x08004376   Section      281  usb_desc.o(.constdata)
    .data                                    0x20000000   Section        4  hw_config.o(.data)
    .data                                    0x20000004   Section       26  usb_desc.o(.data)
    .data                                    0x20000020   Section       60  usb_istr.o(.data)
    .data                                    0x2000005c   Section      168  usb_prop.o(.data)
    .data                                    0x20000104   Section        7  usb_pwr.o(.data)
    .data                                    0x2000010c   Section       20  system_at32f4xx.o(.data)
    .data                                    0x20000120   Section        7  at32_audio_conf.o(.data)
    .data                                    0x20000128   Section       69  at32_board.o(.data)
    fac_us                                   0x20000164   Data           4  at32_board.o(.data)
    fac_ms                                   0x20000168   Data           4  at32_board.o(.data)
    Pressed                                  0x2000016c   Data           1  at32_board.o(.data)
    .data                                    0x2000016e   Section        3  usb_core.o(.data)
    .data                                    0x20000174   Section       20  usb_init.o(.data)
    .data                                    0x20000188   Section        4  usb_int.o(.data)
    .data                                    0x2000018c   Section        4  usb_regs.o(.data)
    .data                                    0x20000190   Section       16  at32f4xx_rcc.o(.data)
    APBAHBPscTable                           0x20000190   Data           8  at32f4xx_rcc.o(.data)
    ADCPscTable                              0x20000198   Data           8  at32f4xx_rcc.o(.data)
    .data                                    0x200001a0   Section       20  wm8988_i2s.o(.data)
    .data                                    0x200001b4   Section       88  wm8988.o(.data)
    u16DefaultFreqR8                         0x200001f0   Data           4  wm8988.o(.data)
    u16DefaultBitwR7                         0x200001f4   Data           4  wm8988.o(.data)
    .bss                                     0x2000020c   Section      288  usb_endp.o(.bss)
    .bss                                     0x2000032c   Section       28  usb_init.o(.bss)
    .bss                                     0x20000348   Section     9588  wm8988_i2s.o(.bss)
    .bss                                     0x200028bc   Section       96  libspace.o(.bss)
    HEAP                                     0x20002920   Section      512  startup_at32f403avgt7.o(HEAP)
    Heap_Mem                                 0x20002920   Data         512  startup_at32f403avgt7.o(HEAP)
    STACK                                    0x20002b20   Section     1024  startup_at32f403avgt7.o(STACK)
    Stack_Mem                                0x20002b20   Data        1024  startup_at32f403avgt7.o(STACK)
    __initial_sp                             0x20002f20   Data           0  startup_at32f403avgt7.o(STACK)

    Global Symbols

    Symbol Name                              Value     Ov Type        Size  Object(Section)

    BuildAttributes$$THM_ISAv4$E$P$D$K$B$S$7EM$VFPi3$EXTD16$VFPS$VFMA$PE$A:L22UL41UL21$X:L11$S22US41US21$IEEE1$IW$USESV6$~STKCKD$USESV7$~SHL$OSPACE$ROPI$EBA8$UX$STANDARDLIB$REQ8$PRES8$EABIv2 0x00000000   Number         0  anon$$obj.o ABSOLUTE
    __ARM_use_no_argv                        0x00000000   Number         0  main.o ABSOLUTE
    __ARM_exceptions_init                     - Undefined Weak Reference
    __alloca_initialize                       - Undefined Weak Reference
    __arm_preinit_                            - Undefined Weak Reference
    __cpp_initialize__aeabi_                  - Undefined Weak Reference
    __cxa_finalize                            - Undefined Weak Reference
    __rt_locale                               - Undefined Weak Reference
    __sigvec_lookup                           - Undefined Weak Reference
    _atexit_init                              - Undefined Weak Reference
    _call_atexit_fns                          - Undefined Weak Reference
    _clock_init                               - Undefined Weak Reference
    _fp_trap_init                             - Undefined Weak Reference
    _fp_trap_shutdown                         - Undefined Weak Reference
    _get_lc_collate                           - Undefined Weak Reference
    _get_lc_ctype                             - Undefined Weak Reference
    _get_lc_monetary                          - Undefined Weak Reference
    _get_lc_numeric                           - Undefined Weak Reference
    _get_lc_time                              - Undefined Weak Reference
    _getenv_init                              - Undefined Weak Reference
    _handle_redirection                       - Undefined Weak Reference
    _init_alloc                               - Undefined Weak Reference
    _init_user_alloc                          - Undefined Weak Reference
    _initio                                   - Undefined Weak Reference
    _rand_init                                - Undefined Weak Reference
    _signal_finish                            - Undefined Weak Reference
    _signal_init                              - Undefined Weak Reference
    _terminate_alloc                          - Undefined Weak Reference
    _terminate_user_alloc                     - Undefined Weak Reference
    _terminateio                              - Undefined Weak Reference
    __Vectors_Size                           0x0000017c   Number         0  startup_at32f403avgt7.o ABSOLUTE
    __Vectors                                0x08000000   Data           4  startup_at32f403avgt7.o(RESET)
    __Vectors_End                            0x0800017c   Data           0  startup_at32f403avgt7.o(RESET)
    __main                                   0x0800017d   Thumb Code     8  __main.o(!!!main)
    __scatterload                            0x08000185   Thumb Code     0  __scatter.o(!!!scatter)
    __scatterload_rt2                        0x08000185   Thumb Code    44  __scatter.o(!!!scatter)
    __scatterload_rt2_thumb_only             0x08000185   Thumb Code     0  __scatter.o(!!!scatter)
    __scatterload_null                       0x08000193   Thumb Code     0  __scatter.o(!!!scatter)
    __decompress                             0x080001b9   Thumb Code    90  __dczerorl2.o(!!dczerorl2)
    __decompress1                            0x080001b9   Thumb Code     0  __dczerorl2.o(!!dczerorl2)
    __scatterload_zeroinit                   0x08000215   Thumb Code    28  __scatter_zi.o(!!handler_zi)
    __rt_lib_init                            0x08000231   Thumb Code     0  libinit.o(.ARM.Collect$$libinit$$00000000)
    __rt_lib_init_fp_1                       0x08000233   Thumb Code     0  libinit2.o(.ARM.Collect$$libinit$$00000001)
    __rt_lib_init_alloca_1                   0x08000237   Thumb Code     0  libinit2.o(.ARM.Collect$$libinit$$0000002E)
    __rt_lib_init_argv_1                     0x08000237   Thumb Code     0  libinit2.o(.ARM.Collect$$libinit$$0000002C)
    __rt_lib_init_atexit_1                   0x08000237   Thumb Code     0  libinit2.o(.ARM.Collect$$libinit$$0000001B)
    __rt_lib_init_clock_1                    0x08000237   Thumb Code     0  libinit2.o(.ARM.Collect$$libinit$$00000021)
    __rt_lib_init_cpp_1                      0x08000237   Thumb Code     0  libinit2.o(.ARM.Collect$$libinit$$00000032)
    __rt_lib_init_exceptions_1               0x08000237   Thumb Code     0  libinit2.o(.ARM.Collect$$libinit$$00000030)
    __rt_lib_init_fp_trap_1                  0x08000237   Thumb Code     0  libinit2.o(.ARM.Collect$$libinit$$0000001F)
    __rt_lib_init_getenv_1                   0x08000237   Thumb Code     0  libinit2.o(.ARM.Collect$$libinit$$00000023)
    __rt_lib_init_heap_1                     0x08000237   Thumb Code     0  libinit2.o(.ARM.Collect$$libinit$$0000000A)
    __rt_lib_init_lc_collate_1               0x08000237   Thumb Code     0  libinit2.o(.ARM.Collect$$libinit$$00000011)
    __rt_lib_init_lc_ctype_1                 0x08000237   Thumb Code     0  libinit2.o(.ARM.Collect$$libinit$$00000013)
    __rt_lib_init_lc_monetary_1              0x08000237   Thumb Code     0  libinit2.o(.ARM.Collect$$libinit$$00000015)
    __rt_lib_init_lc_numeric_1               0x08000237   Thumb Code     0  libinit2.o(.ARM.Collect$$libinit$$00000017)
    __rt_lib_init_lc_time_1                  0x08000237   Thumb Code     0  libinit2.o(.ARM.Collect$$libinit$$00000019)
    __rt_lib_init_preinit_1                  0x08000237   Thumb Code     0  libinit2.o(.ARM.Collect$$libinit$$00000004)
    __rt_lib_init_rand_1                     0x08000237   Thumb Code     0  libinit2.o(.ARM.Collect$$libinit$$0000000E)
    __rt_lib_init_return                     0x08000237   Thumb Code     0  libinit2.o(.ARM.Collect$$libinit$$00000033)
    __rt_lib_init_signal_1                   0x08000237   Thumb Code     0  libinit2.o(.ARM.Collect$$libinit$$0000001D)
    __rt_lib_init_stdio_1                    0x08000237   Thumb Code     0  libinit2.o(.ARM.Collect$$libinit$$00000025)
    __rt_lib_init_user_alloc_1               0x08000237   Thumb Code     0  libinit2.o(.ARM.Collect$$libinit$$0000000C)
    __rt_lib_shutdown                        0x08000239   Thumb Code     0  libshutdown.o(.ARM.Collect$$libshutdown$$00000000)
    __rt_lib_shutdown_cpp_1                  0x0800023b   Thumb Code     0  libshutdown2.o(.ARM.Collect$$libshutdown$$00000002)
    __rt_lib_shutdown_fp_trap_1              0x0800023b   Thumb Code     0  libshutdown2.o(.ARM.Collect$$libshutdown$$00000007)
    __rt_lib_shutdown_heap_1                 0x0800023b   Thumb Code     0  libshutdown2.o(.ARM.Collect$$libshutdown$$0000000F)
    __rt_lib_shutdown_return                 0x0800023b   Thumb Code     0  libshutdown2.o(.ARM.Collect$$libshutdown$$00000010)
    __rt_lib_shutdown_signal_1               0x0800023b   Thumb Code     0  libshutdown2.o(.ARM.Collect$$libshutdown$$0000000A)
    __rt_lib_shutdown_stdio_1                0x0800023b   Thumb Code     0  libshutdown2.o(.ARM.Collect$$libshutdown$$00000004)
    __rt_lib_shutdown_user_alloc_1           0x0800023b   Thumb Code     0  libshutdown2.o(.ARM.Collect$$libshutdown$$0000000C)
    __rt_entry                               0x0800023d   Thumb Code     0  __rtentry.o(.ARM.Collect$$rtentry$$00000000)
    __rt_entry_presh_1                       0x0800023d   Thumb Code     0  __rtentry2.o(.ARM.Collect$$rtentry$$00000002)
    __rt_entry_sh                            0x0800023d   Thumb Code     0  __rtentry4.o(.ARM.Collect$$rtentry$$00000004)
    __rt_entry_li                            0x08000243   Thumb Code     0  __rtentry2.o(.ARM.Collect$$rtentry$$0000000A)
    __rt_entry_postsh_1                      0x08000243   Thumb Code     0  __rtentry2.o(.ARM.Collect$$rtentry$$00000009)
    __rt_entry_main                          0x08000247   Thumb Code     0  __rtentry2.o(.ARM.Collect$$rtentry$$0000000D)
    __rt_entry_postli_1                      0x08000247   Thumb Code     0  __rtentry2.o(.ARM.Collect$$rtentry$$0000000C)
    __rt_exit                                0x0800024f   Thumb Code     0  rtexit.o(.ARM.Collect$$rtexit$$00000000)
    __rt_exit_ls                             0x08000251   Thumb Code     0  rtexit2.o(.ARM.Collect$$rtexit$$00000003)
    __rt_exit_prels_1                        0x08000251   Thumb Code     0  rtexit2.o(.ARM.Collect$$rtexit$$00000002)
    __rt_exit_exit                           0x08000255   Thumb Code     0  rtexit2.o(.ARM.Collect$$rtexit$$00000004)
    Reset_Handler                            0x0800025d   Thumb Code     8  startup_at32f403avgt7.o(.text)
    SysTick_Handler                          0x08000275   Thumb Code     2  startup_at32f403avgt7.o(.text)
    ADC1_2_IRQHandler                        0x08000277   Thumb Code     0  startup_at32f403avgt7.o(.text)
    ADC3_IRQHandler                          0x08000277   Thumb Code     0  startup_at32f403avgt7.o(.text)
    CAN1_RX1_IRQHandler                      0x08000277   Thumb Code     0  startup_at32f403avgt7.o(.text)
    CAN1_SCE_IRQHandler                      0x08000277   Thumb Code     0  startup_at32f403avgt7.o(.text)
    CAN2_RX0_IRQHandler                      0x08000277   Thumb Code     0  startup_at32f403avgt7.o(.text)
    CAN2_RX1_IRQHandler                      0x08000277   Thumb Code     0  startup_at32f403avgt7.o(.text)
    CAN2_SCE_IRQHandler                      0x08000277   Thumb Code     0  startup_at32f403avgt7.o(.text)
    CAN2_TX_IRQHandler                       0x08000277   Thumb Code     0  startup_at32f403avgt7.o(.text)
    DMA1_Channel1_IRQHandler                 0x08000277   Thumb Code     0  startup_at32f403avgt7.o(.text)
    DMA1_Channel2_IRQHandler                 0x08000277   Thumb Code     0  startup_at32f403avgt7.o(.text)
    DMA1_Channel5_IRQHandler                 0x08000277   Thumb Code     0  startup_at32f403avgt7.o(.text)
    DMA1_Channel6_IRQHandler                 0x08000277   Thumb Code     0  startup_at32f403avgt7.o(.text)
    DMA1_Channel7_IRQHandler                 0x08000277   Thumb Code     0  startup_at32f403avgt7.o(.text)
    DMA2_Channel1_IRQHandler                 0x08000277   Thumb Code     0  startup_at32f403avgt7.o(.text)
    DMA2_Channel2_IRQHandler                 0x08000277   Thumb Code     0  startup_at32f403avgt7.o(.text)
    DMA2_Channel3_IRQHandler                 0x08000277   Thumb Code     0  startup_at32f403avgt7.o(.text)
    DMA2_Channel4_5_IRQHandler               0x08000277   Thumb Code     0  startup_at32f403avgt7.o(.text)
    DMA2_Channel6_7_IRQHandler               0x08000277   Thumb Code     0  startup_at32f403avgt7.o(.text)
    EXTI0_IRQHandler                         0x08000277   Thumb Code     0  startup_at32f403avgt7.o(.text)
    EXTI15_10_IRQHandler                     0x08000277   Thumb Code     0  startup_at32f403avgt7.o(.text)
    EXTI1_IRQHandler                         0x08000277   Thumb Code     0  startup_at32f403avgt7.o(.text)
    EXTI2_IRQHandler                         0x08000277   Thumb Code     0  startup_at32f403avgt7.o(.text)
    EXTI3_IRQHandler                         0x08000277   Thumb Code     0  startup_at32f403avgt7.o(.text)
    EXTI4_IRQHandler                         0x08000277   Thumb Code     0  startup_at32f403avgt7.o(.text)
    EXTI9_5_IRQHandler                       0x08000277   Thumb Code     0  startup_at32f403avgt7.o(.text)
    FLASH_IRQHandler                         0x08000277   Thumb Code     0  startup_at32f403avgt7.o(.text)
    I2C1_ER_IRQHandler                       0x08000277   Thumb Code     0  startup_at32f403avgt7.o(.text)
    I2C1_EV_IRQHandler                       0x08000277   Thumb Code     0  startup_at32f403avgt7.o(.text)
    I2C2_ER_IRQHandler                       0x08000277   Thumb Code     0  startup_at32f403avgt7.o(.text)
    I2C2_EV_IRQHandler                       0x08000277   Thumb Code     0  startup_at32f403avgt7.o(.text)
    I2C3_ER_IRQHandler                       0x08000277   Thumb Code     0  startup_at32f403avgt7.o(.text)
    I2C3_EV_IRQHandler                       0x08000277   Thumb Code     0  startup_at32f403avgt7.o(.text)
    PVD_IRQHandler                           0x08000277   Thumb Code     0  startup_at32f403avgt7.o(.text)
    RCC_IRQHandler                           0x08000277   Thumb Code     0  startup_at32f403avgt7.o(.text)
    RTCAlarm_IRQHandler                      0x08000277   Thumb Code     0  startup_at32f403avgt7.o(.text)
    RTC_IRQHandler                           0x08000277   Thumb Code     0  startup_at32f403avgt7.o(.text)
    SDIO1_IRQHandler                         0x08000277   Thumb Code     0  startup_at32f403avgt7.o(.text)
    SDIO2_IRQHandler                         0x08000277   Thumb Code     0  startup_at32f403avgt7.o(.text)
    SPI1_IRQHandler                          0x08000277   Thumb Code     0  startup_at32f403avgt7.o(.text)
    SPI2_I2S2EXT_IRQHandler                  0x08000277   Thumb Code     0  startup_at32f403avgt7.o(.text)
    SPI3_I2S3EXT_IRQHandler                  0x08000277   Thumb Code     0  startup_at32f403avgt7.o(.text)
    SPI4_IRQHandler                          0x08000277   Thumb Code     0  startup_at32f403avgt7.o(.text)
    TAMPER_IRQHandler                        0x08000277   Thumb Code     0  startup_at32f403avgt7.o(.text)
    TMR1_BRK_TMR9_IRQHandler                 0x08000277   Thumb Code     0  startup_at32f403avgt7.o(.text)
    TMR1_CC_IRQHandler                       0x08000277   Thumb Code     0  startup_at32f403avgt7.o(.text)
    TMR1_OV_TMR10_IRQHandler                 0x08000277   Thumb Code     0  startup_at32f403avgt7.o(.text)
    TMR1_TRG_COM_TMR11_IRQHandler            0x08000277   Thumb Code     0  startup_at32f403avgt7.o(.text)
    TMR2_GLOBAL_IRQHandler                   0x08000277   Thumb Code     0  startup_at32f403avgt7.o(.text)
    TMR3_GLOBAL_IRQHandler                   0x08000277   Thumb Code     0  startup_at32f403avgt7.o(.text)
    TMR4_GLOBAL_IRQHandler                   0x08000277   Thumb Code     0  startup_at32f403avgt7.o(.text)
    TMR5_GLOBAL_IRQHandler                   0x08000277   Thumb Code     0  startup_at32f403avgt7.o(.text)
    TMR6_GLOBAL_IRQHandler                   0x08000277   Thumb Code     0  startup_at32f403avgt7.o(.text)
    TMR7_GLOBAL_IRQHandler                   0x08000277   Thumb Code     0  startup_at32f403avgt7.o(.text)
    TMR8_BRK_TMR12_IRQHandler                0x08000277   Thumb Code     0  startup_at32f403avgt7.o(.text)
    TMR8_CC_IRQHandler                       0x08000277   Thumb Code     0  startup_at32f403avgt7.o(.text)
    TMR8_OV_TMR13_IRQHandler                 0x08000277   Thumb Code     0  startup_at32f403avgt7.o(.text)
    TMR8_TRG_COM_TMR14_IRQHandler            0x08000277   Thumb Code     0  startup_at32f403avgt7.o(.text)
    UART4_IRQHandler                         0x08000277   Thumb Code     0  startup_at32f403avgt7.o(.text)
    UART5_IRQHandler                         0x08000277   Thumb Code     0  startup_at32f403avgt7.o(.text)
    UART7_IRQHandler                         0x08000277   Thumb Code     0  startup_at32f403avgt7.o(.text)
    UART8_IRQHandler                         0x08000277   Thumb Code     0  startup_at32f403avgt7.o(.text)
    USART1_IRQHandler                        0x08000277   Thumb Code     0  startup_at32f403avgt7.o(.text)
    USART2_IRQHandler                        0x08000277   Thumb Code     0  startup_at32f403avgt7.o(.text)
    USART3_IRQHandler                        0x08000277   Thumb Code     0  startup_at32f403avgt7.o(.text)
    USART6_IRQHandler                        0x08000277   Thumb Code     0  startup_at32f403avgt7.o(.text)
    USB_HP_IRQHandler                        0x08000277   Thumb Code     0  startup_at32f403avgt7.o(.text)
    USB_LP_IRQHandler                        0x08000277   Thumb Code     0  startup_at32f403avgt7.o(.text)
    WWDG_IRQHandler                          0x08000277   Thumb Code     0  startup_at32f403avgt7.o(.text)
    XMC_IRQHandler                           0x08000277   Thumb Code     0  startup_at32f403avgt7.o(.text)
    __user_initial_stackheap                 0x08000279   Thumb Code     0  startup_at32f403avgt7.o(.text)
    __use_two_region_memory                  0x0800029d   Thumb Code     2  heapauxi.o(.text)
    __rt_heap_escrow$2region                 0x0800029f   Thumb Code     2  heapauxi.o(.text)
    __rt_heap_expand$2region                 0x080002a1   Thumb Code     2  heapauxi.o(.text)
    __user_setup_stackheap                   0x080002a3   Thumb Code    74  sys_stackheap_outer.o(.text)
    exit                                     0x080002ed   Thumb Code    18  exit.o(.text)
    __user_libspace                          0x08000301   Thumb Code     8  libspace.o(.text)
    __user_perproc_libspace                  0x08000301   Thumb Code     0  libspace.o(.text)
    __user_perthread_libspace                0x08000301   Thumb Code     0  libspace.o(.text)
    _sys_exit                                0x08000309   Thumb Code     8  sys_exit.o(.text)
    __I$use$semihosting                      0x08000315   Thumb Code     0  use_no_semi.o(.text)
    __use_no_semihosting_swi                 0x08000315   Thumb Code     2  use_no_semi.o(.text)
    __semihosting_library_function           0x08000317   Thumb Code     0  indicate_semi.o(.text)
    ACC_ClearFlag                            0x08000319   Thumb Code    34  at32f4xx_acc.o(i.ACC_ClearFlag)
    ACC_EnterCALMode                         0x08000341   Thumb Code    12  at32f4xx_acc.o(i.ACC_EnterCALMode)
    ACC_GetFlagStatus                        0x08000351   Thumb Code    20  at32f4xx_acc.o(i.ACC_GetFlagStatus)
    ACC_IRQHandler                           0x08000369   Thumb Code    34  at32f4xx_it.o(i.ACC_IRQHandler)
    ACC_ITConfig                             0x0800038d   Thumb Code    30  at32f4xx_acc.o(i.ACC_ITConfig)
    ACC_WriteC1                              0x080003b1   Thumb Code     6  at32f4xx_acc.o(i.ACC_WriteC1)
    ACC_WriteC2                              0x080003bd   Thumb Code     6  at32f4xx_acc.o(i.ACC_WriteC2)
    ACC_WriteC3                              0x080003c9   Thumb Code     6  at32f4xx_acc.o(i.ACC_WriteC3)
    AT32_BUTTON_Init                         0x080003d5   Thumb Code    52  at32_board.o(i.AT32_BUTTON_Init)
    AT32_Board_Init                          0x08000415   Thumb Code    56  at32_board.o(i.AT32_Board_Init)
    AT32_I2C_Init                            0x0800044d   Thumb Code   128  wm8988_i2c.o(i.AT32_I2C_Init)
    AT32_I2C_WriteReg                        0x08000505   Thumb Code   138  wm8988_i2c.o(i.AT32_I2C_WriteReg)
    AT32_I2S1_GetMicrophoneBuffer            0x0800059d   Thumb Code     8  wm8988_i2s.o(i.AT32_I2S1_GetMicrophoneBuffer)
    AT32_I2S1_GetMicrophoneFrameLen          0x080005a9   Thumb Code     6  wm8988_i2s.o(i.AT32_I2S1_GetMicrophoneFrameLen)
    AT32_I2S1_GetNbyteDataSend               0x080005b5   Thumb Code    14  wm8988_i2s.o(i.AT32_I2S1_GetNbyteDataSend)
    AT32_I2S1_WriteDataToSpkFifoBuffer       0x080005c9   Thumb Code    82  wm8988_i2s.o(i.AT32_I2S1_WriteDataToSpkFifoBuffer)
    AT32_I2S_Init                            0x08000625   Thumb Code   686  wm8988_i2s.o(i.AT32_I2S_Init)
    AT32_LEDn_Init                           0x08000901   Thumb Code    58  at32_board.o(i.AT32_LEDn_Init)
    AT32_LEDn_OFF                            0x08000949   Thumb Code    32  at32_board.o(i.AT32_LEDn_OFF)
    AT32_LEDn_Toggle                         0x08000971   Thumb Code    42  at32_board.o(i.AT32_LEDn_Toggle)
    AT32_SetI2S_FREQ                         0x080009a5   Thumb Code   366  wm8988_i2s.o(i.AT32_SetI2S_FREQ)
    AT32_USB_GPIO_init                       0x08000b35   Thumb Code    56  at32_board.o(i.AT32_USB_GPIO_init)
    Audio_GetMicrophoneBuffer                0x08000b71   Thumb Code     8  at32_audio_conf.o(i.Audio_GetMicrophoneBuffer)
    Audio_GetMicrophoneLen                   0x08000b79   Thumb Code     8  at32_audio_conf.o(i.Audio_GetMicrophoneLen)
    Audio_GetSpeakerFeedback                 0x08000b81   Thumb Code   188  at32_audio_conf.o(i.Audio_GetSpeakerFeedback)
    Audio_Init                               0x08000c45   Thumb Code    28  at32_audio_conf.o(i.Audio_Init)
    Audio_SetFreq                            0x08000c65   Thumb Code    18  at32_audio_conf.o(i.Audio_SetFreq)
    Audio_SetMute_Microphone                 0x08000c7d   Thumb Code    12  at32_audio_conf.o(i.Audio_SetMute_Microphone)
    Audio_SetMute_Speaker                    0x08000c89   Thumb Code    12  at32_audio_conf.o(i.Audio_SetMute_Speaker)
    Audio_SetVolume_Microphone               0x08000c95   Thumb Code    12  at32_audio_conf.o(i.Audio_SetVolume_Microphone)
    Audio_SetVolume_Speaker                  0x08000ca1   Thumb Code    12  at32_audio_conf.o(i.Audio_SetVolume_Speaker)
    Audio_WriteDataToSpeakerBuffer           0x08000cad   Thumb Code    16  at32_audio_conf.o(i.Audio_WriteDataToSpeakerBuffer)
    BusFault_Handler                         0x08000cbd   Thumb Code     4  at32f4xx_it.o(i.BusFault_Handler)
    ByteSwap                                 0x08000cc1   Thumb Code    12  usb_regs.o(i.ByteSwap)
    CTR_HP                                   0x08000ccd   Thumb Code   184  usb_int.o(i.CTR_HP)
    CTR_LP                                   0x08000d9d   Thumb Code   616  usb_int.o(i.CTR_LP)
    ClearDTOG_RX                             0x08001025   Thumb Code    48  usb_regs.o(i.ClearDTOG_RX)
    ClearDTOG_TX                             0x08001059   Thumb Code    48  usb_regs.o(i.ClearDTOG_TX)
    Clear_Status_Out                         0x0800108d   Thumb Code    34  usb_regs.o(i.Clear_Status_Out)
    DMA1_Channel3_IRQHandler                 0x080010b5   Thumb Code   222  wm8988_i2s.o(i.DMA1_Channel3_IRQHandler)
    DMA1_Channel4_IRQHandler                 0x080011a5   Thumb Code   112  wm8988_i2s.o(i.DMA1_Channel4_IRQHandler)
    DMA_ChannelEnable                        0x08001221   Thumb Code    24  at32f4xx_dma.o(i.DMA_ChannelEnable)
    DMA_ClearITPendingBit                    0x08001239   Thumb Code    18  at32f4xx_dma.o(i.DMA_ClearITPendingBit)
    DMA_GetITStatus                          0x08001255   Thumb Code    36  at32f4xx_dma.o(i.DMA_GetITStatus)
    DMA_INTConfig                            0x08001281   Thumb Code    18  at32f4xx_dma.o(i.DMA_INTConfig)
    DMA_Init                                 0x08001293   Thumb Code    60  at32f4xx_dma.o(i.DMA_Init)
    DMA_Reset                                0x080012d1   Thumb Code   324  at32f4xx_dma.o(i.DMA_Reset)
    DebugMon_Handler                         0x08001825   Thumb Code     2  at32f4xx_it.o(i.DebugMon_Handler)
    Delay_init                               0x08001829   Thumb Code    54  at32_board.o(i.Delay_init)
    Delay_ms                                 0x08001875   Thumb Code   144  at32_board.o(i.Delay_ms)
    EP1_IN_Callback                          0x0800190d   Thumb Code    88  usb_endp.o(i.EP1_IN_Callback)
    EP2_OUT_Callback                         0x08001965   Thumb Code    72  usb_endp.o(i.EP2_OUT_Callback)
    EP3_IN_Callback                          0x080019b1   Thumb Code    78  usb_endp.o(i.EP3_IN_Callback)
    EXTI_ClearIntPendingBit                  0x08001a01   Thumb Code     6  at32f4xx_exti.o(i.EXTI_ClearIntPendingBit)
    EXTI_Init                                0x08001a0d   Thumb Code   142  at32f4xx_exti.o(i.EXTI_Init)
    FreeUserBuffer                           0x08001aa1   Thumb Code    78  usb_regs.o(i.FreeUserBuffer)
    GPIO_Init                                0x08001af5   Thumb Code   278  at32f4xx_gpio.o(i.GPIO_Init)
    GPIO_PinsRemapConfig                     0x08001c0d   Thumb Code  1388  at32f4xx_gpio.o(i.GPIO_PinsRemapConfig)
    GPIO_ResetBits                           0x0800217d   Thumb Code     4  at32f4xx_gpio.o(i.GPIO_ResetBits)
    GPIO_StructInit                          0x08002181   Thumb Code    16  at32f4xx_gpio.o(i.GPIO_StructInit)
    GetENDPOINT                              0x08002191   Thumb Code    16  usb_regs.o(i.GetENDPOINT)
    GetEPDblBuf0Count                        0x080021a5   Thumb Code    28  usb_regs.o(i.GetEPDblBuf0Count)
    GetEPDblBuf1Count                        0x080021c9   Thumb Code    28  usb_regs.o(i.GetEPDblBuf1Count)
    GetEPRxAddr                              0x080021ed   Thumb Code    26  usb_regs.o(i.GetEPRxAddr)
    GetEPTxAddr                              0x08002211   Thumb Code    24  usb_regs.o(i.GetEPTxAddr)
    Get_CurVolume_Command                    0x08002231   Thumb Code    40  usb_prop.o(i.Get_CurVolume_Command)
    Get_MaxVolume_Command                    0x08002261   Thumb Code    40  usb_prop.o(i.Get_MaxVolume_Command)
    Get_MinVolume_Command                    0x08002291   Thumb Code    40  usb_prop.o(i.Get_MinVolume_Command)
    Get_ResVolume_Command                    0x080022c1   Thumb Code    40  usb_prop.o(i.Get_ResVolume_Command)
    Get_SerialNum                            0x080022f1   Thumb Code    42  hw_config.o(i.Get_SerialNum)
    HardFault_Handler                        0x08002325   Thumb Code     4  at32f4xx_it.o(i.HardFault_Handler)
    I2C_CheckEvent                           0x08002329   Thumb Code    42  at32f4xx_i2c.o(i.I2C_CheckEvent)
    I2C_Cmd                                  0x08002353   Thumb Code    24  at32f4xx_i2c.o(i.I2C_Cmd)
    I2C_DeInit                               0x0800236d   Thumb Code    56  at32f4xx_i2c.o(i.I2C_DeInit)
    I2C_GenerateSTART                        0x080023b9   Thumb Code    24  at32f4xx_i2c.o(i.I2C_GenerateSTART)
    I2C_GenerateSTOP                         0x080023d1   Thumb Code    24  at32f4xx_i2c.o(i.I2C_GenerateSTOP)
    I2C_GetFlagStatus                        0x080023e9   Thumb Code    58  at32f4xx_i2c.o(i.I2C_GetFlagStatus)
    I2C_Init                                 0x08002425   Thumb Code   220  at32f4xx_i2c.o(i.I2C_Init)
    I2C_Send7bitAddress                      0x0800250d   Thumb Code    18  at32f4xx_i2c.o(i.I2C_Send7bitAddress)
    I2C_SendData                             0x0800251f   Thumb Code     4  at32f4xx_i2c.o(i.I2C_SendData)
    I2S_DefaultInit                          0x08002523   Thumb Code    20  at32f4xx_spi.o(i.I2S_DefaultInit)
    I2S_Enable                               0x08002537   Thumb Code    24  at32f4xx_spi.o(i.I2S_Enable)
    I2S_Init                                 0x08002551   Thumb Code   250  at32f4xx_spi.o(i.I2S_Init)
    In0_Process                              0x08002651   Thumb Code    98  usb_core.o(i.In0_Process)
    MemManage_Handler                        0x080026ff   Thumb Code     4  at32f4xx_it.o(i.MemManage_Handler)
    Mute_Command                             0x08002705   Thumb Code    40  usb_prop.o(i.Mute_Command)
    NMI_Handler                              0x08002735   Thumb Code     2  at32f4xx_it.o(i.NMI_Handler)
    NOP_Process                              0x08002737   Thumb Code     2  usb_core.o(i.NOP_Process)
    NVIC_Init                                0x08002739   Thumb Code   100  misc.o(i.NVIC_Init)
    NVIC_PriorityGroupConfig                 0x080027a9   Thumb Code    10  misc.o(i.NVIC_PriorityGroupConfig)
    Out0_Process                             0x080028f5   Thumb Code    70  usb_core.o(i.Out0_Process)
    PMAToUserBufferCopy                      0x08002945   Thumb Code    36  usb_mem.o(i.PMAToUserBufferCopy)
    PendSV_Handler                           0x0800296d   Thumb Code     2  at32f4xx_it.o(i.PendSV_Handler)
    Post0_Process                            0x08002971   Thumb Code    54  usb_core.o(i.Post0_Process)
    PowerOn                                  0x080029b9   Thumb Code    46  usb_pwr.o(i.PowerOn)
    RCC_AHBPeriphClockCmd                    0x080029f1   Thumb Code    26  at32f4xx_rcc.o(i.RCC_AHBPeriphClockCmd)
    RCC_APB1PeriphClockCmd                   0x08002a11   Thumb Code    26  at32f4xx_rcc.o(i.RCC_APB1PeriphClockCmd)
    RCC_APB1PeriphResetCmd                   0x08002a31   Thumb Code    26  at32f4xx_rcc.o(i.RCC_APB1PeriphResetCmd)
    RCC_APB2PeriphClockCmd                   0x08002a51   Thumb Code    26  at32f4xx_rcc.o(i.RCC_APB2PeriphClockCmd)
    RCC_APB2PeriphResetCmd                   0x08002a71   Thumb Code    26  at32f4xx_rcc.o(i.RCC_APB2PeriphResetCmd)
    RCC_GetClocksFreq                        0x08002a91   Thumb Code   300  at32f4xx_rcc.o(i.RCC_GetClocksFreq)
    RCC_HSI2USB48M                           0x08002bd9   Thumb Code    52  at32f4xx_rcc.o(i.RCC_HSI2USB48M)
    RCC_StepModeCmd                          0x08002c11   Thumb Code    32  at32f4xx_rcc.o(i.RCC_StepModeCmd)
    RCC_USBCLKConfig                         0x08002c35   Thumb Code    18  at32f4xx_rcc.o(i.RCC_USBCLKConfig)
    SPI_I2S_DMAEnable                        0x08002c4d   Thumb Code    18  at32f4xx_spi.o(i.SPI_I2S_DMAEnable)
    SPI_I2S_Reset                            0x08002c61   Thumb Code   102  at32f4xx_spi.o(i.SPI_I2S_Reset)
    SVC_Handler                              0x08002cd5   Thumb Code     2  at32f4xx_it.o(i.SVC_Handler)
    SetDeviceAddress                         0x08002cd9   Thumb Code    68  usb_core.o(i.SetDeviceAddress)
    SetEPDblBuf0Count                        0x08002d29   Thumb Code   100  usb_regs.o(i.SetEPDblBuf0Count)
    SetEPDblBuf1Count                        0x08002d95   Thumb Code   100  usb_regs.o(i.SetEPDblBuf1Count)
    SetEPDblBuffAddr                         0x08002e01   Thumb Code    50  usb_regs.o(i.SetEPDblBuffAddr)
    SetEPDblBuffCount                        0x08002e3d   Thumb Code   194  usb_regs.o(i.SetEPDblBuffCount)
    SetEPRxAddr                              0x08002f09   Thumb Code    28  usb_regs.o(i.SetEPRxAddr)
    SetEPRxCount                             0x08002f2d   Thumb Code    70  usb_regs.o(i.SetEPRxCount)
    SetEPRxStatus                            0x08002f7d   Thumb Code    60  usb_regs.o(i.SetEPRxStatus)
    SetEPRxValid                             0x08002fbd   Thumb Code    48  usb_regs.o(i.SetEPRxValid)
    SetEPTxAddr                              0x08002ff1   Thumb Code    26  usb_regs.o(i.SetEPTxAddr)
    SetEPTxCount                             0x08003015   Thumb Code    22  usb_regs.o(i.SetEPTxCount)
    SetEPTxStatus                            0x08003035   Thumb Code    60  usb_regs.o(i.SetEPTxStatus)
    SetEPType                                0x08003075   Thumb Code    32  usb_regs.o(i.SetEPType)
    Set_Freq_Command                         0x0800318d   Thumb Code    24  usb_prop.o(i.Set_Freq_Command)
    Set_USB768ByteMode                       0x080031ad   Thumb Code    20  usb_regs.o(i.Set_USB768ByteMode)
    Set_USBClock                             0x080031cd   Thumb Code   224  hw_config.o(i.Set_USBClock)
    Set_Volume_Command                       0x080032c1   Thumb Code    40  usb_prop.o(i.Set_Volume_Command)
    Setup0_Process                           0x080032f1   Thumb Code   176  usb_core.o(i.Setup0_Process)
    Standard_ClearFeature                    0x080033ad   Thumb Code   342  usb_core.o(i.Standard_ClearFeature)
    Standard_GetConfiguration                0x08003519   Thumb Code    34  usb_core.o(i.Standard_GetConfiguration)
    Standard_GetDescriptorData               0x08003545   Thumb Code    32  usb_core.o(i.Standard_GetDescriptorData)
    Standard_GetInterface                    0x08003569   Thumb Code    34  usb_core.o(i.Standard_GetInterface)
    Standard_GetStatus                       0x08003595   Thumb Code   238  usb_core.o(i.Standard_GetStatus)
    Standard_SetConfiguration                0x08003695   Thumb Code    60  usb_core.o(i.Standard_SetConfiguration)
    Standard_SetDeviceFeature                0x080036dd   Thumb Code    30  usb_core.o(i.Standard_SetDeviceFeature)
    Standard_SetEndPointFeature              0x08003705   Thumb Code   192  usb_core.o(i.Standard_SetEndPointFeature)
    Standard_SetInterface                    0x080037d5   Thumb Code    96  usb_core.o(i.Standard_SetInterface)
    SysTick_CLKSourceConfig                  0x08003841   Thumb Code    40  misc.o(i.SysTick_CLKSourceConfig)
    SystemInit                               0x08003869   Thumb Code   106  system_at32f4xx.o(i.SystemInit)
    TMR_Cmd                                  0x080038ed   Thumb Code    24  at32f4xx_tim.o(i.TMR_Cmd)
    TMR_CtrlPWMOutputs                       0x08003905   Thumb Code    30  at32f4xx_tim.o(i.TMR_CtrlPWMOutputs)
    TMR_OC1Init                              0x08003923   Thumb Code    98  at32f4xx_tim.o(i.TMR_OC1Init)
    TMR_OC1PreloadConfig                     0x08003985   Thumb Code    18  at32f4xx_tim.o(i.TMR_OC1PreloadConfig)
    TMR_OCStructInit                         0x08003997   Thumb Code    20  at32f4xx_tim.o(i.TMR_OCStructInit)
    TMR_TimeBaseInit                         0x080039ad   Thumb Code    72  at32f4xx_tim.o(i.TMR_TimeBaseInit)
    TMR_TimeBaseStructInit                   0x08003a09   Thumb Code    18  at32f4xx_tim.o(i.TMR_TimeBaseStructInit)
    ToggleDTOG_RX                            0x08003a1d   Thumb Code    34  usb_regs.o(i.ToggleDTOG_RX)
    ToggleDTOG_TX                            0x08003a45   Thumb Code    34  usb_regs.o(i.ToggleDTOG_TX)
    USBWakeUp_IRQHandler                     0x08003a6d   Thumb Code    12  at32f4xx_it.o(i.USBWakeUp_IRQHandler)
    USB_Audio_Data_Setup                     0x08003a79   Thumb Code   186  usb_prop.o(i.USB_Audio_Data_Setup)
    USB_Audio_GetConfigDescriptor            0x08003b59   Thumb Code    14  usb_prop.o(i.USB_Audio_GetConfigDescriptor)
    USB_Audio_GetDeviceDescriptor            0x08003b6d   Thumb Code    14  usb_prop.o(i.USB_Audio_GetDeviceDescriptor)
    USB_Audio_GetStringDescriptor            0x08003b81   Thumb Code    32  usb_prop.o(i.USB_Audio_GetStringDescriptor)
    USB_Audio_Get_Interface_Setting          0x08003ba9   Thumb Code    22  usb_prop.o(i.USB_Audio_Get_Interface_Setting)
    USB_Audio_NoData_Setup                   0x08003bbf   Thumb Code     6  usb_prop.o(i.USB_Audio_NoData_Setup)
    USB_Audio_Reset                          0x08003bc5   Thumb Code   306  usb_prop.o(i.USB_Audio_Reset)
    USB_Audio_SetConfiguration               0x08003d0d   Thumb Code    56  usb_prop.o(i.USB_Audio_SetConfiguration)
    USB_Audio_SetDeviceAddress               0x08003d51   Thumb Code     8  usb_prop.o(i.USB_Audio_SetDeviceAddress)
    USB_Audio_SetInterface                   0x08003d5d   Thumb Code     2  usb_prop.o(i.USB_Audio_SetInterface)
    USB_Audio_Status_In                      0x08003d61   Thumb Code   212  usb_prop.o(i.USB_Audio_Status_In)
    USB_Audio_Status_Out                     0x08003e45   Thumb Code     2  usb_prop.o(i.USB_Audio_Status_Out)
    USB_Audio_init                           0x08003e49   Thumb Code    30  usb_prop.o(i.USB_Audio_init)
    USB_HP_CAN1_TX_IRQHandler                0x08003e71   Thumb Code     8  at32f4xx_it.o(i.USB_HP_CAN1_TX_IRQHandler)
    USB_Init                                 0x08003e79   Thumb Code    36  usb_init.o(i.USB_Init)
    USB_Interrupts_Config                    0x08003eb5   Thumb Code   166  hw_config.o(i.USB_Interrupts_Config)
    USB_Istr                                 0x08003f5d   Thumb Code    62  usb_istr.o(i.USB_Istr)
    USB_LP_CAN1_RX0_IRQHandler               0x08003fad   Thumb Code     8  at32f4xx_it.o(i.USB_LP_CAN1_RX0_IRQHandler)
    USB_SIL_Init                             0x08003fb5   Thumb Code    28  usb_sil.o(i.USB_SIL_Init)
    UsageFault_Handler                       0x08003fd9   Thumb Code     4  at32f4xx_it.o(i.UsageFault_Handler)
    UserToPMABufferCopy                      0x08003fdd   Thumb Code    56  usb_mem.o(i.UserToPMABufferCopy)
    WM8988_GetMicrophoneBuffer               0x080040c9   Thumb Code     8  wm8988.o(i.WM8988_GetMicrophoneBuffer)
    WM8988_GetMicrophoneFrameLen             0x080040d1   Thumb Code     8  wm8988.o(i.WM8988_GetMicrophoneFrameLen)
    WM8988_Init                              0x080040d9   Thumb Code   130  wm8988.o(i.WM8988_Init)
    WM8988_Poll                              0x0800416d   Thumb Code   252  wm8988.o(i.WM8988_Poll)
    WM8988_SetADCMic_Mute                    0x08004289   Thumb Code    10  wm8988.o(i.WM8988_SetADCMic_Mute)
    WM8988_SetADCMic_Volume                  0x08004299   Thumb Code    10  wm8988.o(i.WM8988_SetADCMic_Volume)
    WM8988_SetDACSpk_Mute                    0x080042a9   Thumb Code    10  wm8988.o(i.WM8988_SetDACSpk_Mute)
    WM8988_SetDACSpk_Volume                  0x080042b9   Thumb Code    10  wm8988.o(i.WM8988_SetDACSpk_Volume)
    WM8988_Set_Freq                          0x080042c9   Thumb Code    76  wm8988.o(i.WM8988_Set_Freq)
    WM8988_WriteSpeakerBuffer                0x0800431d   Thumb Code    16  wm8988.o(i.WM8988_WriteSpeakerBuffer)
    main                                     0x0800432d   Thumb Code    64  main.o(i.main)
    _fp_init                                 0x0800436d   Thumb Code    10  fpinit.o(x$fpl$fpinit)
    __fplib_config_fpu_vfp                   0x08004375   Thumb Code     0  fpinit.o(x$fpl$fpinit)
    __fplib_config_pureend_doubles           0x08004375   Thumb Code     0  fpinit.o(x$fpl$fpinit)
    Audio_DeviceDescriptor                   0x08004376   Data          18  usb_desc.o(.constdata)
    Audio_ConfigDescriptor                   0x08004388   Data         201  usb_desc.o(.constdata)
    Audio_StringLangID                       0x08004451   Data           4  usb_desc.o(.constdata)
    Audio_StringVendor                       0x08004455   Data          36  usb_desc.o(.constdata)
    Audio_StringProduct                      0x08004479   Data          22  usb_desc.o(.constdata)
    Region$$Table$$Base                      0x08004490   Number         0  anon$$obj.o(Region$$Table)
    Region$$Table$$Limit                     0x080044b0   Number         0  anon$$obj.o(Region$$Table)
    ACC_C2_value                             0x20000000   Data           4  hw_config.o(.data)
    Audio_StringSerial                       0x20000004   Data          26  usb_desc.o(.data)
    wIstr                                    0x20000020   Data           2  usb_istr.o(.data)
    bIntPackSOF                              0x20000022   Data           1  usb_istr.o(.data)
    pEpInt_IN                                0x20000024   Data          28  usb_istr.o(.data)
    pEpInt_OUT                               0x20000040   Data          28  usb_istr.o(.data)
    MUTE_DATA                                0x2000005c   Data           4  usb_prop.o(.data)
    Device_Table                             0x20000060   Data           2  usb_prop.o(.data)
    Device_Property                          0x20000064   Data          48  usb_prop.o(.data)
    User_Standard_Requests                   0x20000094   Data          36  usb_prop.o(.data)
    Device_Descriptor                        0x200000b8   Data           8  usb_prop.o(.data)
    Config_Descriptor                        0x200000c0   Data           8  usb_prop.o(.data)
    String_Descriptor                        0x200000c8   Data          32  usb_prop.o(.data)
    usb_audio                                0x200000e8   Data          28  usb_prop.o(.data)
    bDeviceState                             0x20000104   Data           4  usb_pwr.o(.data)
    fSuspendEnabled                          0x20000108   Data           1  usb_pwr.o(.data)
    ResumeS                                  0x20000109   Data           2  usb_pwr.o(.data)
    SystemCoreClock                          0x2000010c   Data           4  system_at32f4xx.o(.data)
    AHBPscTable                              0x20000110   Data          16  system_at32f4xx.o(.data)
    u32AudioFreq                             0x20000120   Data           4  at32_audio_conf.o(.data)
    feed_back                                0x20000124   Data           3  at32_audio_conf.o(.data)
    LED_GPIO_PORT                            0x20000128   Data          16  at32_board.o(.data)
    LED_GPIO_PIN                             0x20000138   Data           8  at32_board.o(.data)
    LED_GPIO_RCC_CLK                         0x20000140   Data          16  at32_board.o(.data)
    BUTTON_GPIO_PORT                         0x20000150   Data           8  at32_board.o(.data)
    BUTTON_GPIO_PIN                          0x20000158   Data           4  at32_board.o(.data)
    BUTTON_GPIO_RCC_CLK                      0x2000015c   Data           8  at32_board.o(.data)
    StatusInfo                               0x2000016e   Data           2  usb_core.o(.data)
    Data_Mul_MaxPacketSize                   0x20000170   Data           1  usb_core.o(.data)
    EPindex                                  0x20000174   Data           1  usb_init.o(.data)
    pInformation                             0x20000178   Data           4  usb_init.o(.data)
    pProperty                                0x2000017c   Data           4  usb_init.o(.data)
    SaveState                                0x20000180   Data           2  usb_init.o(.data)
    wInterrupt_Mask                          0x20000182   Data           2  usb_init.o(.data)
    pUser_Standard_Requests                  0x20000184   Data           4  usb_init.o(.data)
    SaveRState                               0x20000188   Data           2  usb_int.o(.data)
    SaveTState                               0x2000018a   Data           2  usb_int.o(.data)
    PMAAddr                                  0x2000018c   Data           4  usb_regs.o(.data)
    i2s_conf                                 0x200001a0   Data          20  wm8988_i2s.o(.data)
    u16RegAddrData                           0x200001b4   Data          58  wm8988.o(.data)
    u16ADCVolume                             0x200001f8   Data           2  wm8988.o(.data)
    u16oldADCVolume                          0x200001fa   Data           2  wm8988.o(.data)
    u16DACVolume                             0x200001fc   Data           2  wm8988.o(.data)
    u16oldDACVolume                          0x200001fe   Data           2  wm8988.o(.data)
    u16ADCMute                               0x20000200   Data           2  wm8988.o(.data)
    u16oldADCMute                            0x20000202   Data           2  wm8988.o(.data)
    u16DACMute                               0x20000204   Data           2  wm8988.o(.data)
    u16oldDACMute                            0x20000206   Data           2  wm8988.o(.data)
    u32Freq                                  0x20000208   Data           4  wm8988.o(.data)
    u8EndPBuffer                             0x2000020c   Data         288  usb_endp.o(.bss)
    Device_Info                              0x2000032c   Data          28  usb_init.o(.bss)
    I2S_FiFoSpeaker                          0x20000348   Data        8072  wm8988_i2s.o(.bss)
    I2S1_SpeakerBuffer                       0x200022d0   Data         584  wm8988_i2s.o(.bss)
    I2S2_MicrophoneBuffer                    0x20002518   Data         584  wm8988_i2s.o(.bss)
    I2S_InitStructure                        0x20002760   Data          16  wm8988_i2s.o(.bss)
    DMA_InitStructure                        0x20002770   Data          44  wm8988_i2s.o(.bss)
    u8ZeroBuffer                             0x2000279c   Data         288  wm8988_i2s.o(.bss)
    __libspace_start                         0x200028bc   Data          96  libspace.o(.bss)
    __temporary_stack_top$libspace           0x2000291c   Data           0  libspace.o(.bss)



==============================================================================

Memory Map of the image

  Image Entry point : 0x0800017d

  Load Region LR_IROM1 (Base: 0x08000000, Size: 0x000046bc, Max: 0x00100000, ABSOLUTE, COMPRESSED[0x000045bc])

    Execution Region ER_IROM1 (Exec base: 0x08000000, Load base: 0x08000000, Size: 0x000044b0, Max: 0x00100000, ABSOLUTE)

    Exec Addr    Load Addr    Size         Type   Attr      Idx    E Section Name        Object

    0x08000000   0x08000000   0x0000017c   Data   RO          792    RESET               startup_at32f403avgt7.o
    0x0800017c   0x0800017c   0x00000008   Code   RO         3969  * !!!main             c_w.l(__main.o)
    0x08000184   0x08000184   0x00000034   Code   RO         4128    !!!scatter          c_w.l(__scatter.o)
    0x080001b8   0x080001b8   0x0000005a   Code   RO         4126    !!dczerorl2         c_w.l(__dczerorl2.o)
    0x08000212   0x08000212   0x00000002   PAD
    0x08000214   0x08000214   0x0000001c   Code   RO         4130    !!handler_zi        c_w.l(__scatter_zi.o)
    0x08000230   0x08000230   0x00000002   Code   RO         3996    .ARM.Collect$$libinit$$00000000  c_w.l(libinit.o)
    0x08000232   0x08000232   0x00000004   Code   RO         4002    .ARM.Collect$$libinit$$00000001  c_w.l(libinit2.o)
    0x08000236   0x08000236   0x00000000   Code   RO         4005    .ARM.Collect$$libinit$$00000004  c_w.l(libinit2.o)
    0x08000236   0x08000236   0x00000000   Code   RO         4008    .ARM.Collect$$libinit$$0000000A  c_w.l(libinit2.o)
    0x08000236   0x08000236   0x00000000   Code   RO         4010    .ARM.Collect$$libinit$$0000000C  c_w.l(libinit2.o)
    0x08000236   0x08000236   0x00000000   Code   RO         4012    .ARM.Collect$$libinit$$0000000E  c_w.l(libinit2.o)
    0x08000236   0x08000236   0x00000000   Code   RO         4015    .ARM.Collect$$libinit$$00000011  c_w.l(libinit2.o)
    0x08000236   0x08000236   0x00000000   Code   RO         4017    .ARM.Collect$$libinit$$00000013  c_w.l(libinit2.o)
    0x08000236   0x08000236   0x00000000   Code   RO         4019    .ARM.Collect$$libinit$$00000015  c_w.l(libinit2.o)
    0x08000236   0x08000236   0x00000000   Code   RO         4021    .ARM.Collect$$libinit$$00000017  c_w.l(libinit2.o)
    0x08000236   0x08000236   0x00000000   Code   RO         4023    .ARM.Collect$$libinit$$00000019  c_w.l(libinit2.o)
    0x08000236   0x08000236   0x00000000   Code   RO         4025    .ARM.Collect$$libinit$$0000001B  c_w.l(libinit2.o)
    0x08000236   0x08000236   0x00000000   Code   RO         4027    .ARM.Collect$$libinit$$0000001D  c_w.l(libinit2.o)
    0x08000236   0x08000236   0x00000000   Code   RO         4029    .ARM.Collect$$libinit$$0000001F  c_w.l(libinit2.o)
    0x08000236   0x08000236   0x00000000   Code   RO         4031    .ARM.Collect$$libinit$$00000021  c_w.l(libinit2.o)
    0x08000236   0x08000236   0x00000000   Code   RO         4033    .ARM.Collect$$libinit$$00000023  c_w.l(libinit2.o)
    0x08000236   0x08000236   0x00000000   Code   RO         4035    .ARM.Collect$$libinit$$00000025  c_w.l(libinit2.o)
    0x08000236   0x08000236   0x00000000   Code   RO         4039    .ARM.Collect$$libinit$$0000002C  c_w.l(libinit2.o)
    0x08000236   0x08000236   0x00000000   Code   RO         4041    .ARM.Collect$$libinit$$0000002E  c_w.l(libinit2.o)
    0x08000236   0x08000236   0x00000000   Code   RO         4043    .ARM.Collect$$libinit$$00000030  c_w.l(libinit2.o)
    0x08000236   0x08000236   0x00000000   Code   RO         4045    .ARM.Collect$$libinit$$00000032  c_w.l(libinit2.o)
    0x08000236   0x08000236   0x00000002   Code   RO         4046    .ARM.Collect$$libinit$$00000033  c_w.l(libinit2.o)
    0x08000238   0x08000238   0x00000002   Code   RO         4066    .ARM.Collect$$libshutdown$$00000000  c_w.l(libshutdown.o)
    0x0800023a   0x0800023a   0x00000000   Code   RO         4079    .ARM.Collect$$libshutdown$$00000002  c_w.l(libshutdown2.o)
    0x0800023a   0x0800023a   0x00000000   Code   RO         4081    .ARM.Collect$$libshutdown$$00000004  c_w.l(libshutdown2.o)
    0x0800023a   0x0800023a   0x00000000   Code   RO         4084    .ARM.Collect$$libshutdown$$00000007  c_w.l(libshutdown2.o)
    0x0800023a   0x0800023a   0x00000000   Code   RO         4087    .ARM.Collect$$libshutdown$$0000000A  c_w.l(libshutdown2.o)
    0x0800023a   0x0800023a   0x00000000   Code   RO         4089    .ARM.Collect$$libshutdown$$0000000C  c_w.l(libshutdown2.o)
    0x0800023a   0x0800023a   0x00000000   Code   RO         4092    .ARM.Collect$$libshutdown$$0000000F  c_w.l(libshutdown2.o)
    0x0800023a   0x0800023a   0x00000002   Code   RO         4093    .ARM.Collect$$libshutdown$$00000010  c_w.l(libshutdown2.o)
    0x0800023c   0x0800023c   0x00000000   Code   RO         3971    .ARM.Collect$$rtentry$$00000000  c_w.l(__rtentry.o)
    0x0800023c   0x0800023c   0x00000000   Code   RO         3973    .ARM.Collect$$rtentry$$00000002  c_w.l(__rtentry2.o)
    0x0800023c   0x0800023c   0x00000006   Code   RO         3985    .ARM.Collect$$rtentry$$00000004  c_w.l(__rtentry4.o)
    0x08000242   0x08000242   0x00000000   Code   RO         3975    .ARM.Collect$$rtentry$$00000009  c_w.l(__rtentry2.o)
    0x08000242   0x08000242   0x00000004   Code   RO         3976    .ARM.Collect$$rtentry$$0000000A  c_w.l(__rtentry2.o)
    0x08000246   0x08000246   0x00000000   Code   RO         3978    .ARM.Collect$$rtentry$$0000000C  c_w.l(__rtentry2.o)
    0x08000246   0x08000246   0x00000008   Code   RO         3979    .ARM.Collect$$rtentry$$0000000D  c_w.l(__rtentry2.o)
    0x0800024e   0x0800024e   0x00000002   Code   RO         4000    .ARM.Collect$$rtexit$$00000000  c_w.l(rtexit.o)
    0x08000250   0x08000250   0x00000000   Code   RO         4048    .ARM.Collect$$rtexit$$00000002  c_w.l(rtexit2.o)
    0x08000250   0x08000250   0x00000004   Code   RO         4049    .ARM.Collect$$rtexit$$00000003  c_w.l(rtexit2.o)
    0x08000254   0x08000254   0x00000006   Code   RO         4050    .ARM.Collect$$rtexit$$00000004  c_w.l(rtexit2.o)
    0x0800025a   0x0800025a   0x00000002   PAD
    0x0800025c   0x0800025c   0x00000040   Code   RO          793    .text               startup_at32f403avgt7.o
    0x0800029c   0x0800029c   0x00000006   Code   RO         3967    .text               c_w.l(heapauxi.o)
    0x080002a2   0x080002a2   0x0000004a   Code   RO         3987    .text               c_w.l(sys_stackheap_outer.o)
    0x080002ec   0x080002ec   0x00000012   Code   RO         3989    .text               c_w.l(exit.o)
    0x080002fe   0x080002fe   0x00000002   PAD
    0x08000300   0x08000300   0x00000008   Code   RO         3997    .text               c_w.l(libspace.o)
    0x08000308   0x08000308   0x0000000c   Code   RO         4058    .text               c_w.l(sys_exit.o)
    0x08000314   0x08000314   0x00000002   Code   RO         4069    .text               c_w.l(use_no_semi.o)
    0x08000316   0x08000316   0x00000000   Code   RO         4071    .text               c_w.l(indicate_semi.o)
    0x08000316   0x08000316   0x00000002   PAD
    0x08000318   0x08000318   0x00000028   Code   RO         3628    i.ACC_ClearFlag     at32f4xx_acc.o
    0x08000340   0x08000340   0x00000010   Code   RO         3629    i.ACC_EnterCALMode  at32f4xx_acc.o
    0x08000350   0x08000350   0x00000018   Code   RO         3631    i.ACC_GetFlagStatus  at32f4xx_acc.o
    0x08000368   0x08000368   0x00000022   Code   RO          601    i.ACC_IRQHandler    at32f4xx_it.o
    0x0800038a   0x0800038a   0x00000002   PAD
    0x0800038c   0x0800038c   0x00000024   Code   RO         3634    i.ACC_ITConfig      at32f4xx_acc.o
    0x080003b0   0x080003b0   0x0000000c   Code   RO         3639    i.ACC_WriteC1       at32f4xx_acc.o
    0x080003bc   0x080003bc   0x0000000c   Code   RO         3640    i.ACC_WriteC2       at32f4xx_acc.o
    0x080003c8   0x080003c8   0x0000000c   Code   RO         3641    i.ACC_WriteC3       at32f4xx_acc.o
    0x080003d4   0x080003d4   0x00000040   Code   RO          800    i.AT32_BUTTON_Init  at32_board.o
    0x08000414   0x08000414   0x00000038   Code   RO          803    i.AT32_Board_Init   at32_board.o
    0x0800044c   0x0800044c   0x0000008c   Code   RO         3736    i.AT32_I2C_Init     wm8988_i2c.o
    0x080004d8   0x080004d8   0x0000002c   Code   RO         3738    i.AT32_I2C_Timeout  wm8988_i2c.o
    0x08000504   0x08000504   0x00000098   Code   RO         3739    i.AT32_I2C_WriteReg  wm8988_i2c.o
    0x0800059c   0x0800059c   0x0000000c   Code   RO         3788    i.AT32_I2S1_GetMicrophoneBuffer  wm8988_i2s.o
    0x080005a8   0x080005a8   0x0000000c   Code   RO         3789    i.AT32_I2S1_GetMicrophoneFrameLen  wm8988_i2s.o
    0x080005b4   0x080005b4   0x00000014   Code   RO         3790    i.AT32_I2S1_GetNbyteDataSend  wm8988_i2s.o
    0x080005c8   0x080005c8   0x0000005c   Code   RO         3793    i.AT32_I2S1_WriteDataToSpkFifoBuffer  wm8988_i2s.o
    0x08000624   0x08000624   0x000002dc   Code   RO         3794    i.AT32_I2S_Init     wm8988_i2s.o
    0x08000900   0x08000900   0x00000048   Code   RO          804    i.AT32_LEDn_Init    at32_board.o
    0x08000948   0x08000948   0x00000028   Code   RO          805    i.AT32_LEDn_OFF     at32_board.o
    0x08000970   0x08000970   0x00000034   Code   RO          807    i.AT32_LEDn_Toggle  at32_board.o
    0x080009a4   0x080009a4   0x00000190   Code   RO         3795    i.AT32_SetI2S_FREQ  wm8988_i2s.o
    0x08000b34   0x08000b34   0x0000003c   Code   RO          808    i.AT32_USB_GPIO_init  at32_board.o
    0x08000b70   0x08000b70   0x00000008   Code   RO          694    i.Audio_GetMicrophoneBuffer  at32_audio_conf.o
    0x08000b78   0x08000b78   0x00000008   Code   RO          695    i.Audio_GetMicrophoneLen  at32_audio_conf.o
    0x08000b80   0x08000b80   0x000000c4   Code   RO          697    i.Audio_GetSpeakerFeedback  at32_audio_conf.o
    0x08000c44   0x08000c44   0x00000020   Code   RO          698    i.Audio_Init        at32_audio_conf.o
    0x08000c64   0x08000c64   0x00000018   Code   RO          699    i.Audio_SetFreq     at32_audio_conf.o
    0x08000c7c   0x08000c7c   0x0000000c   Code   RO          700    i.Audio_SetMute_Microphone  at32_audio_conf.o
    0x08000c88   0x08000c88   0x0000000c   Code   RO          701    i.Audio_SetMute_Speaker  at32_audio_conf.o
    0x08000c94   0x08000c94   0x0000000c   Code   RO          703    i.Audio_SetVolume_Microphone  at32_audio_conf.o
    0x08000ca0   0x08000ca0   0x0000000c   Code   RO          704    i.Audio_SetVolume_Speaker  at32_audio_conf.o
    0x08000cac   0x08000cac   0x00000010   Code   RO          705    i.Audio_WriteDataToSpeakerBuffer  at32_audio_conf.o
    0x08000cbc   0x08000cbc   0x00000004   Code   RO          602    i.BusFault_Handler  at32f4xx_it.o
    0x08000cc0   0x08000cc0   0x0000000c   Code   RO         1153    i.ByteSwap          usb_regs.o
    0x08000ccc   0x08000ccc   0x000000d0   Code   RO         1081    i.CTR_HP            usb_int.o
    0x08000d9c   0x08000d9c   0x00000288   Code   RO         1082    i.CTR_LP            usb_int.o
    0x08001024   0x08001024   0x00000034   Code   RO         1154    i.ClearDTOG_RX      usb_regs.o
    0x08001058   0x08001058   0x00000034   Code   RO         1155    i.ClearDTOG_TX      usb_regs.o
    0x0800108c   0x0800108c   0x00000028   Code   RO         1160    i.Clear_Status_Out  usb_regs.o
    0x080010b4   0x080010b4   0x000000f0   Code   RO         3796    i.DMA1_Channel3_IRQHandler  wm8988_i2s.o
    0x080011a4   0x080011a4   0x0000007c   Code   RO         3797    i.DMA1_Channel4_IRQHandler  wm8988_i2s.o
    0x08001220   0x08001220   0x00000018   Code   RO         1952    i.DMA_ChannelEnable  at32f4xx_dma.o
    0x08001238   0x08001238   0x0000001c   Code   RO         1954    i.DMA_ClearITPendingBit  at32f4xx_dma.o
    0x08001254   0x08001254   0x0000002c   Code   RO         1959    i.DMA_GetITStatus   at32f4xx_dma.o
    0x08001280   0x08001280   0x00000012   Code   RO         1960    i.DMA_INTConfig     at32f4xx_dma.o
    0x08001292   0x08001292   0x0000003c   Code   RO         1961    i.DMA_Init          at32f4xx_dma.o
    0x080012ce   0x080012ce   0x00000002   PAD
    0x080012d0   0x080012d0   0x0000014c   Code   RO         1962    i.DMA_Reset         at32f4xx_dma.o
    0x0800141c   0x0800141c   0x000000c0   Code   RO          915    i.DataStageIn       usb_core.o
    0x080014dc   0x080014dc   0x000000b0   Code   RO          916    i.DataStageOut      usb_core.o
    0x0800158c   0x0800158c   0x00000298   Code   RO          917    i.Data_Setup0       usb_core.o
    0x08001824   0x08001824   0x00000002   Code   RO          603    i.DebugMon_Handler  at32f4xx_it.o
    0x08001826   0x08001826   0x00000002   PAD
    0x08001828   0x08001828   0x0000004c   Code   RO          809    i.Delay_init        at32_board.o
    0x08001874   0x08001874   0x00000098   Code   RO          810    i.Delay_ms          at32_board.o
    0x0800190c   0x0800190c   0x00000058   Code   RO          489    i.EP1_IN_Callback   usb_endp.o
    0x08001964   0x08001964   0x0000004c   Code   RO          490    i.EP2_OUT_Callback  usb_endp.o
    0x080019b0   0x080019b0   0x0000004e   Code   RO          491    i.EP3_IN_Callback   usb_endp.o
    0x080019fe   0x080019fe   0x00000002   PAD
    0x08001a00   0x08001a00   0x0000000c   Code   RO         2043    i.EXTI_ClearIntPendingBit  at32f4xx_exti.o
    0x08001a0c   0x08001a0c   0x00000094   Code   RO         2047    i.EXTI_Init         at32f4xx_exti.o
    0x08001aa0   0x08001aa0   0x00000054   Code   RO         1162    i.FreeUserBuffer    usb_regs.o
    0x08001af4   0x08001af4   0x00000116   Code   RO         2113    i.GPIO_Init         at32f4xx_gpio.o
    0x08001c0a   0x08001c0a   0x00000002   PAD
    0x08001c0c   0x08001c0c   0x00000570   Code   RO         2115    i.GPIO_PinsRemapConfig  at32f4xx_gpio.o
    0x0800217c   0x0800217c   0x00000004   Code   RO         2121    i.GPIO_ResetBits    at32f4xx_gpio.o
    0x08002180   0x08002180   0x00000010   Code   RO         2123    i.GPIO_StructInit   at32f4xx_gpio.o
    0x08002190   0x08002190   0x00000014   Code   RO         1166    i.GetENDPOINT       usb_regs.o
    0x080021a4   0x080021a4   0x00000024   Code   RO         1169    i.GetEPDblBuf0Count  usb_regs.o
    0x080021c8   0x080021c8   0x00000024   Code   RO         1171    i.GetEPDblBuf1Count  usb_regs.o
    0x080021ec   0x080021ec   0x00000024   Code   RO         1173    i.GetEPRxAddr       usb_regs.o
    0x08002210   0x08002210   0x00000020   Code   RO         1176    i.GetEPTxAddr       usb_regs.o
    0x08002230   0x08002230   0x00000030   Code   RO          286    i.Get_CurVolume_Command  usb_prop.o
    0x08002260   0x08002260   0x00000030   Code   RO          287    i.Get_MaxVolume_Command  usb_prop.o
    0x08002290   0x08002290   0x00000030   Code   RO          288    i.Get_MinVolume_Command  usb_prop.o
    0x080022c0   0x080022c0   0x00000030   Code   RO          289    i.Get_ResVolume_Command  usb_prop.o
    0x080022f0   0x080022f0   0x00000034   Code   RO            5    i.Get_SerialNum     hw_config.o
    0x08002324   0x08002324   0x00000004   Code   RO          604    i.HardFault_Handler  at32f4xx_it.o
    0x08002328   0x08002328   0x0000002a   Code   RO         2241    i.I2C_CheckEvent    at32f4xx_i2c.o
    0x08002352   0x08002352   0x00000018   Code   RO         2244    i.I2C_Cmd           at32f4xx_i2c.o
    0x0800236a   0x0800236a   0x00000002   PAD
    0x0800236c   0x0800236c   0x00000040   Code   RO         2247    i.I2C_DeInit        at32f4xx_i2c.o
    0x080023ac   0x080023ac   0x0000000c   Code   RO         3740    i.I2C_Delay         wm8988_i2c.o
    0x080023b8   0x080023b8   0x00000018   Code   RO         2251    i.I2C_GenerateSTART  at32f4xx_i2c.o
    0x080023d0   0x080023d0   0x00000018   Code   RO         2252    i.I2C_GenerateSTOP  at32f4xx_i2c.o
    0x080023e8   0x080023e8   0x0000003a   Code   RO         2253    i.I2C_GetFlagStatus  at32f4xx_i2c.o
    0x08002422   0x08002422   0x00000002   PAD
    0x08002424   0x08002424   0x000000e8   Code   RO         2258    i.I2C_Init          at32f4xx_i2c.o
    0x0800250c   0x0800250c   0x00000012   Code   RO         2265    i.I2C_Send7bitAddress  at32f4xx_i2c.o
    0x0800251e   0x0800251e   0x00000004   Code   RO         2266    i.I2C_SendData      at32f4xx_i2c.o
    0x08002522   0x08002522   0x00000014   Code   RO         2713    i.I2S_DefaultInit   at32f4xx_spi.o
    0x08002536   0x08002536   0x00000018   Code   RO         2714    i.I2S_Enable        at32f4xx_spi.o
    0x0800254e   0x0800254e   0x00000002   PAD
    0x08002550   0x08002550   0x00000100   Code   RO         2715    i.I2S_Init          at32f4xx_spi.o
    0x08002650   0x08002650   0x00000070   Code   RO          918    i.In0_Process       usb_core.o
    0x080026c0   0x080026c0   0x0000003e   Code   RO            6    i.IntToUnicode      hw_config.o
    0x080026fe   0x080026fe   0x00000004   Code   RO          605    i.MemManage_Handler  at32f4xx_it.o
    0x08002702   0x08002702   0x00000002   PAD
    0x08002704   0x08002704   0x00000030   Code   RO          290    i.Mute_Command      usb_prop.o
    0x08002734   0x08002734   0x00000002   Code   RO          606    i.NMI_Handler       at32f4xx_it.o
    0x08002736   0x08002736   0x00000002   Code   RO          919    i.NOP_Process       usb_core.o
    0x08002738   0x08002738   0x00000070   Code   RO         1580    i.NVIC_Init         misc.o
    0x080027a8   0x080027a8   0x00000014   Code   RO         1581    i.NVIC_PriorityGroupConfig  misc.o
    0x080027bc   0x080027bc   0x00000138   Code   RO          920    i.NoData_Setup0     usb_core.o
    0x080028f4   0x080028f4   0x00000050   Code   RO          921    i.Out0_Process      usb_core.o
    0x08002944   0x08002944   0x00000028   Code   RO         1123    i.PMAToUserBufferCopy  usb_mem.o
    0x0800296c   0x0800296c   0x00000002   Code   RO          607    i.PendSV_Handler    at32f4xx_it.o
    0x0800296e   0x0800296e   0x00000002   PAD
    0x08002970   0x08002970   0x00000048   Code   RO          922    i.Post0_Process     usb_core.o
    0x080029b8   0x080029b8   0x00000038   Code   RO          436    i.PowerOn           usb_pwr.o
    0x080029f0   0x080029f0   0x00000020   Code   RO         2456    i.RCC_AHBPeriphClockCmd  at32f4xx_rcc.o
    0x08002a10   0x08002a10   0x00000020   Code   RO         2459    i.RCC_APB1PeriphClockCmd  at32f4xx_rcc.o
    0x08002a30   0x08002a30   0x00000020   Code   RO         2460    i.RCC_APB1PeriphResetCmd  at32f4xx_rcc.o
    0x08002a50   0x08002a50   0x00000020   Code   RO         2462    i.RCC_APB2PeriphClockCmd  at32f4xx_rcc.o
    0x08002a70   0x08002a70   0x00000020   Code   RO         2463    i.RCC_APB2PeriphResetCmd  at32f4xx_rcc.o
    0x08002a90   0x08002a90   0x00000148   Code   RO         2468    i.RCC_GetClocksFreq  at32f4xx_rcc.o
    0x08002bd8   0x08002bd8   0x00000038   Code   RO         2476    i.RCC_HSI2USB48M    at32f4xx_rcc.o
    0x08002c10   0x08002c10   0x00000024   Code   RO         2490    i.RCC_StepModeCmd   at32f4xx_rcc.o
    0x08002c34   0x08002c34   0x00000018   Code   RO         2491    i.RCC_USBCLKConfig  at32f4xx_rcc.o
    0x08002c4c   0x08002c4c   0x00000012   Code   RO         2725    i.SPI_I2S_DMAEnable  at32f4xx_spi.o
    0x08002c5e   0x08002c5e   0x00000002   PAD
    0x08002c60   0x08002c60   0x00000074   Code   RO         2729    i.SPI_I2S_Reset     at32f4xx_spi.o
    0x08002cd4   0x08002cd4   0x00000002   Code   RO          608    i.SVC_Handler       at32f4xx_it.o
    0x08002cd6   0x08002cd6   0x00000002   PAD
    0x08002cd8   0x08002cd8   0x00000050   Code   RO          923    i.SetDeviceAddress  usb_core.o
    0x08002d28   0x08002d28   0x0000006c   Code   RO         1192    i.SetEPDblBuf0Count  usb_regs.o
    0x08002d94   0x08002d94   0x0000006c   Code   RO         1194    i.SetEPDblBuf1Count  usb_regs.o
    0x08002e00   0x08002e00   0x0000003c   Code   RO         1195    i.SetEPDblBuffAddr  usb_regs.o
    0x08002e3c   0x08002e3c   0x000000cc   Code   RO         1196    i.SetEPDblBuffCount  usb_regs.o
    0x08002f08   0x08002f08   0x00000024   Code   RO         1198    i.SetEPRxAddr       usb_regs.o
    0x08002f2c   0x08002f2c   0x00000050   Code   RO         1199    i.SetEPRxCount      usb_regs.o
    0x08002f7c   0x08002f7c   0x00000040   Code   RO         1200    i.SetEPRxStatus     usb_regs.o
    0x08002fbc   0x08002fbc   0x00000034   Code   RO         1201    i.SetEPRxValid      usb_regs.o
    0x08002ff0   0x08002ff0   0x00000024   Code   RO         1202    i.SetEPTxAddr       usb_regs.o
    0x08003014   0x08003014   0x00000020   Code   RO         1203    i.SetEPTxCount      usb_regs.o
    0x08003034   0x08003034   0x00000040   Code   RO         1204    i.SetEPTxStatus     usb_regs.o
    0x08003074   0x08003074   0x00000024   Code   RO         1206    i.SetEPType         usb_regs.o
    0x08003098   0x08003098   0x00000008   Code   RO          555    i.SetSysClock       system_at32f4xx.o
    0x080030a0   0x080030a0   0x000000ec   Code   RO          556    i.SetSysClockTo192M  system_at32f4xx.o
    0x0800318c   0x0800318c   0x00000020   Code   RO          291    i.Set_Freq_Command  usb_prop.o
    0x080031ac   0x080031ac   0x00000020   Code   RO         1210    i.Set_USB768ByteMode  usb_regs.o
    0x080031cc   0x080031cc   0x000000f4   Code   RO            8    i.Set_USBClock      hw_config.o
    0x080032c0   0x080032c0   0x00000030   Code   RO          292    i.Set_Volume_Command  usb_prop.o
    0x080032f0   0x080032f0   0x000000bc   Code   RO          924    i.Setup0_Process    usb_core.o
    0x080033ac   0x080033ac   0x0000016c   Code   RO          925    i.Standard_ClearFeature  usb_core.o
    0x08003518   0x08003518   0x0000002c   Code   RO          926    i.Standard_GetConfiguration  usb_core.o
    0x08003544   0x08003544   0x00000024   Code   RO          927    i.Standard_GetDescriptorData  usb_core.o
    0x08003568   0x08003568   0x0000002c   Code   RO          928    i.Standard_GetInterface  usb_core.o
    0x08003594   0x08003594   0x00000100   Code   RO          929    i.Standard_GetStatus  usb_core.o
    0x08003694   0x08003694   0x00000048   Code   RO          930    i.Standard_SetConfiguration  usb_core.o
    0x080036dc   0x080036dc   0x00000028   Code   RO          931    i.Standard_SetDeviceFeature  usb_core.o
    0x08003704   0x08003704   0x000000d0   Code   RO          932    i.Standard_SetEndPointFeature  usb_core.o
    0x080037d4   0x080037d4   0x0000006c   Code   RO          933    i.Standard_SetInterface  usb_core.o
    0x08003840   0x08003840   0x00000028   Code   RO         1584    i.SysTick_CLKSourceConfig  misc.o
    0x08003868   0x08003868   0x00000084   Code   RO          558    i.SystemInit        system_at32f4xx.o
    0x080038ec   0x080038ec   0x00000018   Code   RO         2885    i.TMR_Cmd           at32f4xx_tim.o
    0x08003904   0x08003904   0x0000001e   Code   RO         2887    i.TMR_CtrlPWMOutputs  at32f4xx_tim.o
    0x08003922   0x08003922   0x00000062   Code   RO         2914    i.TMR_OC1Init       at32f4xx_tim.o
    0x08003984   0x08003984   0x00000012   Code   RO         2917    i.TMR_OC1PreloadConfig  at32f4xx_tim.o
    0x08003996   0x08003996   0x00000014   Code   RO         2932    i.TMR_OCStructInit  at32f4xx_tim.o
    0x080039aa   0x080039aa   0x00000002   PAD
    0x080039ac   0x080039ac   0x0000005c   Code   RO         2957    i.TMR_TimeBaseInit  at32f4xx_tim.o
    0x08003a08   0x08003a08   0x00000012   Code   RO         2958    i.TMR_TimeBaseStructInit  at32f4xx_tim.o
    0x08003a1a   0x08003a1a   0x00000002   PAD
    0x08003a1c   0x08003a1c   0x00000028   Code   RO         1212    i.ToggleDTOG_RX     usb_regs.o
    0x08003a44   0x08003a44   0x00000028   Code   RO         1213    i.ToggleDTOG_TX     usb_regs.o
    0x08003a6c   0x08003a6c   0x0000000c   Code   RO          609    i.USBWakeUp_IRQHandler  at32f4xx_it.o
    0x08003a78   0x08003a78   0x000000e0   Code   RO          293    i.USB_Audio_Data_Setup  usb_prop.o
    0x08003b58   0x08003b58   0x00000014   Code   RO          294    i.USB_Audio_GetConfigDescriptor  usb_prop.o
    0x08003b6c   0x08003b6c   0x00000014   Code   RO          295    i.USB_Audio_GetDeviceDescriptor  usb_prop.o
    0x08003b80   0x08003b80   0x00000028   Code   RO          296    i.USB_Audio_GetStringDescriptor  usb_prop.o
    0x08003ba8   0x08003ba8   0x00000016   Code   RO          297    i.USB_Audio_Get_Interface_Setting  usb_prop.o
    0x08003bbe   0x08003bbe   0x00000006   Code   RO          298    i.USB_Audio_NoData_Setup  usb_prop.o
    0x08003bc4   0x08003bc4   0x00000148   Code   RO          299    i.USB_Audio_Reset   usb_prop.o
    0x08003d0c   0x08003d0c   0x00000044   Code   RO          300    i.USB_Audio_SetConfiguration  usb_prop.o
    0x08003d50   0x08003d50   0x0000000c   Code   RO          301    i.USB_Audio_SetDeviceAddress  usb_prop.o
    0x08003d5c   0x08003d5c   0x00000002   Code   RO          302    i.USB_Audio_SetInterface  usb_prop.o
    0x08003d5e   0x08003d5e   0x00000002   PAD
    0x08003d60   0x08003d60   0x000000e4   Code   RO          303    i.USB_Audio_Status_In  usb_prop.o
    0x08003e44   0x08003e44   0x00000002   Code   RO          304    i.USB_Audio_Status_Out  usb_prop.o
    0x08003e46   0x08003e46   0x00000002   PAD
    0x08003e48   0x08003e48   0x00000028   Code   RO          305    i.USB_Audio_init    usb_prop.o
    0x08003e70   0x08003e70   0x00000008   Code   RO          610    i.USB_HP_CAN1_TX_IRQHandler  at32f4xx_it.o
    0x08003e78   0x08003e78   0x0000003c   Code   RO         1046    i.USB_Init          usb_init.o
    0x08003eb4   0x08003eb4   0x000000a6   Code   RO            9    i.USB_Interrupts_Config  hw_config.o
    0x08003f5a   0x08003f5a   0x00000002   PAD
    0x08003f5c   0x08003f5c   0x00000050   Code   RO          244    i.USB_Istr          usb_istr.o
    0x08003fac   0x08003fac   0x00000008   Code   RO          611    i.USB_LP_CAN1_RX0_IRQHandler  at32f4xx_it.o
    0x08003fb4   0x08003fb4   0x00000024   Code   RO         1544    i.USB_SIL_Init      usb_sil.o
    0x08003fd8   0x08003fd8   0x00000004   Code   RO          612    i.UsageFault_Handler  at32f4xx_it.o
    0x08003fdc   0x08003fdc   0x0000003c   Code   RO         1124    i.UserToPMABufferCopy  usb_mem.o
    0x08004018   0x08004018   0x000000b0   Code   RO         3870    i.WM8988_Clk_TMR1_Init  wm8988.o
    0x080040c8   0x080040c8   0x00000008   Code   RO         3871    i.WM8988_GetMicrophoneBuffer  wm8988.o
    0x080040d0   0x080040d0   0x00000008   Code   RO         3872    i.WM8988_GetMicrophoneFrameLen  wm8988.o
    0x080040d8   0x080040d8   0x00000094   Code   RO         3874    i.WM8988_Init       wm8988.o
    0x0800416c   0x0800416c   0x0000011c   Code   RO         3875    i.WM8988_Poll       wm8988.o
    0x08004288   0x08004288   0x00000010   Code   RO         3876    i.WM8988_SetADCMic_Mute  wm8988.o
    0x08004298   0x08004298   0x00000010   Code   RO         3877    i.WM8988_SetADCMic_Volume  wm8988.o
    0x080042a8   0x080042a8   0x00000010   Code   RO         3878    i.WM8988_SetDACSpk_Mute  wm8988.o
    0x080042b8   0x080042b8   0x00000010   Code   RO         3879    i.WM8988_SetDACSpk_Volume  wm8988.o
    0x080042c8   0x080042c8   0x00000054   Code   RO         3881    i.WM8988_Set_Freq   wm8988.o
    0x0800431c   0x0800431c   0x00000010   Code   RO         3882    i.WM8988_WriteSpeakerBuffer  wm8988.o
    0x0800432c   0x0800432c   0x00000040   Code   RO          528    i.main              main.o
    0x0800436c   0x0800436c   0x0000000a   Code   RO         4056    x$fpl$fpinit        fz_wm.l(fpinit.o)
    0x08004376   0x08004376   0x00000119   Data   RO          218    .constdata          usb_desc.o
    0x0800448f   0x0800448f   0x00000001   PAD
    0x08004490   0x08004490   0x00000020   Data   RO         4124    Region$$Table       anon$$obj.o


    Execution Region RW_IRAM1 (Exec base: 0x20000000, Load base: 0x080044b0, Size: 0x00002f20, Max: 0x00038000, ABSOLUTE, COMPRESSED[0x0000010c])

    Exec Addr    Load Addr    Size         Type   Attr      Idx    E Section Name        Object

    0x20000000   COMPRESSED   0x00000004   Data   RW           10    .data               hw_config.o
    0x20000004   COMPRESSED   0x0000001a   Data   RW          219    .data               usb_desc.o
    0x2000001e   COMPRESSED   0x00000002   PAD
    0x20000020   COMPRESSED   0x0000003c   Data   RW          245    .data               usb_istr.o
    0x2000005c   COMPRESSED   0x000000a8   Data   RW          306    .data               usb_prop.o
    0x20000104   COMPRESSED   0x00000007   Data   RW          440    .data               usb_pwr.o
    0x2000010b   COMPRESSED   0x00000001   PAD
    0x2000010c   COMPRESSED   0x00000014   Data   RW          559    .data               system_at32f4xx.o
    0x20000120   COMPRESSED   0x00000007   Data   RW          706    .data               at32_audio_conf.o
    0x20000127   COMPRESSED   0x00000001   PAD
    0x20000128   COMPRESSED   0x00000045   Data   RW          815    .data               at32_board.o
    0x2000016d   COMPRESSED   0x00000001   PAD
    0x2000016e   COMPRESSED   0x00000003   Data   RW          934    .data               usb_core.o
    0x20000171   COMPRESSED   0x00000003   PAD
    0x20000174   COMPRESSED   0x00000014   Data   RW         1048    .data               usb_init.o
    0x20000188   COMPRESSED   0x00000004   Data   RW         1083    .data               usb_int.o
    0x2000018c   COMPRESSED   0x00000004   Data   RW         1214    .data               usb_regs.o
    0x20000190   COMPRESSED   0x00000010   Data   RW         2494    .data               at32f4xx_rcc.o
    0x200001a0   COMPRESSED   0x00000014   Data   RW         3799    .data               wm8988_i2s.o
    0x200001b4   COMPRESSED   0x00000058   Data   RW         3883    .data               wm8988.o
    0x2000020c        -       0x00000120   Zero   RW          492    .bss                usb_endp.o
    0x2000032c        -       0x0000001c   Zero   RW         1047    .bss                usb_init.o
    0x20000348        -       0x00002574   Zero   RW         3798    .bss                wm8988_i2s.o
    0x200028bc        -       0x00000060   Zero   RW         3998    .bss                c_w.l(libspace.o)
    0x2000291c   COMPRESSED   0x00000004   PAD
    0x20002920        -       0x00000200   Zero   RW          791    HEAP                startup_at32f403avgt7.o
    0x20002b20        -       0x00000400   Zero   RW          790    STACK               startup_at32f403avgt7.o


==============================================================================

Image component sizes


      Code (inc. data)   RO Data    RW Data    ZI Data      Debug   Object Name

       332         18          0          7          0       7673   at32_audio_conf.o
       572         78          0         69          0       6633   at32_board.o
       152         38          0          0          0       4648   at32f4xx_acc.o
       506         26          0          0          0       6197   at32f4xx_dma.o
       160         12          0          0          0       1898   at32f4xx_exti.o
      1690         26          0          0          0       5282   at32f4xx_gpio.o
       490         20          0          0          0       8651   at32f4xx_i2c.o
        86          0          0          0          0       6109   at32f4xx_it.o
       604         72          0         16          0       8686   at32f4xx_rcc.o
       434         20          0          0          0       5030   at32f4xx_spi.o
       300         20          0          0          0       5699   at32f4xx_tim.o
       524         30          0          4          0     318022   hw_config.o
        64          0          0          0          0        539   main.o
       172         22          0          0          0       2605   misc.o
        64         26        380          0       1536        988   startup_at32f403avgt7.o
       376         40          0         20          0       2459   system_at32f4xx.o
      3050        282          0          3          0      17223   usb_core.o
         0          0        281         26          0       1017   usb_desc.o
       242          4          0          0        288       2502   usb_endp.o
        60         24          0         20         28       4502   usb_init.o
       856         56          0          4          0       2757   usb_int.o
        80         18          0         60          0       1340   usb_istr.o
       100          8          0          0          0       2156   usb_mem.o
      1332        178          0        168          0      16516   usb_prop.o
        56         10          0          7          0       1961   usb_pwr.o
      1392        172          0          4          0      18658   usb_regs.o
        36          8          0          0          0        623   usb_sil.o
       788         98          0         88          0       8903   wm8988.o
       348         32          0          0          0       2800   wm8988_i2c.o
      1632        136          0         20       9588       7678   wm8988_i2s.o

    ----------------------------------------------------------------------
     16532       1474        694        524      11440     479755   Object Totals
         0          0         32          0          0          0   (incl. Generated)
        34          0          1          8          0          0   (incl. Padding)

    ----------------------------------------------------------------------

      Code (inc. data)   RO Data    RW Data    ZI Data      Debug   Library Member Name

        90          0          0          0          0          0   __dczerorl2.o
         8          0          0          0          0         68   __main.o
         0          0          0          0          0          0   __rtentry.o
        12          0          0          0          0          0   __rtentry2.o
         6          0          0          0          0          0   __rtentry4.o
        52          8          0          0          0          0   __scatter.o
        28          0          0          0          0          0   __scatter_zi.o
        18          0          0          0          0         80   exit.o
         6          0          0          0          0        152   heapauxi.o
         0          0          0          0          0          0   indicate_semi.o
         2          0          0          0          0          0   libinit.o
         6          0          0          0          0          0   libinit2.o
         2          0          0          0          0          0   libshutdown.o
         2          0          0          0          0          0   libshutdown2.o
         8          4          0          0         96         68   libspace.o
         2          0          0          0          0          0   rtexit.o
        10          0          0          0          0          0   rtexit2.o
        12          4          0          0          0         68   sys_exit.o
        74          0          0          0          0         80   sys_stackheap_outer.o
         2          0          0          0          0         68   use_no_semi.o
        10          0          0          0          0        116   fpinit.o

    ----------------------------------------------------------------------
       358         16          0          0        100        700   Library Totals
         8          0          0          0          4          0   (incl. Padding)

    ----------------------------------------------------------------------

      Code (inc. data)   RO Data    RW Data    ZI Data      Debug   Library Name

       340         16          0          0         96        584   c_w.l
        10          0          0          0          0        116   fz_wm.l

    ----------------------------------------------------------------------
       358         16          0          0        100        700   Library Totals

    ----------------------------------------------------------------------

==============================================================================


      Code (inc. data)   RO Data    RW Data    ZI Data      Debug   

     16890       1490        694        524      11540     462199   Grand Totals
     16890       1490        694        268      11540     462199   ELF Image Totals (compressed)
     16890       1490        694        268          0          0   ROM Totals

==============================================================================

    Total RO  Size (Code + RO Data)                17584 (  17.17kB)
    Total RW  Size (RW Data + ZI Data)             12064 (  11.78kB)
    Total ROM Size (Code + RO Data + RW Data)      17852 (  17.43kB)

==============================================================================

