Component: ARM Compiler 5.06 update 6 (build 750) Tool: armlink [4d35ed]

==============================================================================

Section Cross References

    main.o(i.EXTI1_Config) refers to at32f4xx_rcc.o(i.RCC_APB2PeriphClockCmd) for RCC_APB2PeriphClockCmd
    main.o(i.EXTI1_Config) refers to at32f4xx_gpio.o(i.GPIO_Init) for GPIO_Init
    main.o(i.EXTI1_Config) refers to at32f4xx_gpio.o(i.GPIO_EXTILineConfig) for GPIO_EXTILineConfig
    main.o(i.EXTI1_Config) refers to at32f4xx_exti.o(i.EXTI_Init) for EXTI_Init
    main.o(i.EXTI1_Config) refers to misc.o(i.NVIC_Init) for NVIC_Init
    main.o(i.EXTI1_Config) refers to main.o(.data) for GPIO_InitStructure
    main.o(i.EXTI2_Config) refers to at32f4xx_rcc.o(i.RCC_APB2PeriphClockCmd) for RCC_APB2PeriphClockCmd
    main.o(i.EXTI2_Config) refers to at32f4xx_gpio.o(i.GPIO_Init) for GPIO_Init
    main.o(i.EXTI2_Config) refers to at32f4xx_gpio.o(i.GPIO_EXTILineConfig) for GPIO_EXTILineConfig
    main.o(i.EXTI2_Config) refers to at32f4xx_exti.o(i.EXTI_Init) for EXTI_Init
    main.o(i.EXTI2_Config) refers to misc.o(i.NVIC_Init) for NVIC_Init
    main.o(i.EXTI2_Config) refers to main.o(.data) for GPIO_InitStructure
    main.o(i.EXTI3_Config) refers to at32f4xx_rcc.o(i.RCC_APB2PeriphClockCmd) for RCC_APB2PeriphClockCmd
    main.o(i.EXTI3_Config) refers to at32f4xx_gpio.o(i.GPIO_Init) for GPIO_Init
    main.o(i.EXTI3_Config) refers to at32f4xx_gpio.o(i.GPIO_EXTILineConfig) for GPIO_EXTILineConfig
    main.o(i.EXTI3_Config) refers to at32f4xx_exti.o(i.EXTI_Init) for EXTI_Init
    main.o(i.EXTI3_Config) refers to misc.o(i.NVIC_Init) for NVIC_Init
    main.o(i.EXTI3_Config) refers to main.o(.data) for GPIO_InitStructure
    main.o(i.main) refers to at32f4xx_gpio.o(i.GPIO_StructInit) for GPIO_StructInit
    main.o(i.main) refers to at32f4xx_exti.o(i.EXTI_StructInit) for EXTI_StructInit
    main.o(i.main) refers to misc.o(i.NVIC_PriorityGroupConfig) for NVIC_PriorityGroupConfig
    main.o(i.main) refers to at32_board.o(i.AT32_Board_Init) for AT32_Board_Init
    main.o(i.main) refers to at32_board.o(i.UART_Print_Init) for UART_Print_Init
    main.o(i.main) refers to at32_board.o(i.AT32_USB_GPIO_init) for AT32_USB_GPIO_init
    main.o(i.main) refers to hw_config.o(i.USB_Interrupts_Config) for USB_Interrupts_Config
    main.o(i.main) refers to hw_config.o(i.Set_USBClock) for Set_USBClock
    main.o(i.main) refers to usb_init.o(i.USB_Init) for USB_Init
    main.o(i.main) refers to main.o(i.EXTI1_Config) for EXTI1_Config
    main.o(i.main) refers to main.o(i.EXTI2_Config) for EXTI2_Config
    main.o(i.main) refers to main.o(i.EXTI3_Config) for EXTI3_Config
    main.o(i.main) refers to ov2640.o(i.OV2640_Init) for OV2640_Init
    main.o(i.main) refers to printf1.o(i.__0printf$1) for __2printf
    main.o(i.main) refers to at32_board.o(i.AT32_LEDn_Toggle) for AT32_LEDn_Toggle
    main.o(i.main) refers to at32_board.o(i.Delay_ms) for Delay_ms
    main.o(i.main) refers to main.o(.data) for GPIO_InitStructure
    main.o(i.main) refers to ov2640.o(.data) for frameBuf_1_len
    at32f4xx_it.o(i.ACC_IRQHandler) refers to at32f4xx_acc.o(i.ACC_GetFlagStatus) for ACC_GetFlagStatus
    at32f4xx_it.o(i.ACC_IRQHandler) refers to at32f4xx_acc.o(i.ACC_ClearFlag) for ACC_ClearFlag
    at32f4xx_it.o(i.EXTI1_IRQHandler) refers to printf1.o(i.__0printf$1) for __2printf
    at32f4xx_it.o(i.EXTI1_IRQHandler) refers to at32f4xx_exti.o(i.EXTI_ClearIntPendingBit) for EXTI_ClearIntPendingBit
    at32f4xx_it.o(i.EXTI1_IRQHandler) refers to ov2640.o(.data) for frameReceived_len
    at32f4xx_it.o(i.EXTI2_IRQHandler) refers to at32f4xx_exti.o(i.EXTI_ClearIntPendingBit) for EXTI_ClearIntPendingBit
    at32f4xx_it.o(i.EXTI3_IRQHandler) refers to at32f4xx_exti.o(i.EXTI_ClearIntPendingBit) for EXTI_ClearIntPendingBit
    at32f4xx_it.o(i.EXTI3_IRQHandler) refers to ov2640.o(.data) for frameReceivePtr
    at32f4xx_it.o(i.USBWakeUp_IRQHandler) refers to at32f4xx_exti.o(i.EXTI_ClearIntPendingBit) for EXTI_ClearIntPendingBit
    at32f4xx_it.o(i.USB_HP_CAN1_TX_IRQHandler) refers to usb_int.o(i.CTR_HP) for CTR_HP
    at32f4xx_it.o(i.USB_LP_CAN1_RX0_IRQHandler) refers to usb_istr.o(i.USB_Istr) for USB_Istr
    lcd.o(i.GUI_DrawPoint) refers to lcd.o(i.LCD_SetCursor) for LCD_SetCursor
    lcd.o(i.GUI_DrawPoint) refers to lcd.o(i.LCD_DrawPoint_16Bit) for LCD_DrawPoint_16Bit
    lcd.o(i.LCD_Clear) refers to lcd.o(i.LCD_SetWindows) for LCD_SetWindows
    lcd.o(i.LCD_Clear) refers to lcd.o(.bss) for lcddev
    lcd.o(i.LCD_DrawBinImg) refers to lcd.o(i.LCD_SetWindows) for LCD_SetWindows
    lcd.o(i.LCD_DrawBinImg) refers to lcd.o(i.LCD_DrawPoint_16Bit) for LCD_DrawPoint_16Bit
    lcd.o(i.LCD_DrawBinImg_8bit) refers to lcd.o(i.LCD_SetWindows) for LCD_SetWindows
    lcd.o(i.LCD_DrawBinImg_8bit) refers to lcd.o(i.LCD_DrawPoint_16Bit) for LCD_DrawPoint_16Bit
    lcd.o(i.LCD_DrawLine) refers to lcd.o(i.LCD_DrawPoint) for LCD_DrawPoint
[...]
    ..\\..\\..\\..\\Libraries\\AT32F4xx_StdPeriph_Driver\\src\\at32f4xx_can.c 0x00000000   Number         0  at32f4xx_can.o ABSOLUTE
    ..\\..\\..\\..\\Libraries\\AT32F4xx_StdPeriph_Driver\\src\\at32f4xx_crc.c 0x00000000   Number         0  at32f4xx_crc.o ABSOLUTE
    ..\\..\\..\\..\\Libraries\\AT32F4xx_StdPeriph_Driver\\src\\at32f4xx_dac.c 0x00000000   Number         0  at32f4xx_dac.o ABSOLUTE
    ..\\..\\..\\..\\Libraries\\AT32F4xx_StdPeriph_Driver\\src\\at32f4xx_dbgmcu.c 0x00000000   Number         0  at32f4xx_dbgmcu.o ABSOLUTE
    ..\\..\\..\\..\\Libraries\\AT32F4xx_StdPeriph_Driver\\src\\at32f4xx_dma.c 0x00000000   Number         0  at32f4xx_dma.o ABSOLUTE
    ..\\..\\..\\..\\Libraries\\AT32F4xx_StdPeriph_Driver\\src\\at32f4xx_exti.c 0x00000000   Number         0  at32f4xx_exti.o ABSOLUTE
    ..\\..\\..\\..\\Libraries\\AT32F4xx_StdPeriph_Driver\\src\\at32f4xx_flash.c 0x00000000   Number         0  at32f4xx_flash.o ABSOLUTE
    ..\\..\\..\\..\\Libraries\\AT32F4xx_StdPeriph_Driver\\src\\at32f4xx_gpio.c 0x00000000   Number         0  at32f4xx_gpio.o ABSOLUTE
    ..\\..\\..\\..\\Libraries\\AT32F4xx_StdPeriph_Driver\\src\\at32f4xx_i2c.c 0x00000000   Number         0  at32f4xx_i2c.o ABSOLUTE
    ..\\..\\..\\..\\Libraries\\AT32F4xx_StdPeriph_Driver\\src\\at32f4xx_iwdg.c 0x00000000   Number         0  at32f4xx_iwdg.o ABSOLUTE
    ..\\..\\..\\..\\Libraries\\AT32F4xx_StdPeriph_Driver\\src\\at32f4xx_pwr.c 0x00000000   Number         0  at32f4xx_pwr.o ABSOLUTE
    ..\\..\\..\\..\\Libraries\\AT32F4xx_StdPeriph_Driver\\src\\at32f4xx_rcc.c 0x00000000   Number         0  at32f4xx_rcc.o ABSOLUTE
    ..\\..\\..\\..\\Libraries\\AT32F4xx_StdPeriph_Driver\\src\\at32f4xx_rtc.c 0x00000000   Number         0  at32f4xx_rtc.o ABSOLUTE
    ..\\..\\..\\..\\Libraries\\AT32F4xx_StdPeriph_Driver\\src\\at32f4xx_sdio.c 0x00000000   Number         0  at32f4xx_sdio.o ABSOLUTE
    ..\\..\\..\\..\\Libraries\\AT32F4xx_StdPeriph_Driver\\src\\at32f4xx_spi.c 0x00000000   Number         0  at32f4xx_spi.o ABSOLUTE
    ..\\..\\..\\..\\Libraries\\AT32F4xx_StdPeriph_Driver\\src\\at32f4xx_tim.c 0x00000000   Number         0  at32f4xx_tim.o ABSOLUTE
    ..\\..\\..\\..\\Libraries\\AT32F4xx_StdPeriph_Driver\\src\\at32f4xx_usart.c 0x00000000   Number         0  at32f4xx_usart.o ABSOLUTE
    ..\\..\\..\\..\\Libraries\\AT32F4xx_StdPeriph_Driver\\src\\at32f4xx_wwdg.c 0x00000000   Number         0  at32f4xx_wwdg.o ABSOLUTE
    ..\\..\\..\\..\\Libraries\\AT32F4xx_StdPeriph_Driver\\src\\at32f4xx_xmc.c 0x00000000   Number         0  at32f4xx_xmc.o ABSOLUTE
    ..\\..\\..\\..\\Libraries\\AT32F4xx_StdPeriph_Driver\\src\\misc.c 0x00000000   Number         0  misc.o ABSOLUTE
    ..\\..\\..\\..\\Middlewares\\AT32_USB-FS-Device_Driver\\src\\usb_core.c 0x00000000   Number         0  usb_core.o ABSOLUTE
    ..\\..\\..\\..\\Middlewares\\AT32_USB-FS-Device_Driver\\src\\usb_init.c 0x00000000   Number         0  usb_init.o ABSOLUTE
    ..\\..\\..\\..\\Middlewares\\AT32_USB-FS-Device_Driver\\src\\usb_int.c 0x00000000   Number         0  usb_int.o ABSOLUTE
    ..\\..\\..\\..\\Middlewares\\AT32_USB-FS-Device_Driver\\src\\usb_mem.c 0x00000000   Number         0  usb_mem.o ABSOLUTE
    ..\\..\\..\\..\\Middlewares\\AT32_USB-FS-Device_Driver\\src\\usb_regs.c 0x00000000   Number         0  usb_regs.o ABSOLUTE
    ..\\..\\..\\..\\Middlewares\\AT32_USB-FS-Device_Driver\\src\\usb_sil.c 0x00000000   Number         0  usb_sil.o ABSOLUTE
    ..\\..\\..\\AT32_Board\\at32_board.c     0x00000000   Number         0  at32_board.o ABSOLUTE
    ..\\apps\\lcd.c                          0x00000000   Number         0  lcd.o ABSOLUTE
    ..\\apps\\ov2640.c                       0x00000000   Number         0  ov2640.o ABSOLUTE
    ..\\apps\\sccb.c                         0x00000000   Number         0  sccb.o ABSOLUTE
    ..\\apps\\touch.c                        0x00000000   Number         0  touch.o ABSOLUTE
    ..\\at32f4xx_it.c                        0x00000000   Number         0  at32f4xx_it.o ABSOLUTE
    ..\\main.c                               0x00000000   Number         0  main.o ABSOLUTE
    ..\\src\\at32_audio_conf.c               0x00000000   Number         0  at32_audio_conf.o ABSOLUTE
    ..\\src\\hw_config.c                     0x00000000   Number         0  hw_config.o ABSOLUTE
    ..\\src\\usb_desc.c                      0x00000000   Number         0  usb_desc.o ABSOLUTE
    ..\\src\\usb_endp.c                      0x00000000   Number         0  usb_endp.o ABSOLUTE
    ..\\src\\usb_istr.c                      0x00000000   Number         0  usb_istr.o ABSOLUTE
    ..\\src\\usb_prop.c                      0x00000000   Number         0  usb_prop.o ABSOLUTE
    ..\\src\\usb_pwr.c                       0x00000000   Number         0  usb_pwr.o ABSOLUTE
    ..\\src\\uvcstream.c                     0x00000000   Number         0  uvcstream.o ABSOLUTE
    ..\\system_at32f4xx.c                    0x00000000   Number         0  system_at32f4xx.o ABSOLUTE
    ..\\wm8988-driver\\src\\wm8988.c         0x00000000   Number         0  wm8988.o ABSOLUTE
    ..\\wm8988-driver\\src\\wm8988_i2c.c     0x00000000   Number         0  wm8988_i2c.o ABSOLUTE
    ..\\wm8988-driver\\src\\wm8988_i2s.c     0x00000000   Number         0  wm8988_i2s.o ABSOLUTE
    ..\apps\lcd.c                            0x00000000   Number         0  lcd.o ABSOLUTE
    ..\apps\ov2640.c                         0x00000000   Number         0  ov2640.o ABSOLUTE
    ..\apps\sccb.c                           0x00000000   Number         0  sccb.o ABSOLUTE
    ..\apps\touch.c                          0x00000000   Number         0  touch.o ABSOLUTE
    ..\at32f4xx_it.c                         0x00000000   Number         0  at32f4xx_it.o ABSOLUTE
    ..\main.c                                0x00000000   Number         0  main.o ABSOLUTE
    ..\src\at32_audio_conf.c                 0x00000000   Number         0  at32_audio_conf.o ABSOLUTE
    ..\src\hw_config.c                       0x00000000   Number         0  hw_config.o ABSOLUTE
    ..\src\usb_desc.c                        0x00000000   Number         0  usb_desc.o ABSOLUTE
    ..\src\usb_endp.c                        0x00000000   Number         0  usb_endp.o ABSOLUTE
    ..\src\usb_istr.c                        0x00000000   Number         0  usb_istr.o ABSOLUTE
    ..\src\usb_prop.c                        0x00000000   Number         0  usb_prop.o ABSOLUTE
    ..\src\usb_pwr.c                         0x00000000   Number         0  usb_pwr.o ABSOLUTE
    ..\src\uvcstream.c                       0x00000000   Number         0  uvcstream.o ABSOLUTE
    ..\system_at32f4xx.c                     0x00000000   Number         0  system_at32f4xx.o ABSOLUTE
    ..\wm8988-driver\src\wm8988.c            0x00000000   Number         0  wm8988.o ABSOLUTE
    ..\wm8988-driver\src\wm8988_i2c.c        0x00000000   Number         0  wm8988_i2c.o ABSOLUTE
    ..\wm8988-driver\src\wm8988_i2s.c        0x00000000   Number         0  wm8988_i2s.o ABSOLUTE
    cdrcmple.s                               0x00000000   Number         0  cdrcmple.o ABSOLUTE
    dc.s                                     0x00000000   Number         0  dc.o ABSOLUTE
    handlers.s                               0x00000000   Number         0  handlers.o ABSOLUTE
    init.s                                   0x00000000   Number         0  init.o ABSOLUTE
    RESET                                    0x08000000   Section      380  startup_at32f403avgt7.o(RESET)
    .ARM.Collect$$$$00000000                 0x0800017c   Section        0  entry.o(.ARM.Collect$$$$00000000)
    .ARM.Collect$$$$00000001                 0x0800017c   Section        4  entry2.o(.ARM.Collect$$$$00000001)
    .ARM.Collect$$$$00000004                 0x08000180   Section        4  entry5.o(.ARM.Collect$$$$00000004)
    .ARM.Collect$$$$00000008                 0x08000184   Section        0  entry7b.o(.ARM.Collect$$$$00000008)
    .ARM.Collect$$$$0000000A                 0x08000184   Section        0  entry8b.o(.ARM.Collect$$$$0000000A)
    .ARM.Collect$$$$0000000B                 0x08000184   Section        8  entry9a.o(.ARM.Collect$$$$0000000B)
    .ARM.Collect$$$$0000000D                 0x0800018c   Section        0  entry10a.o(.ARM.Collect$$$$0000000D)
    .ARM.Collect$$$$0000000F                 0x0800018c   Section        0  entry11a.o(.ARM.Collect$$$$0000000F)
    .ARM.Collect$$$$00002712                 0x0800018c   Section        4  entry2.o(.ARM.Collect$$$$00002712)
    __lit__00000000                          0x0800018c   Data           4  entry2.o(.ARM.Collect$$$$00002712)
    .text                                    0x08000190   Section       36  startup_at32f403avgt7.o(.text)
    $v0                                      0x08000190   Number         0  startup_at32f403avgt7.o(.text)
    .text                                    0x080001b4   Section        0  uidiv.o(.text)
    .text                                    0x080001e0   Section       36  init.o(.text)
    .text                                    0x08000204   Section        0  __dczerorl2.o(.text)
    i.ACC_ClearFlag                          0x0800025c   Section        0  at32f4xx_acc.o(i.ACC_ClearFlag)
    i.ACC_EnterCALMode                       0x08000284   Section        0  at32f4xx_acc.o(i.ACC_EnterCALMode)
    i.ACC_GetFlagStatus                      0x08000294   Section        0  at32f4xx_acc.o(i.ACC_GetFlagStatus)
    i.ACC_IRQHandler                         0x080002ac   Section        0  at32f4xx_it.o(i.ACC_IRQHandler)
    i.ACC_ITConfig                           0x080002d0   Section        0  at32f4xx_acc.o(i.ACC_ITConfig)
    i.ACC_WriteC1                            0x080002f4   Section        0  at32f4xx_acc.o(i.ACC_WriteC1)
    i.ACC_WriteC2                            0x08000300   Section        0  at32f4xx_acc.o(i.ACC_WriteC2)
    i.ACC_WriteC3                            0x0800030c   Section        0  at32f4xx_acc.o(i.ACC_WriteC3)
    i.AT32_BUTTON_Init                       0x08000318   Section        0  at32_board.o(i.AT32_BUTTON_Init)
    i.AT32_Board_Init                        0x08000358   Section        0  at32_board.o(i.AT32_Board_Init)
    i.AT32_LEDn_Init                         0x08000390   Section        0  at32_board.o(i.AT32_LEDn_Init)
    i.AT32_LEDn_OFF                          0x080003d8   Section        0  at32_board.o(i.AT32_LEDn_OFF)
    i.AT32_LEDn_Toggle                       0x08000400   Section        0  at32_board.o(i.AT32_LEDn_Toggle)
    i.AT32_USB_GPIO_init                     0x08000434   Section        0  at32_board.o(i.AT32_USB_GPIO_init)
    i.BusFault_Handler                       0x08000470   Section        0  at32f4xx_it.o(i.BusFault_Handler)
    i.ByteSwap                               0x08000474   Section        0  usb_regs.o(i.ByteSwap)
    i.CTR_HP                                 0x08000480   Section        0  usb_int.o(i.CTR_HP)
    i.CTR_LP                                 0x08000550   Section        0  usb_int.o(i.CTR_LP)
    i.ClearDTOG_RX                           0x080007d8   Section        0  usb_regs.o(i.ClearDTOG_RX)
    i.ClearDTOG_TX                           0x0800080c   Section        0  usb_regs.o(i.ClearDTOG_TX)
    i.Clear_Status_Out                       0x08000840   Section        0  usb_regs.o(i.Clear_Status_Out)
    i.DMA1_Channel3_IRQHandler               0x08000868   Section        0  wm8988_i2s.o(i.DMA1_Channel3_IRQHandler)
    i.DMA1_Channel4_IRQHandler               0x08000958   Section        0  wm8988_i2s.o(i.DMA1_Channel4_IRQHandler)
    i.DMA_ChannelEnable                      0x080009d4   Section        0  at32f4xx_dma.o(i.DMA_ChannelEnable)
    i.DMA_ClearITPendingBit                  0x08000a78   Section        0  at32f4xx_dma.o(i.DMA_ClearITPendingBit)
    i.DMA_GetITStatus                        0x08000ab8   Section        0  at32f4xx_dma.o(i.DMA_GetITStatus)
    i.DataStageIn                            0x08000c40   Section        0  usb_core.o(i.DataStageIn)
    DataStageIn                              0x08000c41   Thumb Code   168  usb_core.o(i.DataStageIn)
    i.DataStageOut                           0x08000d00   Section        0  usb_core.o(i.DataStageOut)
    DataStageOut                             0x08000d01   Thumb Code   154  usb_core.o(i.DataStageOut)
    i.Data_Setup0                            0x08000db0   Section        0  usb_core.o(i.Data_Setup0)
    Data_Setup0                              0x08000db1   Thumb Code   628  usb_core.o(i.Data_Setup0)
    i.DebugMon_Handler                       0x08001048   Section        0  at32f4xx_it.o(i.DebugMon_Handler)
    i.Delay_init                             0x0800104c   Section        0  at32_board.o(i.Delay_init)
    i.Delay_ms                               0x08001098   Section        0  at32_board.o(i.Delay_ms)
    i.Delay_us                               0x08001130   Section        0  at32_board.o(i.Delay_us)
    i.EP1_IN_Callback                        0x08001190   Section        0  usb_endp.o(i.EP1_IN_Callback)
    i.EXTI1_Config                           0x08001198   Section        0  main.o(i.EXTI1_Config)
    i.EXTI1_IRQHandler                       0x08001204   Section        0  at32f4xx_it.o(i.EXTI1_IRQHandler)
    i.EXTI2_Config                           0x080012c4   Section        0  main.o(i.EXTI2_Config)
    i.EXTI2_IRQHandler                       0x08001334   Section        0  at32f4xx_it.o(i.EXTI2_IRQHandler)
    i.EXTI3_Config                           0x08001360   Section        0  main.o(i.EXTI3_Config)
    i.EXTI3_IRQHandler                       0x080013d0   Section        0  at32f4xx_it.o(i.EXTI3_IRQHandler)
    i.EXTI_ClearIntPendingBit                0x08001404   Section        0  at32f4xx_exti.o(i.EXTI_ClearIntPendingBit)
    i.EXTI_Init                              0x08001428   Section        0  at32f4xx_exti.o(i.EXTI_Init)
    i.EXTI_StructInit                        0x0800151c   Section        0  at32f4xx_exti.o(i.EXTI_StructInit)
    i.GPIO_EXTILineConfig                    0x0800152c   Section        0  at32f4xx_gpio.o(i.GPIO_EXTILineConfig)
    i.GPIO_Init                              0x080015e4   Section        0  at32f4xx_gpio.o(i.GPIO_Init)
    i.GPIO_ResetBits                         0x0800176c   Section        0  at32f4xx_gpio.o(i.GPIO_ResetBits)
    i.GPIO_SetBits                           0x080017cc   Section        0  at32f4xx_gpio.o(i.GPIO_SetBits)
    i.GPIO_StructInit                        0x0800182c   Section        0  at32f4xx_gpio.o(i.GPIO_StructInit)
    i.GetEPRxAddr                            0x0800183c   Section        0  usb_regs.o(i.GetEPRxAddr)
    i.GetEPTxAddr                            0x08001860   Section        0  usb_regs.o(i.GetEPTxAddr)
    i.Get_SerialNum                          0x08001880   Section        0  hw_config.o(i.Get_SerialNum)
    i.HardFault_Handler                      0x080018c8   Section        0  at32f4xx_it.o(i.HardFault_Handler)
    i.In0_Process                            0x080018cc   Section        0  usb_core.o(i.In0_Process)
    i.MemManage_Handler                      0x0800193c   Section        0  at32f4xx_it.o(i.MemManage_Handler)
    i.NMI_Handler                            0x08001940   Section        0  at32f4xx_it.o(i.NMI_Handler)
    i.NOP_Process                            0x08001942   Section        0  usb_core.o(i.NOP_Process)
    i.NVIC_Init                              0x08001944   Section        0  misc.o(i.NVIC_Init)
    i.NVIC_PriorityGroupConfig               0x08001a2c   Section        0  misc.o(i.NVIC_PriorityGroupConfig)
    i.NoData_Setup0                          0x08001aa8   Section        0  usb_core.o(i.NoData_Setup0)
    NoData_Setup0                            0x08001aa9   Thumb Code   292  usb_core.o(i.NoData_Setup0)
    i.OV2640_Init                            0x08001be0   Section        0  ov2640.o(i.OV2640_Init)
    i.OV2640_JPEG_Mode                       0x08001d84   Section        0  ov2640.o(i.OV2640_JPEG_Mode)
    i.OV2640_OutSize_Set                     0x08001dd0   Section        0  ov2640.o(i.OV2640_OutSize_Set)
    i.Out0_Process                           0x08001e60   Section        0  usb_core.o(i.Out0_Process)
    i.PMAToUserBufferCopy                    0x08001eb0   Section        0  usb_mem.o(i.PMAToUserBufferCopy)
    i.PendSV_Handler                         0x08001ed8   Section        0  at32f4xx_it.o(i.PendSV_Handler)
    i.Post0_Process                          0x08001edc   Section        0  usb_core.o(i.Post0_Process)
    i.PowerOn                                0x08001f24   Section        0  usb_pwr.o(i.PowerOn)
    i.RCC_APB1PeriphClockCmd                 0x08001f5c   Section        0  at32f4xx_rcc.o(i.RCC_APB1PeriphClockCmd)
    i.RCC_APB2PeriphClockCmd                 0x08001fb0   Section        0  at32f4xx_rcc.o(i.RCC_APB2PeriphClockCmd)
    i.RCC_GetClocksFreq                      0x08002004   Section        0  at32f4xx_rcc.o(i.RCC_GetClocksFreq)
    i.RCC_HSI2USB48M                         0x0800214c   Section        0  at32f4xx_rcc.o(i.RCC_HSI2USB48M)
    i.RCC_StepModeCmd                        0x080021a0   Section        0  at32f4xx_rcc.o(i.RCC_StepModeCmd)
    i.RCC_USBCLKConfig                       0x080021e0   Section        0  at32f4xx_rcc.o(i.RCC_USBCLKConfig)
    i.SCCB_Init                              0x08002230   Section        0  sccb.o(i.SCCB_Init)
    i.SCCB_No_Ack                            0x080022a0   Section        0  sccb.o(i.SCCB_No_Ack)
    i.SCCB_RD_Byte                           0x080022e0   Section        0  sccb.o(i.SCCB_RD_Byte)
    i.SCCB_RD_Reg                            0x08002354   Section        0  sccb.o(i.SCCB_RD_Reg)
    i.SCCB_Start                             0x080023a4   Section        0  sccb.o(i.SCCB_Start)
    i.SCCB_Stop                              0x080023d8   Section        0  sccb.o(i.SCCB_Stop)
    i.SCCB_WR_Byte                           0x0800240c   Section        0  sccb.o(i.SCCB_WR_Byte)
    i.SCCB_WR_Reg                            0x080024b8   Section        0  sccb.o(i.SCCB_WR_Reg)
    i.SVC_Handler                            0x080024f6   Section        0  at32f4xx_it.o(i.SVC_Handler)
    i.SetDeviceAddress                       0x080024f8   Section        0  usb_core.o(i.SetDeviceAddress)
    i.SetEPDblBuf0Count                      0x08002548   Section        0  usb_regs.o(i.SetEPDblBuf0Count)
    i.SetEPDblBuf1Count                      0x080025b4   Section        0  usb_regs.o(i.SetEPDblBuf1Count)
    i.SetEPDblBuffAddr                       0x08002620   Section        0  usb_regs.o(i.SetEPDblBuffAddr)
    i.SetEPDblBuffCount                      0x0800265c   Section        0  usb_regs.o(i.SetEPDblBuffCount)
    i.SetEPDoubleBuff                        0x08002728   Section        0  usb_regs.o(i.SetEPDoubleBuff)
    i.SetEPRxAddr                            0x08002754   Section        0  usb_regs.o(i.SetEPRxAddr)
    i.SetEPRxCount                           0x08002778   Section        0  usb_regs.o(i.SetEPRxCount)
    i.SetEPRxStatus                          0x080027c8   Section        0  usb_regs.o(i.SetEPRxStatus)
    i.SetEPRxValid                           0x08002808   Section        0  usb_regs.o(i.SetEPRxValid)
    i.SetEPTxAddr                            0x0800283c   Section        0  usb_regs.o(i.SetEPTxAddr)
    i.SetEPTxCount                           0x08002860   Section        0  usb_regs.o(i.SetEPTxCount)
    i.SetEPTxStatus                          0x08002880   Section        0  usb_regs.o(i.SetEPTxStatus)
    i.SetEPType                              0x080028c0   Section        0  usb_regs.o(i.SetEPType)
    i.SetSysClock                            0x080028e4   Section        0  system_at32f4xx.o(i.SetSysClock)
    SetSysClock                              0x080028e5   Thumb Code     8  system_at32f4xx.o(i.SetSysClock)
    i.SetSysClockTo192M                      0x080028ec   Section        0  system_at32f4xx.o(i.SetSysClockTo192M)
    SetSysClockTo192M                        0x080028ed   Thumb Code   222  system_at32f4xx.o(i.SetSysClockTo192M)
    i.Set_USBClock                           0x080029d8   Section        0  hw_config.o(i.Set_USBClock)
    i.Setup0_Process                         0x08002acc   Section        0  usb_core.o(i.Setup0_Process)
    i.Standard_ClearFeature                  0x08002b88   Section        0  usb_core.o(i.Standard_ClearFeature)
    i.Standard_GetConfiguration              0x08002cf4   Section        0  usb_core.o(i.Standard_GetConfiguration)
    i.Standard_GetDescriptorData             0x08002d20   Section        0  usb_core.o(i.Standard_GetDescriptorData)
    i.Standard_GetInterface                  0x08002d44   Section        0  usb_core.o(i.Standard_GetInterface)
    i.Standard_GetStatus                     0x08002d70   Section        0  usb_core.o(i.Standard_GetStatus)
    i.Standard_SetConfiguration              0x08002e70   Section        0  usb_core.o(i.Standard_SetConfiguration)
    i.Standard_SetDeviceFeature              0x08002eb8   Section        0  usb_core.o(i.Standard_SetDeviceFeature)
    i.Standard_SetEndPointFeature            0x08002ee0   Section        0  usb_core.o(i.Standard_SetEndPointFeature)
    i.Standard_SetInterface                  0x08002fb0   Section        0  usb_core.o(i.Standard_SetInterface)
    i.SysTick_CLKSourceConfig                0x0800301c   Section        0  misc.o(i.SysTick_CLKSourceConfig)
    i.SysTick_Handler                        0x08003098   Section        0  at32f4xx_it.o(i.SysTick_Handler)
    i.SystemInit                             0x0800309c   Section        0  system_at32f4xx.o(i.SystemInit)
    i.UART_Print_Init                        0x08003120   Section        0  at32_board.o(i.UART_Print_Init)
    i.USART_Cmd                              0x080031b8   Section        0  at32f4xx_usart.o(i.USART_Cmd)
    i.USART_GetFlagStatus                    0x0800322c   Section        0  at32f4xx_usart.o(i.USART_GetFlagStatus)
    i.USART_INTConfig                        0x080032e4   Section        0  at32f4xx_usart.o(i.USART_INTConfig)
    i.USART_Init                             0x080033f4   Section        0  at32f4xx_usart.o(i.USART_Init)
    i.USART_SendData                         0x080035d4   Section        0  at32f4xx_usart.o(i.USART_SendData)
    i.USART_StructInit                       0x08003638   Section        0  at32f4xx_usart.o(i.USART_StructInit)
    i.USBWakeUp_IRQHandler                   0x08003650   Section        0  at32f4xx_it.o(i.USBWakeUp_IRQHandler)
    i.USB_HP_CAN1_TX_IRQHandler              0x0800365c   Section        0  at32f4xx_it.o(i.USB_HP_CAN1_TX_IRQHandler)
    i.USB_Init                               0x08003664   Section        0  usb_init.o(i.USB_Init)
    i.USB_Interrupts_Config                  0x080036a0   Section        0  hw_config.o(i.USB_Interrupts_Config)
    i.USB_Istr                               0x08003740   Section        0  usb_istr.o(i.USB_Istr)
    i.USB_LP_CAN1_RX0_IRQHandler             0x08003790   Section        0  at32f4xx_it.o(i.USB_LP_CAN1_RX0_IRQHandler)
    i.UVC_SendPack_Irq                       0x08003798   Section        0  uvcstream.o(i.UVC_SendPack_Irq)
    i.UsageFault_Handler                     0x080038fc   Section        0  at32f4xx_it.o(i.UsageFault_Handler)
    i.UsbCamera_Data_Setup                   0x08003900   Section        0  usb_prop.o(i.UsbCamera_Data_Setup)
    i.UsbCamera_GetConfigDescriptor          0x0800395c   Section        0  usb_prop.o(i.UsbCamera_GetConfigDescriptor)
    i.UsbCamera_GetDeviceDescriptor          0x08003970   Section        0  usb_prop.o(i.UsbCamera_GetDeviceDescriptor)
    i.UsbCamera_GetStringDescriptor          0x08003984   Section        0  usb_prop.o(i.UsbCamera_GetStringDescriptor)
    i.UsbCamera_Get_Interface_Setting        0x080039ac   Section        0  usb_prop.o(i.UsbCamera_Get_Interface_Setting)
    i.UsbCamera_NoData_Setup                 0x080039c2   Section        0  usb_prop.o(i.UsbCamera_NoData_Setup)
    i.UsbCamera_Reset                        0x080039c8   Section        0  usb_prop.o(i.UsbCamera_Reset)
    i.UsbCamera_SetConfiguration             0x08003a98   Section        0  usb_prop.o(i.UsbCamera_SetConfiguration)
    i.UsbCamera_SetDeviceAddress             0x08003ab0   Section        0  usb_prop.o(i.UsbCamera_SetDeviceAddress)
    i.UsbCamera_Status_In                    0x08003abc   Section        0  usb_prop.o(i.UsbCamera_Status_In)
    i.UsbCamera_Status_Out                   0x08003abe   Section        0  usb_prop.o(i.UsbCamera_Status_Out)
    i.UsbCamera_init                         0x08003ac0   Section        0  usb_prop.o(i.UsbCamera_init)
    i.UserToPMABufferCopy                    0x08003b04   Section        0  usb_mem.o(i.UserToPMABufferCopy)
    i.VideoCommitControl_Command             0x08003b40   Section        0  usb_prop.o(i.VideoCommitControl_Command)
    i.VideoProbeControl_Command              0x08003b60   Section        0  usb_prop.o(i.VideoProbeControl_Command)
    i.__0printf$1                            0x08003b80   Section        0  printf1.o(i.__0printf$1)
    i.__scatterload_copy                     0x08003ba0   Section       14  handlers.o(i.__scatterload_copy)
    i.__scatterload_null                     0x08003bae   Section        2  handlers.o(i.__scatterload_null)
    i.__scatterload_zeroinit                 0x08003bb0   Section       14  handlers.o(i.__scatterload_zeroinit)
    i._printf_core                           0x08003bc0   Section        0  printf1.o(i._printf_core)
    _printf_core                             0x08003bc1   Thumb Code   336  printf1.o(i._printf_core)
    i.assert_failed                          0x08003d14   Section        0  main.o(i.assert_failed)
    i.bufCopy                                0x08003d18   Section        0  uvcstream.o(i.bufCopy)
    i.fputc                                  0x08003d2c   Section        0  at32_board.o(i.fputc)
    i.main                                   0x08003d50   Section        0  main.o(i.main)
    i.ov2640_speed_ctrl                      0x08003e18   Section        0  ov2640.o(i.ov2640_speed_ctrl)
    .constdata                               0x08003e3c   Section      808  ov2640.o(.constdata)
    OV2640_AUTOEXPOSURE_LEVEL                0x0800413c   Data          40  ov2640.o(.constdata)
    .constdata                               0x08004164   Section      254  usb_desc.o(.constdata)
    .conststring                             0x08004264   Section       67  at32f4xx_dma.o(.conststring)
    .conststring                             0x080042a8   Section       68  at32f4xx_exti.o(.conststring)
    .conststring                             0x080042ec   Section       68  at32f4xx_gpio.o(.conststring)
    .conststring                             0x08004330   Section       67  at32f4xx_rcc.o(.conststring)
    .conststring                             0x08004374   Section       69  at32f4xx_usart.o(.conststring)
    .data                                    0x20000000   Section       16  main.o(.data)
    .data                                    0x20000010   Section       48  ov2640.o(.data)
    .data                                    0x20000040   Section        4  hw_config.o(.data)
    .data                                    0x20000044   Section       26  usb_desc.o(.data)
    .data                                    0x20000060   Section      204  usb_prop.o(.data)
    .data                                    0x2000012c   Section        7  usb_pwr.o(.data)
    .data                                    0x20000134   Section        3  usb_core.o(.data)
    .data                                    0x20000138   Section       20  usb_init.o(.data)
    .data                                    0x2000014c   Section        4  usb_int.o(.data)
    .data                                    0x20000150   Section        4  usb_regs.o(.data)
    .data                                    0x20000154   Section       20  wm8988_i2s.o(.data)
    .data                                    0x20000168   Section       60  usb_istr.o(.data)
    .data                                    0x200001a4   Section       32  uvcstream.o(.data)
    .data                                    0x200001c4   Section       69  at32_board.o(.data)
    fac_us                                   0x20000200   Data           4  at32_board.o(.data)
    fac_ms                                   0x20000204   Data           4  at32_board.o(.data)
    Pressed                                  0x20000208   Data           1  at32_board.o(.data)
    .data                                    0x2000020c   Section       20  system_at32f4xx.o(.data)
    .data                                    0x20000220   Section       16  at32f4xx_rcc.o(.data)
    APBAHBPscTable                           0x20000220   Data           8  at32f4xx_rcc.o(.data)
    ADCPscTable                              0x20000228   Data           8  at32f4xx_rcc.o(.data)
    .data                                    0x20000230   Section        4  stdout.o(.data)
    .bss                                     0x20000234   Section    81920  ov2640.o(.bss)
    .bss                                     0x20014234   Section       28  usb_init.o(.bss)
    .bss                                     0x20014250   Section     9588  wm8988_i2s.o(.bss)
    .bss                                     0x200167c4   Section     2240  uvcstream.o(.bss)
    STACK                                    0x20017088   Section     1024  startup_at32f403avgt7.o(STACK)

    Global Symbols

    Symbol Name                              Value     Ov Type        Size  Object(Section)

    BuildAttributes$$THM_ISAv4$E$P$D$K$B$S$7EM$VFPi3$EXTD16$VFPS$VFMA$PE$A:L22UL41UL21$X:L11$S22US41US21$IEEE1$IW$USESV6$~STKCKD$USESV7$~SHL$OSPACE$ROPI$EBA8$MICROLIB$REQ8$PRES8$EABIv2 0x00000000   Number         0  anon$$obj.o ABSOLUTE
    __ARM_use_no_argv                        0x00000000   Number         0  main.o ABSOLUTE
    _printf_a                                0x00000000   Number         0  stubs.o ABSOLUTE
    _printf_c                                0x00000000   Number         0  stubs.o ABSOLUTE
    _printf_charcount                        0x00000000   Number         0  stubs.o ABSOLUTE
    _printf_d                                0x00000000   Number         0  stubs.o ABSOLUTE
    _printf_e                                0x00000000   Number         0  stubs.o ABSOLUTE
    _printf_f                                0x00000000   Number         0  stubs.o ABSOLUTE
    _printf_flags                            0x00000000   Number         0  stubs.o ABSOLUTE
    _printf_fp_dec                           0x00000000   Number         0  stubs.o ABSOLUTE
    _printf_fp_hex                           0x00000000   Number         0  stubs.o ABSOLUTE
    _printf_g                                0x00000000   Number         0  stubs.o ABSOLUTE
    _printf_i                                0x00000000   Number         0  stubs.o ABSOLUTE
    _printf_int_dec                          0x00000000   Number         0  stubs.o ABSOLUTE
    _printf_l                                0x00000000   Number         0  stubs.o ABSOLUTE
    _printf_lc                               0x00000000   Number         0  stubs.o ABSOLUTE
    _printf_ll                               0x00000000   Number         0  stubs.o ABSOLUTE
    _printf_lld                              0x00000000   Number         0  stubs.o ABSOLUTE
    _printf_lli                              0x00000000   Number         0  stubs.o ABSOLUTE
    _printf_llo                              0x00000000   Number         0  stubs.o ABSOLUTE
    _printf_llu                              0x00000000   Number         0  stubs.o ABSOLUTE
    _printf_llx                              0x00000000   Number         0  stubs.o ABSOLUTE
    _printf_longlong_dec                     0x00000000   Number         0  stubs.o ABSOLUTE
    _printf_longlong_hex                     0x00000000   Number         0  stubs.o ABSOLUTE
    _printf_longlong_oct                     0x00000000   Number         0  stubs.o ABSOLUTE
    _printf_ls                               0x00000000   Number         0  stubs.o ABSOLUTE
    _printf_mbtowc                           0x00000000   Number         0  stubs.o ABSOLUTE
    _printf_n                                0x00000000   Number         0  stubs.o ABSOLUTE
    _printf_o                                0x00000000   Number         0  stubs.o ABSOLUTE
    _printf_p                                0x00000000   Number         0  stubs.o ABSOLUTE
    _printf_percent                          0x00000000   Number         0  stubs.o ABSOLUTE
    _printf_pre_padding                      0x00000000   Number         0  stubs.o ABSOLUTE
    _printf_return_value                     0x00000000   Number         0  stubs.o ABSOLUTE
    _printf_s                                0x00000000   Number         0  stubs.o ABSOLUTE
    _printf_sizespec                         0x00000000   Number         0  stubs.o ABSOLUTE
    _printf_str                              0x00000000   Number         0  stubs.o ABSOLUTE
    _printf_truncate_signed                  0x00000000   Number         0  stubs.o ABSOLUTE
    _printf_truncate_unsigned                0x00000000   Number         0  stubs.o ABSOLUTE
    _printf_u                                0x00000000   Number         0  stubs.o ABSOLUTE
    _printf_wc                               0x00000000   Number         0  stubs.o ABSOLUTE
    _printf_wctomb                           0x00000000   Number         0  stubs.o ABSOLUTE
    _printf_widthprec                        0x00000000   Number         0  stubs.o ABSOLUTE
    _printf_x                                0x00000000   Number         0  stubs.o ABSOLUTE
    __cpp_initialize__aeabi_                  - Undefined Weak Reference
    __cxa_finalize                            - Undefined Weak Reference
    _clock_init                               - Undefined Weak Reference
    _microlib_exit                            - Undefined Weak Reference
    __Vectors_Size                           0x0000017c   Number         0  startup_at32f403avgt7.o ABSOLUTE
    __Vectors                                0x08000000   Data           4  startup_at32f403avgt7.o(RESET)
    __Vectors_End                            0x0800017c   Data           0  startup_at32f403avgt7.o(RESET)
    __main                                   0x0800017d   Thumb Code     0  entry.o(.ARM.Collect$$$$00000000)
    _main_stk                                0x0800017d   Thumb Code     0  entry2.o(.ARM.Collect$$$$00000001)
    _main_scatterload                        0x08000181   Thumb Code     0  entry5.o(.ARM.Collect$$$$00000004)
    __main_after_scatterload                 0x08000185   Thumb Code     0  entry5.o(.ARM.Collect$$$$00000004)
    _main_clock                              0x08000185   Thumb Code     0  entry7b.o(.ARM.Collect$$$$00000008)
    _main_cpp_init                           0x08000185   Thumb Code     0  entry8b.o(.ARM.Collect$$$$0000000A)
    _main_init                               0x08000185   Thumb Code     0  entry9a.o(.ARM.Collect$$$$0000000B)
    __rt_final_cpp                           0x0800018d   Thumb Code     0  entry10a.o(.ARM.Collect$$$$0000000D)
    __rt_final_exit                          0x0800018d   Thumb Code     0  entry11a.o(.ARM.Collect$$$$0000000F)
    Reset_Handler                            0x08000191   Thumb Code     8  startup_at32f403avgt7.o(.text)
    ADC1_2_IRQHandler                        0x080001ab   Thumb Code     0  startup_at32f403avgt7.o(.text)
    ADC3_IRQHandler                          0x080001ab   Thumb Code     0  startup_at32f403avgt7.o(.text)
    CAN1_RX1_IRQHandler                      0x080001ab   Thumb Code     0  startup_at32f403avgt7.o(.text)
    CAN1_SCE_IRQHandler                      0x080001ab   Thumb Code     0  startup_at32f403avgt7.o(.text)
    CAN2_RX0_IRQHandler                      0x080001ab   Thumb Code     0  startup_at32f403avgt7.o(.text)
    CAN2_RX1_IRQHandler                      0x080001ab   Thumb Code     0  startup_at32f403avgt7.o(.text)
    CAN2_SCE_IRQHandler                      0x080001ab   Thumb Code     0  startup_at32f403avgt7.o(.text)
    CAN2_TX_IRQHandler                       0x080001ab   Thumb Code     0  startup_at32f403avgt7.o(.text)
    DMA1_Channel1_IRQHandler                 0x080001ab   Thumb Code     0  startup_at32f403avgt7.o(.text)
    DMA1_Channel2_IRQHandler                 0x080001ab   Thumb Code     0  startup_at32f403avgt7.o(.text)
    DMA1_Channel5_IRQHandler                 0x080001ab   Thumb Code     0  startup_at32f403avgt7.o(.text)
    DMA1_Channel6_IRQHandler                 0x080001ab   Thumb Code     0  startup_at32f403avgt7.o(.text)
    DMA1_Channel7_IRQHandler                 0x080001ab   Thumb Code     0  startup_at32f403avgt7.o(.text)
    DMA2_Channel1_IRQHandler                 0x080001ab   Thumb Code     0  startup_at32f403avgt7.o(.text)
    DMA2_Channel2_IRQHandler                 0x080001ab   Thumb Code     0  startup_at32f403avgt7.o(.text)
    DMA2_Channel3_IRQHandler                 0x080001ab   Thumb Code     0  startup_at32f403avgt7.o(.text)
    DMA2_Channel4_5_IRQHandler               0x080001ab   Thumb Code     0  startup_at32f403avgt7.o(.text)
    DMA2_Channel6_7_IRQHandler               0x080001ab   Thumb Code     0  startup_at32f403avgt7.o(.text)
    EXTI0_IRQHandler                         0x080001ab   Thumb Code     0  startup_at32f403avgt7.o(.text)
    EXTI15_10_IRQHandler                     0x080001ab   Thumb Code     0  startup_at32f403avgt7.o(.text)
    EXTI4_IRQHandler                         0x080001ab   Thumb Code     0  startup_at32f403avgt7.o(.text)
    EXTI9_5_IRQHandler                       0x080001ab   Thumb Code     0  startup_at32f403avgt7.o(.text)
    FLASH_IRQHandler                         0x080001ab   Thumb Code     0  startup_at32f403avgt7.o(.text)
    I2C1_ER_IRQHandler                       0x080001ab   Thumb Code     0  startup_at32f403avgt7.o(.text)
    I2C1_EV_IRQHandler                       0x080001ab   Thumb Code     0  startup_at32f403avgt7.o(.text)
    I2C2_ER_IRQHandler                       0x080001ab   Thumb Code     0  startup_at32f403avgt7.o(.text)
    I2C2_EV_IRQHandler                       0x080001ab   Thumb Code     0  startup_at32f403avgt7.o(.text)
    I2C3_ER_IRQHandler                       0x080001ab   Thumb Code     0  startup_at32f403avgt7.o(.text)
    I2C3_EV_IRQHandler                       0x080001ab   Thumb Code     0  startup_at32f403avgt7.o(.text)
    PVD_IRQHandler                           0x080001ab   Thumb Code     0  startup_at32f403avgt7.o(.text)
    RCC_IRQHandler                           0x080001ab   Thumb Code     0  startup_at32f403avgt7.o(.text)
    RTCAlarm_IRQHandler                      0x080001ab   Thumb Code     0  startup_at32f403avgt7.o(.text)
    RTC_IRQHandler                           0x080001ab   Thumb Code     0  startup_at32f403avgt7.o(.text)
    SDIO1_IRQHandler                         0x080001ab   Thumb Code     0  startup_at32f403avgt7.o(.text)
    SDIO2_IRQHandler                         0x080001ab   Thumb Code     0  startup_at32f403avgt7.o(.text)
    SPI1_IRQHandler                          0x080001ab   Thumb Code     0  startup_at32f403avgt7.o(.text)
    SPI2_I2S2EXT_IRQHandler                  0x080001ab   Thumb Code     0  startup_at32f403avgt7.o(.text)
    SPI3_I2S3EXT_IRQHandler                  0x080001ab   Thumb Code     0  startup_at32f403avgt7.o(.text)
    SPI4_IRQHandler                          0x080001ab   Thumb Code     0  startup_at32f403avgt7.o(.text)
    TAMPER_IRQHandler                        0x080001ab   Thumb Code     0  startup_at32f403avgt7.o(.text)
    TMR1_BRK_TMR9_IRQHandler                 0x080001ab   Thumb Code     0  startup_at32f403avgt7.o(.text)
    TMR1_CC_IRQHandler                       0x080001ab   Thumb Code     0  startup_at32f403avgt7.o(.text)
    TMR1_OV_TMR10_IRQHandler                 0x080001ab   Thumb Code     0  startup_at32f403avgt7.o(.text)
    TMR1_TRG_COM_TMR11_IRQHandler            0x080001ab   Thumb Code     0  startup_at32f403avgt7.o(.text)
    TMR2_GLOBAL_IRQHandler                   0x080001ab   Thumb Code     0  startup_at32f403avgt7.o(.text)
    TMR3_GLOBAL_IRQHandler                   0x080001ab   Thumb Code     0  startup_at32f403avgt7.o(.text)
    TMR4_GLOBAL_IRQHandler                   0x080001ab   Thumb Code     0  startup_at32f403avgt7.o(.text)
    TMR5_GLOBAL_IRQHandler                   0x080001ab   Thumb Code     0  startup_at32f403avgt7.o(.text)
    TMR6_GLOBAL_IRQHandler                   0x080001ab   Thumb Code     0  startup_at32f403avgt7.o(.text)
    TMR7_GLOBAL_IRQHandler                   0x080001ab   Thumb Code     0  startup_at32f403avgt7.o(.text)
    TMR8_BRK_TMR12_IRQHandler                0x080001ab   Thumb Code     0  startup_at32f403avgt7.o(.text)
    TMR8_CC_IRQHandler                       0x080001ab   Thumb Code     0  startup_at32f403avgt7.o(.text)
    TMR8_OV_TMR13_IRQHandler                 0x080001ab   Thumb Code     0  startup_at32f403avgt7.o(.text)
    TMR8_TRG_COM_TMR14_IRQHandler            0x080001ab   Thumb Code     0  startup_at32f403avgt7.o(.text)
    UART4_IRQHandler                         0x080001ab   Thumb Code     0  startup_at32f403avgt7.o(.text)
    UART5_IRQHandler                         0x080001ab   Thumb Code     0  startup_at32f403avgt7.o(.text)
    UART7_IRQHandler                         0x080001ab   Thumb Code     0  startup_at32f403avgt7.o(.text)
    UART8_IRQHandler                         0x080001ab   Thumb Code     0  startup_at32f403avgt7.o(.text)
    USART1_IRQHandler                        0x080001ab   Thumb Code     0  startup_at32f403avgt7.o(.text)
    USART2_IRQHandler                        0x080001ab   Thumb Code     0  startup_at32f403avgt7.o(.text)
    USART3_IRQHandler                        0x080001ab   Thumb Code     0  startup_at32f403avgt7.o(.text)
    USART6_IRQHandler                        0x080001ab   Thumb Code     0  startup_at32f403avgt7.o(.text)
    USB_HP_IRQHandler                        0x080001ab   Thumb Code     0  startup_at32f403avgt7.o(.text)
    USB_LP_IRQHandler                        0x080001ab   Thumb Code     0  startup_at32f403avgt7.o(.text)
    WWDG_IRQHandler                          0x080001ab   Thumb Code     0  startup_at32f403avgt7.o(.text)
    XMC_IRQHandler                           0x080001ab   Thumb Code     0  startup_at32f403avgt7.o(.text)
    __aeabi_uidiv                            0x080001b5   Thumb Code     0  uidiv.o(.text)
    __aeabi_uidivmod                         0x080001b5   Thumb Code    44  uidiv.o(.text)
    __scatterload                            0x080001e1   Thumb Code    28  init.o(.text)
    __scatterload_rt2                        0x080001e1   Thumb Code     0  init.o(.text)
    __decompress                             0x08000205   Thumb Code     0  __dczerorl2.o(.text)
    __decompress1                            0x08000205   Thumb Code    86  __dczerorl2.o(.text)
    ACC_ClearFlag                            0x0800025d   Thumb Code    34  at32f4xx_acc.o(i.ACC_ClearFlag)
    ACC_EnterCALMode                         0x08000285   Thumb Code    12  at32f4xx_acc.o(i.ACC_EnterCALMode)
    ACC_GetFlagStatus                        0x08000295   Thumb Code    20  at32f4xx_acc.o(i.ACC_GetFlagStatus)
    ACC_IRQHandler                           0x080002ad   Thumb Code    34  at32f4xx_it.o(i.ACC_IRQHandler)
    ACC_ITConfig                             0x080002d1   Thumb Code    30  at32f4xx_acc.o(i.ACC_ITConfig)
    ACC_WriteC1                              0x080002f5   Thumb Code     6  at32f4xx_acc.o(i.ACC_WriteC1)
    ACC_WriteC2                              0x08000301   Thumb Code     6  at32f4xx_acc.o(i.ACC_WriteC2)
    ACC_WriteC3                              0x0800030d   Thumb Code     6  at32f4xx_acc.o(i.ACC_WriteC3)
    AT32_BUTTON_Init                         0x08000319   Thumb Code    52  at32_board.o(i.AT32_BUTTON_Init)
    AT32_Board_Init                          0x08000359   Thumb Code    56  at32_board.o(i.AT32_Board_Init)
    AT32_LEDn_Init                           0x08000391   Thumb Code    58  at32_board.o(i.AT32_LEDn_Init)
    AT32_LEDn_OFF                            0x080003d9   Thumb Code    32  at32_board.o(i.AT32_LEDn_OFF)
    AT32_LEDn_Toggle                         0x08000401   Thumb Code    42  at32_board.o(i.AT32_LEDn_Toggle)
    AT32_USB_GPIO_init                       0x08000435   Thumb Code    56  at32_board.o(i.AT32_USB_GPIO_init)
    BusFault_Handler                         0x08000471   Thumb Code     4  at32f4xx_it.o(i.BusFault_Handler)
    ByteSwap                                 0x08000475   Thumb Code    12  usb_regs.o(i.ByteSwap)
    CTR_HP                                   0x08000481   Thumb Code   184  usb_int.o(i.CTR_HP)
    CTR_LP                                   0x08000551   Thumb Code   616  usb_int.o(i.CTR_LP)
    ClearDTOG_RX                             0x080007d9   Thumb Code    48  usb_regs.o(i.ClearDTOG_RX)
    ClearDTOG_TX                             0x0800080d   Thumb Code    48  usb_regs.o(i.ClearDTOG_TX)
    Clear_Status_Out                         0x08000841   Thumb Code    34  usb_regs.o(i.Clear_Status_Out)
    DMA1_Channel3_IRQHandler                 0x08000869   Thumb Code   222  wm8988_i2s.o(i.DMA1_Channel3_IRQHandler)
    DMA1_Channel4_IRQHandler                 0x08000959   Thumb Code   112  wm8988_i2s.o(i.DMA1_Channel4_IRQHandler)
    DMA_ChannelEnable                        0x080009d5   Thumb Code   152  at32f4xx_dma.o(i.DMA_ChannelEnable)
    DMA_ClearITPendingBit                    0x08000a79   Thumb Code    48  at32f4xx_dma.o(i.DMA_ClearITPendingBit)
    DMA_GetITStatus                          0x08000ab9   Thumb Code   340  at32f4xx_dma.o(i.DMA_GetITStatus)
    DebugMon_Handler                         0x08001049   Thumb Code     2  at32f4xx_it.o(i.DebugMon_Handler)
    Delay_init                               0x0800104d   Thumb Code    54  at32_board.o(i.Delay_init)
    Delay_ms                                 0x08001099   Thumb Code   144  at32_board.o(i.Delay_ms)
    Delay_us                                 0x08001131   Thumb Code    90  at32_board.o(i.Delay_us)
    EP1_IN_Callback                          0x08001191   Thumb Code     8  usb_endp.o(i.EP1_IN_Callback)
    EXTI1_Config                             0x08001199   Thumb Code    92  main.o(i.EXTI1_Config)
    EXTI1_IRQHandler                         0x08001205   Thumb Code   132  at32f4xx_it.o(i.EXTI1_IRQHandler)
    EXTI2_Config                             0x080012c5   Thumb Code    96  main.o(i.EXTI2_Config)
    EXTI2_IRQHandler                         0x08001335   Thumb Code    36  at32f4xx_it.o(i.EXTI2_IRQHandler)
    EXTI3_Config                             0x08001361   Thumb Code    96  main.o(i.EXTI3_Config)
    EXTI3_IRQHandler                         0x080013d1   Thumb Code    40  at32f4xx_it.o(i.EXTI3_IRQHandler)
    EXTI_ClearIntPendingBit                  0x08001405   Thumb Code    28  at32f4xx_exti.o(i.EXTI_ClearIntPendingBit)
    EXTI_Init                                0x08001429   Thumb Code   236  at32f4xx_exti.o(i.EXTI_Init)
    EXTI_StructInit                          0x0800151d   Thumb Code    16  at32f4xx_exti.o(i.EXTI_StructInit)
    GPIO_EXTILineConfig                      0x0800152d   Thumb Code   176  at32f4xx_gpio.o(i.GPIO_EXTILineConfig)
    GPIO_Init                                0x080015e5   Thumb Code   366  at32f4xx_gpio.o(i.GPIO_Init)
    GPIO_ResetBits                           0x0800176d   Thumb Code    70  at32f4xx_gpio.o(i.GPIO_ResetBits)
    GPIO_SetBits                             0x080017cd   Thumb Code    70  at32f4xx_gpio.o(i.GPIO_SetBits)
    GPIO_StructInit                          0x0800182d   Thumb Code    16  at32f4xx_gpio.o(i.GPIO_StructInit)
    GetEPRxAddr                              0x0800183d   Thumb Code    26  usb_regs.o(i.GetEPRxAddr)
    GetEPTxAddr                              0x08001861   Thumb Code    24  usb_regs.o(i.GetEPTxAddr)
    Get_SerialNum                            0x08001881   Thumb Code    64  hw_config.o(i.Get_SerialNum)
    HardFault_Handler                        0x080018c9   Thumb Code     4  at32f4xx_it.o(i.HardFault_Handler)
    In0_Process                              0x080018cd   Thumb Code    98  usb_core.o(i.In0_Process)
    MemManage_Handler                        0x0800193d   Thumb Code     4  at32f4xx_it.o(i.MemManage_Handler)
    NMI_Handler                              0x08001941   Thumb Code     2  at32f4xx_it.o(i.NMI_Handler)
    NOP_Process                              0x08001943   Thumb Code     2  usb_core.o(i.NOP_Process)
    NVIC_Init                                0x08001945   Thumb Code   158  misc.o(i.NVIC_Init)
    NVIC_PriorityGroupConfig                 0x08001a2d   Thumb Code    54  misc.o(i.NVIC_PriorityGroupConfig)
    OV2640_Init                              0x08001be1   Thumb Code   378  ov2640.o(i.OV2640_Init)
    OV2640_JPEG_Mode                         0x08001d85   Thumb Code    66  ov2640.o(i.OV2640_JPEG_Mode)
    OV2640_OutSize_Set                       0x08001dd1   Thumb Code   144  ov2640.o(i.OV2640_OutSize_Set)
    Out0_Process                             0x08001e61   Thumb Code    70  usb_core.o(i.Out0_Process)
    PMAToUserBufferCopy                      0x08001eb1   Thumb Code    36  usb_mem.o(i.PMAToUserBufferCopy)
    PendSV_Handler                           0x08001ed9   Thumb Code     2  at32f4xx_it.o(i.PendSV_Handler)
    Post0_Process                            0x08001edd   Thumb Code    54  usb_core.o(i.Post0_Process)
    PowerOn                                  0x08001f25   Thumb Code    46  usb_pwr.o(i.PowerOn)
    RCC_APB1PeriphClockCmd                   0x08001f5d   Thumb Code    70  at32f4xx_rcc.o(i.RCC_APB1PeriphClockCmd)
    RCC_APB2PeriphClockCmd                   0x08001fb1   Thumb Code    70  at32f4xx_rcc.o(i.RCC_APB2PeriphClockCmd)
    RCC_GetClocksFreq                        0x08002005   Thumb Code   300  at32f4xx_rcc.o(i.RCC_GetClocksFreq)
    RCC_HSI2USB48M                           0x0800214d   Thumb Code    74  at32f4xx_rcc.o(i.RCC_HSI2USB48M)
    RCC_StepModeCmd                          0x080021a1   Thumb Code    54  at32f4xx_rcc.o(i.RCC_StepModeCmd)
    RCC_USBCLKConfig                         0x080021e1   Thumb Code    70  at32f4xx_rcc.o(i.RCC_USBCLKConfig)
    SCCB_Init                                0x08002231   Thumb Code   108  sccb.o(i.SCCB_Init)
    SCCB_No_Ack                              0x080022a1   Thumb Code    56  sccb.o(i.SCCB_No_Ack)
    SCCB_RD_Byte                             0x080022e1   Thumb Code   104  sccb.o(i.SCCB_RD_Byte)
    SCCB_RD_Reg                              0x08002355   Thumb Code    78  sccb.o(i.SCCB_RD_Reg)
    SCCB_Start                               0x080023a5   Thumb Code    42  sccb.o(i.SCCB_Start)
    SCCB_Stop                                0x080023d9   Thumb Code    42  sccb.o(i.SCCB_Stop)
    SCCB_WR_Byte                             0x0800240d   Thumb Code   158  sccb.o(i.SCCB_WR_Byte)
    SCCB_WR_Reg                              0x080024b9   Thumb Code    62  sccb.o(i.SCCB_WR_Reg)
    SVC_Handler                              0x080024f7   Thumb Code     2  at32f4xx_it.o(i.SVC_Handler)
    SetDeviceAddress                         0x080024f9   Thumb Code    68  usb_core.o(i.SetDeviceAddress)
    SetEPDblBuf0Count                        0x08002549   Thumb Code   100  usb_regs.o(i.SetEPDblBuf0Count)
    SetEPDblBuf1Count                        0x080025b5   Thumb Code   100  usb_regs.o(i.SetEPDblBuf1Count)
    SetEPDblBuffAddr                         0x08002621   Thumb Code    50  usb_regs.o(i.SetEPDblBuffAddr)
    SetEPDblBuffCount                        0x0800265d   Thumb Code   194  usb_regs.o(i.SetEPDblBuffCount)
    SetEPDoubleBuff                          0x08002729   Thumb Code    38  usb_regs.o(i.SetEPDoubleBuff)
    SetEPRxAddr                              0x08002755   Thumb Code    28  usb_regs.o(i.SetEPRxAddr)
    SetEPRxCount                             0x08002779   Thumb Code    70  usb_regs.o(i.SetEPRxCount)
    SetEPRxStatus                            0x080027c9   Thumb Code    60  usb_regs.o(i.SetEPRxStatus)
    SetEPRxValid                             0x08002809   Thumb Code    48  usb_regs.o(i.SetEPRxValid)
    SetEPTxAddr                              0x0800283d   Thumb Code    26  usb_regs.o(i.SetEPTxAddr)
    SetEPTxCount                             0x08002861   Thumb Code    22  usb_regs.o(i.SetEPTxCount)
    SetEPTxStatus                            0x08002881   Thumb Code    60  usb_regs.o(i.SetEPTxStatus)
    SetEPType                                0x080028c1   Thumb Code    32  usb_regs.o(i.SetEPType)
    Set_USBClock                             0x080029d9   Thumb Code   224  hw_config.o(i.Set_USBClock)
    Setup0_Process                           0x08002acd   Thumb Code   176  usb_core.o(i.Setup0_Process)
    Standard_ClearFeature                    0x08002b89   Thumb Code   342  usb_core.o(i.Standard_ClearFeature)
    Standard_GetConfiguration                0x08002cf5   Thumb Code    34  usb_core.o(i.Standard_GetConfiguration)
    Standard_GetDescriptorData               0x08002d21   Thumb Code    32  usb_core.o(i.Standard_GetDescriptorData)
    Standard_GetInterface                    0x08002d45   Thumb Code    34  usb_core.o(i.Standard_GetInterface)
    Standard_GetStatus                       0x08002d71   Thumb Code   238  usb_core.o(i.Standard_GetStatus)
    Standard_SetConfiguration                0x08002e71   Thumb Code    60  usb_core.o(i.Standard_SetConfiguration)
    Standard_SetDeviceFeature                0x08002eb9   Thumb Code    30  usb_core.o(i.Standard_SetDeviceFeature)
    Standard_SetEndPointFeature              0x08002ee1   Thumb Code   192  usb_core.o(i.Standard_SetEndPointFeature)
    Standard_SetInterface                    0x08002fb1   Thumb Code    96  usb_core.o(i.Standard_SetInterface)
    SysTick_CLKSourceConfig                  0x0800301d   Thumb Code    62  misc.o(i.SysTick_CLKSourceConfig)
    SysTick_Handler                          0x08003099   Thumb Code     2  at32f4xx_it.o(i.SysTick_Handler)
    SystemInit                               0x0800309d   Thumb Code   106  system_at32f4xx.o(i.SystemInit)
    UART_Print_Init                          0x08003121   Thumb Code   142  at32_board.o(i.UART_Print_Init)
    USART_Cmd                                0x080031b9   Thumb Code    90  at32f4xx_usart.o(i.USART_Cmd)
    USART_GetFlagStatus                      0x0800322d   Thumb Code   158  at32f4xx_usart.o(i.USART_GetFlagStatus)
    USART_INTConfig                          0x080032e5   Thumb Code   248  at32f4xx_usart.o(i.USART_INTConfig)
    USART_Init                               0x080033f5   Thumb Code   450  at32f4xx_usart.o(i.USART_Init)
    USART_SendData                           0x080035d5   Thumb Code    74  at32f4xx_usart.o(i.USART_SendData)
    USART_StructInit                         0x08003639   Thumb Code    24  at32f4xx_usart.o(i.USART_StructInit)
    USBWakeUp_IRQHandler                     0x08003651   Thumb Code    12  at32f4xx_it.o(i.USBWakeUp_IRQHandler)
    USB_HP_CAN1_TX_IRQHandler                0x0800365d   Thumb Code     8  at32f4xx_it.o(i.USB_HP_CAN1_TX_IRQHandler)
    USB_Init                                 0x08003665   Thumb Code    36  usb_init.o(i.USB_Init)
    USB_Interrupts_Config                    0x080036a1   Thumb Code   160  hw_config.o(i.USB_Interrupts_Config)
    USB_Istr                                 0x08003741   Thumb Code    62  usb_istr.o(i.USB_Istr)
    USB_LP_CAN1_RX0_IRQHandler               0x08003791   Thumb Code     8  at32f4xx_it.o(i.USB_LP_CAN1_RX0_IRQHandler)
    UVC_SendPack_Irq                         0x08003799   Thumb Code   302  uvcstream.o(i.UVC_SendPack_Irq)
    UsageFault_Handler                       0x080038fd   Thumb Code     4  at32f4xx_it.o(i.UsageFault_Handler)
    UsbCamera_Data_Setup                     0x08003901   Thumb Code    80  usb_prop.o(i.UsbCamera_Data_Setup)
    UsbCamera_GetConfigDescriptor            0x0800395d   Thumb Code    14  usb_prop.o(i.UsbCamera_GetConfigDescriptor)
    UsbCamera_GetDeviceDescriptor            0x08003971   Thumb Code    14  usb_prop.o(i.UsbCamera_GetDeviceDescriptor)
    UsbCamera_GetStringDescriptor            0x08003985   Thumb Code    32  usb_prop.o(i.UsbCamera_GetStringDescriptor)
    UsbCamera_Get_Interface_Setting          0x080039ad   Thumb Code    22  usb_prop.o(i.UsbCamera_Get_Interface_Setting)
    UsbCamera_NoData_Setup                   0x080039c3   Thumb Code     6  usb_prop.o(i.UsbCamera_NoData_Setup)
    UsbCamera_Reset                          0x080039c9   Thumb Code   186  usb_prop.o(i.UsbCamera_Reset)
    UsbCamera_SetConfiguration               0x08003a99   Thumb Code    14  usb_prop.o(i.UsbCamera_SetConfiguration)
    UsbCamera_SetDeviceAddress               0x08003ab1   Thumb Code     8  usb_prop.o(i.UsbCamera_SetDeviceAddress)
    UsbCamera_Status_In                      0x08003abd   Thumb Code     2  usb_prop.o(i.UsbCamera_Status_In)
    UsbCamera_Status_Out                     0x08003abf   Thumb Code     2  usb_prop.o(i.UsbCamera_Status_Out)
    UsbCamera_init                           0x08003ac1   Thumb Code    50  usb_prop.o(i.UsbCamera_init)
    UserToPMABufferCopy                      0x08003b05   Thumb Code    56  usb_mem.o(i.UserToPMABufferCopy)
    VideoCommitControl_Command               0x08003b41   Thumb Code    24  usb_prop.o(i.VideoCommitControl_Command)
    VideoProbeControl_Command                0x08003b61   Thumb Code    24  usb_prop.o(i.VideoProbeControl_Command)
    __0printf$1                              0x08003b81   Thumb Code    22  printf1.o(i.__0printf$1)
    __1printf$1                              0x08003b81   Thumb Code     0  printf1.o(i.__0printf$1)
    __2printf                                0x08003b81   Thumb Code     0  printf1.o(i.__0printf$1)
    __scatterload_copy                       0x08003ba1   Thumb Code    14  handlers.o(i.__scatterload_copy)
    __scatterload_null                       0x08003baf   Thumb Code     2  handlers.o(i.__scatterload_null)
    __scatterload_zeroinit                   0x08003bb1   Thumb Code    14  handlers.o(i.__scatterload_zeroinit)
    assert_failed                            0x08003d15   Thumb Code     4  main.o(i.assert_failed)
    bufCopy                                  0x08003d19   Thumb Code    18  uvcstream.o(i.bufCopy)
    fputc                                    0x08003d2d   Thumb Code    32  at32_board.o(i.fputc)
    main                                     0x08003d51   Thumb Code   152  main.o(i.main)
    ov2640_speed_ctrl                        0x08003e19   Thumb Code    36  ov2640.o(i.ov2640_speed_ctrl)
    ov2640_uxga_init_reg_tbl                 0x08003e3c   Data         356  ov2640.o(.constdata)
    ov2640_svga_init_reg_tbl                 0x08003fa0   Data         354  ov2640.o(.constdata)
    ov2640_yuv422_reg_tbl                    0x08004102   Data          16  ov2640.o(.constdata)
    ov2640_jpeg_reg_tbl                      0x08004112   Data          14  ov2640.o(.constdata)
    ov2640_rgb565_reg_tbl                    0x08004120   Data          28  ov2640.o(.constdata)
    Camera_DeviceDescriptor                  0x08004164   Data          18  usb_desc.o(.constdata)
    Camera_ConfigDescriptor                  0x08004176   Data         144  usb_desc.o(.constdata)
    Camera_StringLangID                      0x08004206   Data           4  usb_desc.o(.constdata)
    Camera_StringVendor                      0x0800420a   Data          38  usb_desc.o(.constdata)
    Camera_StringProduct                     0x08004230   Data          50  usb_desc.o(.constdata)
    Region$$Table$$Base                      0x080043bc   Number         0  anon$$obj.o(Region$$Table)
    Region$$Table$$Limit                     0x080043dc   Number         0  anon$$obj.o(Region$$Table)
    GPIO_InitStructure                       0x20000000   Data           4  main.o(.data)
    EXTI_InitStructure                       0x20000004   Data           8  main.o(.data)
    NVIC_InitStructure                       0x2000000c   Data           4  main.o(.data)
    ImagePtr_W                               0x20000010   Data           2  ov2640.o(.data)
    ImagePtr_H                               0x20000012   Data           2  ov2640.o(.data)
    YSYNC_FLAG                               0x20000014   Data           1  ov2640.o(.data)
    HREF_FLAG                                0x20000015   Data           1  ov2640.o(.data)
    PCLK_FLAG                                0x20000016   Data           1  ov2640.o(.data)
    ov2640_framebuf1_ptr                     0x20000018   Data           4  ov2640.o(.data)
    ov2640_framebuf2_ptr                     0x2000001c   Data           4  ov2640.o(.data)
    frameSendPtr                             0x20000020   Data           4  ov2640.o(.data)
    frameReceivePtr                          0x20000024   Data           4  ov2640.o(.data)
    ImageBuf_1_Ready                         0x20000028   Data           1  ov2640.o(.data)
    ImageBuf_2_Ready                         0x20000029   Data           1  ov2640.o(.data)
    frameBuf_1_len                           0x2000002c   Data           4  ov2640.o(.data)
    frameBuf_2_len                           0x20000030   Data           4  ov2640.o(.data)
    frameSend_len                            0x20000034   Data           4  ov2640.o(.data)
    frameReceived_len                        0x20000038   Data           4  ov2640.o(.data)
    jpegValidLen                             0x2000003c   Data           4  ov2640.o(.data)
    ACC_C2_value                             0x20000040   Data           4  hw_config.o(.data)
    Camera_StringSerial                      0x20000044   Data          26  usb_desc.o(.data)
    videoCommitControl                       0x20000060   Data          34  usb_prop.o(.data)
    videoProbeControl                        0x20000082   Data          34  usb_prop.o(.data)
    Device_Table                             0x200000a4   Data           2  usb_prop.o(.data)
    Device_Property                          0x200000a8   Data          48  usb_prop.o(.data)
    User_Standard_Requests                   0x200000d8   Data          36  usb_prop.o(.data)
    Device_Descriptor                        0x200000fc   Data           8  usb_prop.o(.data)
    Config_Descriptor                        0x20000104   Data           8  usb_prop.o(.data)
    String_Descriptor                        0x2000010c   Data          32  usb_prop.o(.data)
    bDeviceState                             0x2000012c   Data           4  usb_pwr.o(.data)
    fSuspendEnabled                          0x20000130   Data           1  usb_pwr.o(.data)
    ResumeS                                  0x20000131   Data           2  usb_pwr.o(.data)
    StatusInfo                               0x20000134   Data           2  usb_core.o(.data)
    Data_Mul_MaxPacketSize                   0x20000136   Data           1  usb_core.o(.data)
    EPindex                                  0x20000138   Data           1  usb_init.o(.data)
    pInformation                             0x2000013c   Data           4  usb_init.o(.data)
    pProperty                                0x20000140   Data           4  usb_init.o(.data)
    SaveState                                0x20000144   Data           2  usb_init.o(.data)
    wInterrupt_Mask                          0x20000146   Data           2  usb_init.o(.data)
    pUser_Standard_Requests                  0x20000148   Data           4  usb_init.o(.data)
    SaveRState                               0x2000014c   Data           2  usb_int.o(.data)
    SaveTState                               0x2000014e   Data           2  usb_int.o(.data)
    PMAAddr                                  0x20000150   Data           4  usb_regs.o(.data)
    i2s_conf                                 0x20000154   Data          20  wm8988_i2s.o(.data)
    wIstr                                    0x20000168   Data           2  usb_istr.o(.data)
    bIntPackSOF                              0x2000016a   Data           1  usb_istr.o(.data)
    pEpInt_IN                                0x2000016c   Data          28  usb_istr.o(.data)
    pEpInt_OUT                               0x20000188   Data          28  usb_istr.o(.data)
    xbuf_WrFramePtr                          0x200001a4   Data           4  uvcstream.o(.data)
    jpg_codesize                             0x200001a8   Data           8  uvcstream.o(.data)
    xbuf_WrFrame                             0x200001b0   Data           1  uvcstream.o(.data)
    xbuf_RdFrame                             0x200001b1   Data           1  uvcstream.o(.data)
    uvc_StreamHead                           0x200001b2   Data           2  uvcstream.o(.data)
    xbuf_RdFramePtr                          0x200001b4   Data           4  uvcstream.o(.data)
    jpegSendLen                              0x200001b8   Data           4  uvcstream.o(.data)
    frameCnt                                 0x200001bc   Data           4  uvcstream.o(.data)
    m_frameNo                                0x200001c0   Data           4  uvcstream.o(.data)
    LED_GPIO_PORT                            0x200001c4   Data          16  at32_board.o(.data)
    LED_GPIO_PIN                             0x200001d4   Data           8  at32_board.o(.data)
    LED_GPIO_RCC_CLK                         0x200001dc   Data          16  at32_board.o(.data)
    BUTTON_GPIO_PORT                         0x200001ec   Data           8  at32_board.o(.data)
    BUTTON_GPIO_PIN                          0x200001f4   Data           4  at32_board.o(.data)
    BUTTON_GPIO_RCC_CLK                      0x200001f8   Data           8  at32_board.o(.data)
    SystemCoreClock                          0x2000020c   Data           4  system_at32f4xx.o(.data)
    AHBPscTable                              0x20000210   Data          16  system_at32f4xx.o(.data)
    __stdout                                 0x20000230   Data           4  stdout.o(.data)
    ov2640_framebuf1                         0x20000234   Data       40960  ov2640.o(.bss)
    ov2640_framebuf2                         0x2000a234   Data       40960  ov2640.o(.bss)
    Device_Info                              0x20014234   Data          28  usb_init.o(.bss)
    I2S_FiFoSpeaker                          0x20014250   Data        8072  wm8988_i2s.o(.bss)
    I2S1_SpeakerBuffer                       0x200161d8   Data         584  wm8988_i2s.o(.bss)
    I2S2_MicrophoneBuffer                    0x20016420   Data         584  wm8988_i2s.o(.bss)
    I2S_InitStructure                        0x20016668   Data          16  wm8988_i2s.o(.bss)
    DMA_InitStructure                        0x20016678   Data          44  wm8988_i2s.o(.bss)
    u8ZeroBuffer                             0x200166a4   Data         288  wm8988_i2s.o(.bss)
    jpg_codebuf                              0x200167c4   Data        2048  uvcstream.o(.bss)
    xbuf_context                             0x20016fc4   Data          16  uvcstream.o(.bss)
    uvc_rdbuf                                0x20016fd4   Data         176  uvcstream.o(.bss)
    __initial_sp                             0x20017488   Data           0  startup_at32f403avgt7.o(STACK)



==============================================================================

Memory Map of the image

  Image Entry point : 0x0800017d

  Load Region LR_IROM1 (Base: 0x08000000, Size: 0x00004610, Max: 0x00100000, ABSOLUTE, COMPRESSED[0x000044ac])

    Execution Region ER_IROM1 (Exec base: 0x08000000, Load base: 0x08000000, Size: 0x000043dc, Max: 0x00100000, ABSOLUTE)

    Exec Addr    Load Addr    Size         Type   Attr      Idx    E Section Name        Object

    0x08000000   0x08000000   0x0000017c   Data   RO         2395    RESET               startup_at32f403avgt7.o
    0x0800017c   0x0800017c   0x00000000   Code   RO         5836  * .ARM.Collect$$$$00000000  mc_w.l(entry.o)
    0x0800017c   0x0800017c   0x00000004   Code   RO         6100    .ARM.Collect$$$$00000001  mc_w.l(entry2.o)
    0x08000180   0x08000180   0x00000004   Code   RO         6103    .ARM.Collect$$$$00000004  mc_w.l(entry5.o)
    0x08000184   0x08000184   0x00000000   Code   RO         6105    .ARM.Collect$$$$00000008  mc_w.l(entry7b.o)
    0x08000184   0x08000184   0x00000000   Code   RO         6107    .ARM.Collect$$$$0000000A  mc_w.l(entry8b.o)
    0x08000184   0x08000184   0x00000008   Code   RO         6108    .ARM.Collect$$$$0000000B  mc_w.l(entry9a.o)
    0x0800018c   0x0800018c   0x00000000   Code   RO         6110    .ARM.Collect$$$$0000000D  mc_w.l(entry10a.o)
    0x0800018c   0x0800018c   0x00000000   Code   RO         6112    .ARM.Collect$$$$0000000F  mc_w.l(entry11a.o)
    0x0800018c   0x0800018c   0x00000004   Code   RO         6101    .ARM.Collect$$$$00002712  mc_w.l(entry2.o)
    0x08000190   0x08000190   0x00000024   Code   RO         2396    .text               startup_at32f403avgt7.o
    0x080001b4   0x080001b4   0x0000002c   Code   RO         6115    .text               mc_w.l(uidiv.o)
    0x080001e0   0x080001e0   0x00000024   Code   RO         6130    .text               mc_w.l(init.o)
    0x08000204   0x08000204   0x00000056   Code   RO         6148    .text               mc_w.l(__dczerorl2.o)
    0x0800025a   0x0800025a   0x00000002   PAD
    0x0800025c   0x0800025c   0x00000028   Code   RO         5732    i.ACC_ClearFlag     at32f4xx_acc.o
    0x08000284   0x08000284   0x00000010   Code   RO         5733    i.ACC_EnterCALMode  at32f4xx_acc.o
    0x08000294   0x08000294   0x00000018   Code   RO         5735    i.ACC_GetFlagStatus  at32f4xx_acc.o
    0x080002ac   0x080002ac   0x00000022   Code   RO          239    i.ACC_IRQHandler    at32f4xx_it.o
    0x080002ce   0x080002ce   0x00000002   PAD
    0x080002d0   0x080002d0   0x00000024   Code   RO         5738    i.ACC_ITConfig      at32f4xx_acc.o
    0x080002f4   0x080002f4   0x0000000c   Code   RO         5743    i.ACC_WriteC1       at32f4xx_acc.o
    0x08000300   0x08000300   0x0000000c   Code   RO         5744    i.ACC_WriteC2       at32f4xx_acc.o
    0x0800030c   0x0800030c   0x0000000c   Code   RO         5745    i.ACC_WriteC3       at32f4xx_acc.o
    0x08000318   0x08000318   0x00000040   Code   RO         2235    i.AT32_BUTTON_Init  at32_board.o
    0x08000358   0x08000358   0x00000038   Code   RO         2238    i.AT32_Board_Init   at32_board.o
    0x08000390   0x08000390   0x00000048   Code   RO         2239    i.AT32_LEDn_Init    at32_board.o
    0x080003d8   0x080003d8   0x00000028   Code   RO         2240    i.AT32_LEDn_OFF     at32_board.o
    0x08000400   0x08000400   0x00000034   Code   RO         2242    i.AT32_LEDn_Toggle  at32_board.o
    0x08000434   0x08000434   0x0000003c   Code   RO         2243    i.AT32_USB_GPIO_init  at32_board.o
    0x08000470   0x08000470   0x00000004   Code   RO          240    i.BusFault_Handler  at32f4xx_it.o
    0x08000474   0x08000474   0x0000000c   Code   RO         1391    i.ByteSwap          usb_regs.o
    0x08000480   0x08000480   0x000000d0   Code   RO         1319    i.CTR_HP            usb_int.o
    0x08000550   0x08000550   0x00000288   Code   RO         1320    i.CTR_LP            usb_int.o
    0x080007d8   0x080007d8   0x00000034   Code   RO         1392    i.ClearDTOG_RX      usb_regs.o
    0x0800080c   0x0800080c   0x00000034   Code   RO         1393    i.ClearDTOG_TX      usb_regs.o
    0x08000840   0x08000840   0x00000028   Code   RO         1398    i.Clear_Status_Out  usb_regs.o
    0x08000868   0x08000868   0x000000f0   Code   RO         1980    i.DMA1_Channel3_IRQHandler  wm8988_i2s.o
    0x08000958   0x08000958   0x0000007c   Code   RO         1981    i.DMA1_Channel4_IRQHandler  wm8988_i2s.o
    0x080009d4   0x080009d4   0x000000a4   Code   RO         3079    i.DMA_ChannelEnable  at32f4xx_dma.o
    0x08000a78   0x08000a78   0x00000040   Code   RO         3081    i.DMA_ClearITPendingBit  at32f4xx_dma.o
    0x08000ab8   0x08000ab8   0x00000188   Code   RO         3086    i.DMA_GetITStatus   at32f4xx_dma.o
    0x08000c40   0x08000c40   0x000000c0   Code   RO         1153    i.DataStageIn       usb_core.o
    0x08000d00   0x08000d00   0x000000b0   Code   RO         1154    i.DataStageOut      usb_core.o
    0x08000db0   0x08000db0   0x00000298   Code   RO         1155    i.Data_Setup0       usb_core.o
    0x08001048   0x08001048   0x00000002   Code   RO          241    i.DebugMon_Handler  at32f4xx_it.o
    0x0800104a   0x0800104a   0x00000002   PAD
    0x0800104c   0x0800104c   0x0000004c   Code   RO         2244    i.Delay_init        at32_board.o
    0x08001098   0x08001098   0x00000098   Code   RO         2245    i.Delay_ms          at32_board.o
    0x08001130   0x08001130   0x00000060   Code   RO         2247    i.Delay_us          at32_board.o
    0x08001190   0x08001190   0x00000008   Code   RO          956    i.EP1_IN_Callback   usb_endp.o
    0x08001198   0x08001198   0x0000006c   Code   RO            4    i.EXTI1_Config      main.o
    0x08001204   0x08001204   0x000000c0   Code   RO          242    i.EXTI1_IRQHandler  at32f4xx_it.o
    0x080012c4   0x080012c4   0x00000070   Code   RO            5    i.EXTI2_Config      main.o
    0x08001334   0x08001334   0x0000002c   Code   RO          243    i.EXTI2_IRQHandler  at32f4xx_it.o
    0x08001360   0x08001360   0x00000070   Code   RO            6    i.EXTI3_Config      main.o
    0x080013d0   0x080013d0   0x00000034   Code   RO          244    i.EXTI3_IRQHandler  at32f4xx_it.o
    0x08001404   0x08001404   0x00000024   Code   RO         3171    i.EXTI_ClearIntPendingBit  at32f4xx_exti.o
    0x08001428   0x08001428   0x000000f4   Code   RO         3175    i.EXTI_Init         at32f4xx_exti.o
    0x0800151c   0x0800151c   0x00000010   Code   RO         3177    i.EXTI_StructInit   at32f4xx_exti.o
    0x0800152c   0x0800152c   0x000000b8   Code   RO         3522    i.GPIO_EXTILineConfig  at32f4xx_gpio.o
    0x080015e4   0x080015e4   0x00000188   Code   RO         3525    i.GPIO_Init         at32f4xx_gpio.o
    0x0800176c   0x0800176c   0x00000060   Code   RO         3533    i.GPIO_ResetBits    at32f4xx_gpio.o
    0x080017cc   0x080017cc   0x00000060   Code   RO         3534    i.GPIO_SetBits      at32f4xx_gpio.o
    0x0800182c   0x0800182c   0x00000010   Code   RO         3535    i.GPIO_StructInit   at32f4xx_gpio.o
    0x0800183c   0x0800183c   0x00000024   Code   RO         1411    i.GetEPRxAddr       usb_regs.o
    0x08001860   0x08001860   0x00000020   Code   RO         1414    i.GetEPTxAddr       usb_regs.o
    0x08001880   0x08001880   0x00000048   Code   RO          861    i.Get_SerialNum     hw_config.o
    0x080018c8   0x080018c8   0x00000004   Code   RO          245    i.HardFault_Handler  at32f4xx_it.o
    0x080018cc   0x080018cc   0x00000070   Code   RO         1156    i.In0_Process       usb_core.o
    0x0800193c   0x0800193c   0x00000004   Code   RO          246    i.MemManage_Handler  at32f4xx_it.o
    0x08001940   0x08001940   0x00000002   Code   RO          247    i.NMI_Handler       at32f4xx_it.o
    0x08001942   0x08001942   0x00000002   Code   RO         1157    i.NOP_Process       usb_core.o
    0x08001944   0x08001944   0x000000e8   Code   RO         5683    i.NVIC_Init         misc.o
    0x08001a2c   0x08001a2c   0x0000007c   Code   RO         5684    i.NVIC_PriorityGroupConfig  misc.o
    0x08001aa8   0x08001aa8   0x00000138   Code   RO         1158    i.NoData_Setup0     usb_core.o
    0x08001be0   0x08001be0   0x000001a4   Code   RO          563    i.OV2640_Init       ov2640.o
    0x08001d84   0x08001d84   0x0000004c   Code   RO          564    i.OV2640_JPEG_Mode  ov2640.o
    0x08001dd0   0x08001dd0   0x00000090   Code   RO          566    i.OV2640_OutSize_Set  ov2640.o
    0x08001e60   0x08001e60   0x00000050   Code   RO         1159    i.Out0_Process      usb_core.o
    0x08001eb0   0x08001eb0   0x00000028   Code   RO         1361    i.PMAToUserBufferCopy  usb_mem.o
    0x08001ed8   0x08001ed8   0x00000002   Code   RO          248    i.PendSV_Handler    at32f4xx_it.o
    0x08001eda   0x08001eda   0x00000002   PAD
    0x08001edc   0x08001edc   0x00000048   Code   RO         1160    i.Post0_Process     usb_core.o
    0x08001f24   0x08001f24   0x00000038   Code   RO         1100    i.PowerOn           usb_pwr.o
    0x08001f5c   0x08001f5c   0x00000054   Code   RO         4003    i.RCC_APB1PeriphClockCmd  at32f4xx_rcc.o
    0x08001fb0   0x08001fb0   0x00000054   Code   RO         4006    i.RCC_APB2PeriphClockCmd  at32f4xx_rcc.o
    0x08002004   0x08002004   0x00000148   Code   RO         4012    i.RCC_GetClocksFreq  at32f4xx_rcc.o
    0x0800214c   0x0800214c   0x00000054   Code   RO         4020    i.RCC_HSI2USB48M    at32f4xx_rcc.o
    0x080021a0   0x080021a0   0x00000040   Code   RO         4034    i.RCC_StepModeCmd   at32f4xx_rcc.o
    0x080021e0   0x080021e0   0x00000050   Code   RO         4035    i.RCC_USBCLKConfig  at32f4xx_rcc.o
    0x08002230   0x08002230   0x00000070   Code   RO          699    i.SCCB_Init         sccb.o
    0x080022a0   0x080022a0   0x00000040   Code   RO          700    i.SCCB_No_Ack       sccb.o
    0x080022e0   0x080022e0   0x00000074   Code   RO          701    i.SCCB_RD_Byte      sccb.o
    0x08002354   0x08002354   0x0000004e   Code   RO          702    i.SCCB_RD_Reg       sccb.o
    0x080023a2   0x080023a2   0x00000002   PAD
    0x080023a4   0x080023a4   0x00000034   Code   RO          703    i.SCCB_Start        sccb.o
    0x080023d8   0x080023d8   0x00000034   Code   RO          704    i.SCCB_Stop         sccb.o
    0x0800240c   0x0800240c   0x000000ac   Code   RO          705    i.SCCB_WR_Byte      sccb.o
    0x080024b8   0x080024b8   0x0000003e   Code   RO          706    i.SCCB_WR_Reg       sccb.o
    0x080024f6   0x080024f6   0x00000002   Code   RO          249    i.SVC_Handler       at32f4xx_it.o
    0x080024f8   0x080024f8   0x00000050   Code   RO         1161    i.SetDeviceAddress  usb_core.o
    0x08002548   0x08002548   0x0000006c   Code   RO         1430    i.SetEPDblBuf0Count  usb_regs.o
    0x080025b4   0x080025b4   0x0000006c   Code   RO         1432    i.SetEPDblBuf1Count  usb_regs.o
    0x08002620   0x08002620   0x0000003c   Code   RO         1433    i.SetEPDblBuffAddr  usb_regs.o
    0x0800265c   0x0800265c   0x000000cc   Code   RO         1434    i.SetEPDblBuffCount  usb_regs.o
    0x08002728   0x08002728   0x0000002c   Code   RO         1435    i.SetEPDoubleBuff   usb_regs.o
    0x08002754   0x08002754   0x00000024   Code   RO         1436    i.SetEPRxAddr       usb_regs.o
    0x08002778   0x08002778   0x00000050   Code   RO         1437    i.SetEPRxCount      usb_regs.o
    0x080027c8   0x080027c8   0x00000040   Code   RO         1438    i.SetEPRxStatus     usb_regs.o
    0x08002808   0x08002808   0x00000034   Code   RO         1439    i.SetEPRxValid      usb_regs.o
    0x0800283c   0x0800283c   0x00000024   Code   RO         1440    i.SetEPTxAddr       usb_regs.o
    0x08002860   0x08002860   0x00000020   Code   RO         1441    i.SetEPTxCount      usb_regs.o
    0x08002880   0x08002880   0x00000040   Code   RO         1442    i.SetEPTxStatus     usb_regs.o
    0x080028c0   0x080028c0   0x00000024   Code   RO         1444    i.SetEPType         usb_regs.o
    0x080028e4   0x080028e4   0x00000008   Code   RO         2350    i.SetSysClock       system_at32f4xx.o
    0x080028ec   0x080028ec   0x000000ec   Code   RO         2351    i.SetSysClockTo192M  system_at32f4xx.o
    0x080029d8   0x080029d8   0x000000f4   Code   RO          864    i.Set_USBClock      hw_config.o
    0x08002acc   0x08002acc   0x000000bc   Code   RO         1162    i.Setup0_Process    usb_core.o
    0x08002b88   0x08002b88   0x0000016c   Code   RO         1163    i.Standard_ClearFeature  usb_core.o
    0x08002cf4   0x08002cf4   0x0000002c   Code   RO         1164    i.Standard_GetConfiguration  usb_core.o
    0x08002d20   0x08002d20   0x00000024   Code   RO         1165    i.Standard_GetDescriptorData  usb_core.o
    0x08002d44   0x08002d44   0x0000002c   Code   RO         1166    i.Standard_GetInterface  usb_core.o
    0x08002d70   0x08002d70   0x00000100   Code   RO         1167    i.Standard_GetStatus  usb_core.o
    0x08002e70   0x08002e70   0x00000048   Code   RO         1168    i.Standard_SetConfiguration  usb_core.o
    0x08002eb8   0x08002eb8   0x00000028   Code   RO         1169    i.Standard_SetDeviceFeature  usb_core.o
    0x08002ee0   0x08002ee0   0x000000d0   Code   RO         1170    i.Standard_SetEndPointFeature  usb_core.o
    0x08002fb0   0x08002fb0   0x0000006c   Code   RO         1171    i.Standard_SetInterface  usb_core.o
    0x0800301c   0x0800301c   0x0000007c   Code   RO         5687    i.SysTick_CLKSourceConfig  misc.o
    0x08003098   0x08003098   0x00000002   Code   RO          250    i.SysTick_Handler   at32f4xx_it.o
    0x0800309a   0x0800309a   0x00000002   PAD
    0x0800309c   0x0800309c   0x00000084   Code   RO         2353    i.SystemInit        system_at32f4xx.o
    0x08003120   0x08003120   0x00000098   Code   RO         2248    i.UART_Print_Init   at32_board.o
    0x080031b8   0x080031b8   0x00000074   Code   RO         5288    i.USART_Cmd         at32f4xx_usart.o
    0x0800322c   0x0800322c   0x000000b8   Code   RO         5290    i.USART_GetFlagStatus  at32f4xx_usart.o
    0x080032e4   0x080032e4   0x00000110   Code   RO         5293    i.USART_INTConfig   at32f4xx_usart.o
    0x080033f4   0x080033f4   0x000001e0   Code   RO         5294    i.USART_Init        at32f4xx_usart.o
    0x080035d4   0x080035d4   0x00000064   Code   RO         5305    i.USART_SendData    at32f4xx_usart.o
    0x08003638   0x08003638   0x00000018   Code   RO         5311    i.USART_StructInit  at32f4xx_usart.o
    0x08003650   0x08003650   0x0000000c   Code   RO          251    i.USBWakeUp_IRQHandler  at32f4xx_it.o
    0x0800365c   0x0800365c   0x00000008   Code   RO          252    i.USB_HP_CAN1_TX_IRQHandler  at32f4xx_it.o
    0x08003664   0x08003664   0x0000003c   Code   RO         1284    i.USB_Init          usb_init.o
    0x080036a0   0x080036a0   0x000000a0   Code   RO          865    i.USB_Interrupts_Config  hw_config.o
    0x08003740   0x08003740   0x00000050   Code   RO         2151    i.USB_Istr          usb_istr.o
    0x08003790   0x08003790   0x00000008   Code   RO          253    i.USB_LP_CAN1_RX0_IRQHandler  at32f4xx_it.o
    0x08003798   0x08003798   0x00000164   Code   RO         2187    i.UVC_SendPack_Irq  uvcstream.o
    0x080038fc   0x080038fc   0x00000004   Code   RO          254    i.UsageFault_Handler  at32f4xx_it.o
    0x08003900   0x08003900   0x0000005c   Code   RO          983    i.UsbCamera_Data_Setup  usb_prop.o
    0x0800395c   0x0800395c   0x00000014   Code   RO          984    i.UsbCamera_GetConfigDescriptor  usb_prop.o
    0x08003970   0x08003970   0x00000014   Code   RO          985    i.UsbCamera_GetDeviceDescriptor  usb_prop.o
    0x08003984   0x08003984   0x00000028   Code   RO          986    i.UsbCamera_GetStringDescriptor  usb_prop.o
    0x080039ac   0x080039ac   0x00000016   Code   RO          987    i.UsbCamera_Get_Interface_Setting  usb_prop.o
    0x080039c2   0x080039c2   0x00000006   Code   RO          988    i.UsbCamera_NoData_Setup  usb_prop.o
    0x080039c8   0x080039c8   0x000000d0   Code   RO          989    i.UsbCamera_Reset   usb_prop.o
    0x08003a98   0x08003a98   0x00000018   Code   RO          990    i.UsbCamera_SetConfiguration  usb_prop.o
    0x08003ab0   0x08003ab0   0x0000000c   Code   RO          991    i.UsbCamera_SetDeviceAddress  usb_prop.o
    0x08003abc   0x08003abc   0x00000002   Code   RO          992    i.UsbCamera_Status_In  usb_prop.o
    0x08003abe   0x08003abe   0x00000002   Code   RO          993    i.UsbCamera_Status_Out  usb_prop.o
    0x08003ac0   0x08003ac0   0x00000044   Code   RO          994    i.UsbCamera_init    usb_prop.o
    0x08003b04   0x08003b04   0x0000003c   Code   RO         1362    i.UserToPMABufferCopy  usb_mem.o
    0x08003b40   0x08003b40   0x00000020   Code   RO          995    i.VideoCommitControl_Command  usb_prop.o
    0x08003b60   0x08003b60   0x00000020   Code   RO          996    i.VideoProbeControl_Command  usb_prop.o
    0x08003b80   0x08003b80   0x00000020   Code   RO         5884    i.__0printf$1       mc_w.l(printf1.o)
    0x08003ba0   0x08003ba0   0x0000000e   Code   RO         6142    i.__scatterload_copy  mc_w.l(handlers.o)
    0x08003bae   0x08003bae   0x00000002   Code   RO         6143    i.__scatterload_null  mc_w.l(handlers.o)
    0x08003bb0   0x08003bb0   0x0000000e   Code   RO         6144    i.__scatterload_zeroinit  mc_w.l(handlers.o)
    0x08003bbe   0x08003bbe   0x00000002   PAD
    0x08003bc0   0x08003bc0   0x00000154   Code   RO         5891    i._printf_core      mc_w.l(printf1.o)
    0x08003d14   0x08003d14   0x00000004   Code   RO            7    i.assert_failed     main.o
    0x08003d18   0x08003d18   0x00000012   Code   RO         2188    i.bufCopy           uvcstream.o
    0x08003d2a   0x08003d2a   0x00000002   PAD
    0x08003d2c   0x08003d2c   0x00000024   Code   RO         2249    i.fputc             at32_board.o
    0x08003d50   0x08003d50   0x000000c8   Code   RO            8    i.main              main.o
    0x08003e18   0x08003e18   0x00000024   Code   RO          574    i.ov2640_speed_ctrl  ov2640.o
    0x08003e3c   0x08003e3c   0x00000328   Data   RO          576    .constdata          ov2640.o
    0x08004164   0x08004164   0x000000fe   Data   RO          931    .constdata          usb_desc.o
    0x08004262   0x08004262   0x00000002   PAD
    0x08004264   0x08004264   0x00000043   Data   RO         3091    .conststring        at32f4xx_dma.o
    0x080042a7   0x080042a7   0x00000001   PAD
    0x080042a8   0x080042a8   0x00000044   Data   RO         3178    .conststring        at32f4xx_exti.o
    0x080042ec   0x080042ec   0x00000044   Data   RO         3538    .conststring        at32f4xx_gpio.o
    0x08004330   0x08004330   0x00000043   Data   RO         4038    .conststring        at32f4xx_rcc.o
    0x08004373   0x08004373   0x00000001   PAD
    0x08004374   0x08004374   0x00000045   Data   RO         5313    .conststring        at32f4xx_usart.o
    0x080043b9   0x080043b9   0x00000003   PAD
    0x080043bc   0x080043bc   0x00000020   Data   RO         6140    Region$$Table       anon$$obj.o


    Execution Region RW_IRAM1 (Exec base: 0x20000000, Load base: 0x080043dc, Size: 0x00017488, Max: 0x00038000, ABSOLUTE, COMPRESSED[0x000000d0])

    Exec Addr    Load Addr    Size         Type   Attr      Idx    E Section Name        Object

    0x20000000   COMPRESSED   0x00000010   Data   RW            9    .data               main.o
    0x20000010   COMPRESSED   0x00000030   Data   RW          577    .data               ov2640.o
    0x20000040   COMPRESSED   0x00000004   Data   RW          866    .data               hw_config.o
    0x20000044   COMPRESSED   0x0000001a   Data   RW          932    .data               usb_desc.o
    0x2000005e   COMPRESSED   0x00000002   PAD
    0x20000060   COMPRESSED   0x000000cc   Data   RW          997    .data               usb_prop.o
    0x2000012c   COMPRESSED   0x00000007   Data   RW         1104    .data               usb_pwr.o
    0x20000133   COMPRESSED   0x00000001   PAD
    0x20000134   COMPRESSED   0x00000003   Data   RW         1172    .data               usb_core.o
    0x20000137   COMPRESSED   0x00000001   PAD
    0x20000138   COMPRESSED   0x00000014   Data   RW         1286    .data               usb_init.o
    0x2000014c   COMPRESSED   0x00000004   Data   RW         1321    .data               usb_int.o
    0x20000150   COMPRESSED   0x00000004   Data   RW         1452    .data               usb_regs.o
    0x20000154   COMPRESSED   0x00000014   Data   RW         1983    .data               wm8988_i2s.o
    0x20000168   COMPRESSED   0x0000003c   Data   RW         2152    .data               usb_istr.o
    0x200001a4   COMPRESSED   0x00000020   Data   RW         2190    .data               uvcstream.o
    0x200001c4   COMPRESSED   0x00000045   Data   RW         2250    .data               at32_board.o
    0x20000209   COMPRESSED   0x00000003   PAD
    0x2000020c   COMPRESSED   0x00000014   Data   RW         2354    .data               system_at32f4xx.o
    0x20000220   COMPRESSED   0x00000010   Data   RW         4039    .data               at32f4xx_rcc.o
    0x20000230   COMPRESSED   0x00000004   Data   RW         6114    .data               mc_w.l(stdout.o)
    0x20000234        -       0x00014000   Zero   RW          575    .bss                ov2640.o
    0x20014234        -       0x0000001c   Zero   RW         1285    .bss                usb_init.o
    0x20014250        -       0x00002574   Zero   RW         1982    .bss                wm8988_i2s.o
    0x200167c4        -       0x000008c0   Zero   RW         2189    .bss                uvcstream.o
    0x20017084   COMPRESSED   0x00000004   PAD
    0x20017088        -       0x00000400   Zero   RW         2393    STACK               startup_at32f403avgt7.o


==============================================================================

Image component sizes


      Code (inc. data)   RO Data    RW Data    ZI Data      Debug   Object Name

       856         98          0         69          0       9314   at32_board.o
       152         38          0          0          0       4340   at32f4xx_acc.o
       620         80         67          0          0       4154   at32f4xx_dma.o
       296         16         68          0          0       2524   at32f4xx_exti.o
       784         86         68          0          0       5188   at32f4xx_gpio.o
       376         80          0          0          0       8224   at32f4xx_it.o
       724         86         67         16          0       6496   at32f4xx_rcc.o
      1176        132         69          0          0       6649   at32f4xx_usart.o
       476         28          0          4          0       2622   hw_config.o
       536         96          0         16          0     295107   main.o
       480        206          0          0          0       2585   misc.o
       676         52        808         48      81920       4881   ov2640.o
       708         58          0          0          0       4589   sccb.o
        36          8        380          0       1024        944   startup_at32f403avgt7.o
       376         40          0         20          0       2263   system_at32f4xx.o
      3050        282          0          3          0      16327   usb_core.o
         0          0        254         26          0        963   usb_desc.o
         8          0          0          0          0        486   usb_endp.o
        60         24          0         20         28       4338   usb_init.o
       856         56          0          4          0       2585   usb_int.o
        80         18          0         60          0       1244   usb_istr.o
       100          8          0          0          0       2028   usb_mem.o
       580        102          0        204          0      12286   usb_prop.o
        56         10          0          7          0       1825   usb_pwr.o
      1148        128          0          4          0      13804   usb_regs.o
       374         54          0         32       2240       2735   uvcstream.o
         0          0          0          0          0        536   wm8988.o
       364         30          0         20       9588       3063   wm8988_i2s.o

    ----------------------------------------------------------------------
     14960       1816       1820        560      94804     422100   Object Totals
         0          0         32          0          0          0   (incl. Generated)
        12          0          7          7          4          0   (incl. Padding)

    ----------------------------------------------------------------------

      Code (inc. data)   RO Data    RW Data    ZI Data      Debug   Library Member Name

        86          0          0          0          0          0   __dczerorl2.o
         0          0          0          0          0          0   entry.o
         0          0          0          0          0          0   entry10a.o
         0          0          0          0          0          0   entry11a.o
         8          4          0          0          0          0   entry2.o
         4          0          0          0          0          0   entry5.o
         0          0          0          0          0          0   entry7b.o
         0          0          0          0          0          0   entry8b.o
         8          4          0          0          0          0   entry9a.o
        30          0          0          0          0          0   handlers.o
        36          8          0          0          0         68   init.o
       372         14          0          0          0        184   printf1.o
         0          0          0          4          0          0   stdout.o
        44          0          0          0          0         80   uidiv.o

    ----------------------------------------------------------------------
       592         30          0          4          0        332   Library Totals
         4          0          0          0          0          0   (incl. Padding)

    ----------------------------------------------------------------------

      Code (inc. data)   RO Data    RW Data    ZI Data      Debug   Library Name

       588         30          0          4          0        332   mc_w.l

    ----------------------------------------------------------------------
       592         30          0          4          0        332   Library Totals

    ----------------------------------------------------------------------

==============================================================================


      Code (inc. data)   RO Data    RW Data    ZI Data      Debug   

     15552       1846       1820        564      94804     408564   Grand Totals
     15552       1846       1820        208      94804     408564   ELF Image Totals (compressed)
     15552       1846       1820        208          0          0   ROM Totals

==============================================================================

    Total RO  Size (Code + RO Data)                17372 (  16.96kB)
    Total RW  Size (RW Data + ZI Data)             95368 (  93.13kB)
    Total ROM Size (Code + RO Data + RW Data)      17580 (  17.17kB)

==============================================================================

