<html>
<body>
<pre>
<h1>µVision Build Log</h1>
<h2>Tool Versions:</h2>
IDE-Version: ¦ÌVision V5.29.0.0
Copyright (C) 2019 ARM Ltd and ARM Germany GmbH. All rights reserved.
License Information: ly m, vie, LIC=76F5U-SEI5H-DYPV3-A4CJU-EHBE0-H58NE
 
Tool Versions:
Toolchain:       MDK-ARM Plus  Version: 5.29.0.0
Toolchain Path:  C:\Keil_v5\ARM\ARMCC\Bin
C Compiler:      Armcc.exe V5.06 update 6 (build 750)
Assembler:       Armasm.exe V5.06 update 6 (build 750)
Linker/Locator:  ArmLink.exe V5.06 update 6 (build 750)
Library Manager: ArmAr.exe V5.06 update 6 (build 750)
Hex Converter:   FromElf.exe V5.06 update 6 (build 750)
CPU DLL:         SARMCM3.DLL V5.29.0.0
Dialog DLL:      DCM.DLL V1.17.3.0
Target DLL:      UL2CM3.DLL V1.163.0.0
Dialog DLL:      TCM.DLL V1.36.5.0
 
<h2>Project:</h2>
C:\000Files\code\Project\MDK_v5\USBCamera.uvprojx
Project File Date:  12/14/2020

<h2>Output:</h2>
*** Using Compiler 'V5.06 update 6 (build 750)', folder: 'C:\Keil_v5\ARM\ARMCC\Bin'
Rebuild target 'Template'
compiling sccb.c...
compiling at32f4xx_it.c...
compiling usb_endp.c...
compiling usb_desc.c...
compiling ov2640.c...
compiling main.c...
compiling hw_config.c...
assembling startup_at32f403avgt7.s...
compiling at32f4xx_acc.c...
compiling usb_istr.c...
compiling system_at32f4xx.c...
compiling usb_pwr.c...
compiling at32_board.c...
compiling uvcstream.c...
compiling usb_prop.c...
compiling at32f4xx_comp.c...
compiling at32f4xx_crc.c...
compiling at32f4xx_dac.c...
compiling at32f4xx_dbgmcu.c...
compiling at32f4xx_bkp.c...
compiling at32f4xx_can.c...
compiling at32f4xx_adc.c...
compiling at32f4xx_ertc.c...
compiling at32f4xx_dma.c...
compiling at32f4xx_exti.c...
compiling at32f4xx_i2c.c...
compiling at32f4xx_eth.c...
compiling at32f4xx_flash.c...
compiling at32f4xx_gpio.c...
compiling at32f4xx_rtc.c...
compiling at32f4xx_pwr.c...
compiling at32f4xx_iwdg.c...
compiling at32f4xx_sdio.c...
compiling at32f4xx_rcc.c...
compiling at32f4xx_spi.c...
compiling at32f4xx_tim.c...
compiling misc.c...
compiling at32f4xx_wwdg.c...
compiling usb_init.c...
compiling at32f4xx_xmc.c...
compiling at32f4xx_usart.c...
compiling usb_core.c...
compiling usb_int.c...
compiling usb_mem.c...
compiling usb_sil.c...
compiling usb_regs.c...
linking...
Program Size: Code=14540 RO-data=1484 RW-data=500 ZI-data=90316  
FromELF: creating hex file...
".\Objects\USBCamera.axf" - 0 Error(s), 0 Warning(s).

<h2>Software Packages used:</h2>

Package Vendor: Keil
                
                Keil.AT32F4xx_DFP.1.3.1
                ArteryTek AT32F4 Series Device Support,Drivers

<h2>Collection of Component include folders:</h2>
  .\RTE\_Template
  C:\Users\menglingyu\AppData\Local\Arm\Packs\Keil\AT32F4xx_DFP\1.3.1\Device\Include

<h2>Collection of Component Files used:</h2>
Build Time Elapsed:  00:00:11
</pre>
</body>
</html>
