Component: ARM Compiler 5.06 update 6 (build 750) Tool: armlink [4d35ed]

==============================================================================

Section Cross References

    main.o(i.EXTI1_Config) refers to at32f4xx_rcc.o(i.RCC_APB2PeriphClockCmd) for RCC_APB2PeriphClockCmd
    main.o(i.EXTI1_Config) refers to at32f4xx_gpio.o(i.GPIO_Init) for GPIO_Init
    main.o(i.EXTI1_Config) refers to at32f4xx_gpio.o(i.GPIO_EXTILineConfig) for GPIO_EXTILineConfig
    main.o(i.EXTI1_Config) refers to at32f4xx_exti.o(i.EXTI_Init) for EXTI_Init
    main.o(i.EXTI1_Config) refers to misc.o(i.NVIC_Init) for NVIC_Init
    main.o(i.EXTI1_Config) refers to main.o(.data) for GPIO_InitStructure
    main.o(i.EXTI2_Config) refers to at32f4xx_rcc.o(i.RCC_APB2PeriphClockCmd) for RCC_APB2PeriphClockCmd
    main.o(i.EXTI2_Config) refers to at32f4xx_gpio.o(i.GPIO_Init) for GPIO_Init
    main.o(i.EXTI2_Config) refers to at32f4xx_gpio.o(i.GPIO_EXTILineConfig) for GPIO_EXTILineConfig
    main.o(i.EXTI2_Config) refers to at32f4xx_exti.o(i.EXTI_Init) for EXTI_Init
    main.o(i.EXTI2_Config) refers to misc.o(i.NVIC_Init) for NVIC_Init
    main.o(i.EXTI2_Config) refers to main.o(.data) for GPIO_InitStructure
    main.o(i.EXTI3_Config) refers to at32f4xx_rcc.o(i.RCC_APB2PeriphClockCmd) for RCC_APB2PeriphClockCmd
    main.o(i.EXTI3_Config) refers to at32f4xx_gpio.o(i.GPIO_Init) for GPIO_Init
    main.o(i.EXTI3_Config) refers to at32f4xx_gpio.o(i.GPIO_EXTILineConfig) for GPIO_EXTILineConfig
    main.o(i.EXTI3_Config) refers to at32f4xx_exti.o(i.EXTI_Init) for EXTI_Init
    main.o(i.EXTI3_Config) refers to misc.o(i.NVIC_Init) for NVIC_Init
    main.o(i.EXTI3_Config) refers to main.o(.data) for GPIO_InitStructure
    main.o(i.main) refers to at32f4xx_gpio.o(i.GPIO_StructInit) for GPIO_StructInit
    main.o(i.main) refers to at32f4xx_exti.o(i.EXTI_StructInit) for EXTI_StructInit
    main.o(i.main) refers to misc.o(i.NVIC_PriorityGroupConfig) for NVIC_PriorityGroupConfig
    main.o(i.main) refers to at32_board.o(i.AT32_Board_Init) for AT32_Board_Init
    main.o(i.main) refers to at32_board.o(i.UART_Print_Init) for UART_Print_Init
    main.o(i.main) refers to at32_board.o(i.AT32_USB_GPIO_init) for AT32_USB_GPIO_init
    main.o(i.main) refers to hw_config.o(i.USB_Interrupts_Config) for USB_Interrupts_Config
    main.o(i.main) refers to hw_config.o(i.Set_USBClock) for Set_USBClock
    main.o(i.main) refers to usb_init.o(i.USB_Init) for USB_Init
    main.o(i.main) refers to main.o(i.EXTI1_Config) for EXTI1_Config
    main.o(i.main) refers to main.o(i.EXTI2_Config) for EXTI2_Config
    main.o(i.main) refers to main.o(i.EXTI3_Config) for EXTI3_Config
    main.o(i.main) refers to ov2640.o(i.OV2640_Init) for OV2640_Init
    main.o(i.main) refers to at32_board.o(i.AT32_LEDn_OFF) for AT32_LEDn_OFF
    main.o(i.main) refers to at32_board.o(i.Delay_ms) for Delay_ms
    main.o(i.main) refers to main.o(.data) for GPIO_InitStructure
    main.o(i.main) refers to ov2640.o(.data) for FrameBuf_1_Addr
    at32f4xx_it.o(i.ACC_IRQHandler) refers to at32f4xx_acc.o(i.ACC_GetFlagStatus) for ACC_GetFlagStatus
    at32f4xx_it.o(i.ACC_IRQHandler) refers to at32f4xx_acc.o(i.ACC_ClearFlag) for ACC_ClearFlag
    at32f4xx_it.o(i.EXTI1_IRQHandler) refers to at32f4xx_exti.o(i.EXTI_ClearIntPendingBit) for EXTI_ClearIntPendingBit
    at32f4xx_it.o(i.EXTI1_IRQHandler) refers to ov2640.o(.data) for Frame_RcvLen
    at32f4xx_it.o(i.EXTI2_IRQHandler) refers to at32f4xx_exti.o(i.EXTI_ClearIntPendingBit) for EXTI_ClearIntPendingBit
    at32f4xx_it.o(i.EXTI3_IRQHandler) refers to at32f4xx_exti.o(i.EXTI_ClearIntPendingBit) for EXTI_ClearIntPendingBit
    at32f4xx_it.o(i.EXTI3_IRQHandler) refers to ov2640.o(.data) for Frame_RcvPtr
    at32f4xx_it.o(i.USBWakeUp_IRQHandler) refers to at32f4xx_exti.o(i.EXTI_ClearIntPendingBit) for EXTI_ClearIntPendingBit
    at32f4xx_it.o(i.USB_HP_CAN1_TX_IRQHandler) refers to usb_int.o(i.CTR_HP) for CTR_HP
    at32f4xx_it.o(i.USB_LP_CAN1_RX0_IRQHandler) refers to usb_istr.o(i.USB_Istr) for USB_Istr
    ov2640.o(i.OV2640_Auto_Exposure) refers to sccb.o(i.SCCB_WR_Reg) for SCCB_WR_Reg
    ov2640.o(i.OV2640_Auto_Exposure) refers to ov2640.o(.constdata) for OV2640_AUTOEXPOSURE_LEVEL
    ov2640.o(i.OV2640_Brightness) refers to sccb.o(i.SCCB_WR_Reg) for SCCB_WR_Reg
    ov2640.o(i.OV2640_Color_Bar) refers to sccb.o(i.SCCB_WR_Reg) for SCCB_WR_Reg
    ov2640.o(i.OV2640_Color_Bar) refers to sccb.o(i.SCCB_RD_Reg) for SCCB_RD_Reg
    ov2640.o(i.OV2640_Color_Saturation) refers to sccb.o(i.SCCB_WR_Reg) for SCCB_WR_Reg
    ov2640.o(i.OV2640_Contrast) refers to sccb.o(i.SCCB_WR_Reg) for SCCB_WR_Reg
    ov2640.o(i.OV2640_ImageSize_Set) refers to sccb.o(i.SCCB_WR_Reg) for SCCB_WR_Reg
    ov2640.o(i.OV2640_ImageWin_Set) refers to sccb.o(i.SCCB_WR_Reg) for SCCB_WR_Reg
    ov2640.o(i.OV2640_Init) refers to at32f4xx_rcc.o(i.RCC_APB2PeriphClockCmd) for RCC_APB2PeriphClockCmd
    ov2640.o(i.OV2640_Init) refers to at32f4xx_gpio.o(i.GPIO_Init) for GPIO_Init
[...]
    Removing at32f4xx_usart.o(.revsh_text), (4 bytes).
    Removing at32f4xx_usart.o(.rrx_text), (6 bytes).
    Removing at32f4xx_usart.o(i.USART_ClearFlag), (200 bytes).
    Removing at32f4xx_usart.o(i.USART_ClearITPendingBit), (236 bytes).
    Removing at32f4xx_usart.o(i.USART_ClockInit), (240 bytes).
    Removing at32f4xx_usart.o(i.USART_ClockStructInit), (12 bytes).
    Removing at32f4xx_usart.o(i.USART_DMACmd), (192 bytes).
    Removing at32f4xx_usart.o(i.USART_GetFlagStatus), (244 bytes).
    Removing at32f4xx_usart.o(i.USART_GetITStatus), (336 bytes).
    Removing at32f4xx_usart.o(i.USART_HalfDuplexCmd), (176 bytes).
    Removing at32f4xx_usart.o(i.USART_IrDACmd), (176 bytes).
    Removing at32f4xx_usart.o(i.USART_IrDAConfig), (168 bytes).
    Removing at32f4xx_usart.o(i.USART_LINBreakDetectLengthConfig), (168 bytes).
    Removing at32f4xx_usart.o(i.USART_LINCmd), (176 bytes).
    Removing at32f4xx_usart.o(i.USART_OneBitMethodCmd), (176 bytes).
    Removing at32f4xx_usart.o(i.USART_OverSampling8Cmd), (172 bytes).
    Removing at32f4xx_usart.o(i.USART_ReceiveData), (140 bytes).
    Removing at32f4xx_usart.o(i.USART_ReceiverWakeUpCmd), (176 bytes).
    Removing at32f4xx_usart.o(i.USART_Reset), (260 bytes).
    Removing at32f4xx_usart.o(i.USART_SendBreak), (140 bytes).
    Removing at32f4xx_usart.o(i.USART_SendData), (160 bytes).
    Removing at32f4xx_usart.o(i.USART_SetAddress), (168 bytes).
    Removing at32f4xx_usart.o(i.USART_SetGuardTime), (128 bytes).
    Removing at32f4xx_usart.o(i.USART_SetPrescaler), (148 bytes).
    Removing at32f4xx_usart.o(i.USART_SmartCardCmd), (156 bytes).
    Removing at32f4xx_usart.o(i.USART_SmartCardNACKCmd), (156 bytes).
    Removing at32f4xx_usart.o(i.USART_WakeUpConfig), (172 bytes).
    Removing at32f4xx_wwdg.o(.rev16_text), (4 bytes).
    Removing at32f4xx_wwdg.o(.revsh_text), (4 bytes).
    Removing at32f4xx_wwdg.o(.rrx_text), (6 bytes).
    Removing at32f4xx_wwdg.o(i.WWDG_ClearFlag), (12 bytes).
    Removing at32f4xx_wwdg.o(i.WWDG_Enable), (100 bytes).
    Removing at32f4xx_wwdg.o(i.WWDG_EnableINT), (12 bytes).
    Removing at32f4xx_wwdg.o(i.WWDG_GetFlagStatus), (12 bytes).
    Removing at32f4xx_wwdg.o(i.WWDG_Reset), (22 bytes).
    Removing at32f4xx_wwdg.o(i.WWDG_SetCounter), (100 bytes).
    Removing at32f4xx_wwdg.o(i.WWDG_SetPrescaler), (120 bytes).
    Removing at32f4xx_wwdg.o(i.WWDG_SetWindowCounter), (120 bytes).
    Removing at32f4xx_xmc.o(.rev16_text), (4 bytes).
    Removing at32f4xx_xmc.o(.revsh_text), (4 bytes).
    Removing at32f4xx_xmc.o(.rrx_text), (6 bytes).
    Removing at32f4xx_xmc.o(i.XMC_ClearFlag), (184 bytes).
    Removing at32f4xx_xmc.o(i.XMC_ClearINTPendingBit), (188 bytes).
    Removing at32f4xx_xmc.o(i.XMC_ExtTimingConfig), (148 bytes).
    Removing at32f4xx_xmc.o(i.XMC_GetECC), (28 bytes).
    Removing at32f4xx_xmc.o(i.XMC_GetFlagStatus), (184 bytes).
    Removing at32f4xx_xmc.o(i.XMC_GetINTStatus), (200 bytes).
    Removing at32f4xx_xmc.o(i.XMC_INTConfig), (264 bytes).
    Removing at32f4xx_xmc.o(i.XMC_NANDCmd), (200 bytes).
    Removing at32f4xx_xmc.o(i.XMC_NANDECCCmd), (200 bytes).
    Removing at32f4xx_xmc.o(i.XMC_NANDInit), (552 bytes).
    Removing at32f4xx_xmc.o(i.XMC_NANDReset), (156 bytes).
    Removing at32f4xx_xmc.o(i.XMC_NANDStructInit), (54 bytes).
    Removing at32f4xx_xmc.o(i.XMC_NORSRAMCmd), (164 bytes).
    Removing at32f4xx_xmc.o(i.XMC_NORSRAMInit), (896 bytes).
    Removing at32f4xx_xmc.o(i.XMC_NORSRAMReset), (148 bytes).
    Removing at32f4xx_xmc.o(i.XMC_NORSRAMStructInit), (114 bytes).
    Removing at32f4xx_xmc.o(i.XMC_PCCARDCmd), (132 bytes).
    Removing at32f4xx_xmc.o(i.XMC_PCCARDInit), (500 bytes).
    Removing at32f4xx_xmc.o(i.XMC_PCCARDReset), (40 bytes).
    Removing at32f4xx_xmc.o(i.XMC_PCCARDStructInit), (60 bytes).
    Removing misc.o(.rev16_text), (4 bytes).
    Removing misc.o(.revsh_text), (4 bytes).
    Removing misc.o(.rrx_text), (6 bytes).
    Removing misc.o(i.NVIC_SetVectorTable), (128 bytes).
    Removing misc.o(i.NVIC_SystemLPConfig), (132 bytes).
    Removing usb_core.o(.rev16_text), (4 bytes).
    Removing usb_core.o(.revsh_text), (4 bytes).
    Removing usb_core.o(.rrx_text), (6 bytes).
    Removing usb_init.o(.rev16_text), (4 bytes).
    Removing usb_init.o(.revsh_text), (4 bytes).
    Removing usb_init.o(.rrx_text), (6 bytes).
    Removing usb_int.o(.rev16_text), (4 bytes).
    Removing usb_int.o(.revsh_text), (4 bytes).
    Removing usb_int.o(.rrx_text), (6 bytes).
    Removing usb_mem.o(.rev16_text), (4 bytes).
    Removing usb_mem.o(.revsh_text), (4 bytes).
    Removing usb_mem.o(.rrx_text), (6 bytes).
    Removing usb_regs.o(.rev16_text), (4 bytes).
    Removing usb_regs.o(.revsh_text), (4 bytes).
    Removing usb_regs.o(.rrx_text), (6 bytes).
    Removing usb_regs.o(i.ClearEPDoubleBuff), (40 bytes).
    Removing usb_regs.o(i.ClearEP_CTFR_RX), (36 bytes).
    Removing usb_regs.o(i.ClearEP_CTFR_TX), (32 bytes).
    Removing usb_regs.o(i.ClearEP_SUBTYPE), (40 bytes).
    Removing usb_regs.o(i.Clear_USB768ByteMode), (32 bytes).
    Removing usb_regs.o(i.FreeUserBuffer), (84 bytes).
    Removing usb_regs.o(i.GetBUFTBL), (12 bytes).
    Removing usb_regs.o(i.GetCTRL), (12 bytes).
    Removing usb_regs.o(i.GetDEVADR), (12 bytes).
    Removing usb_regs.o(i.GetENDPOINT), (20 bytes).
    Removing usb_regs.o(i.GetEPAddress), (24 bytes).
    Removing usb_regs.o(i.GetEPDblBuf0Addr), (32 bytes).
    Removing usb_regs.o(i.GetEPDblBuf0Count), (36 bytes).
    Removing usb_regs.o(i.GetEPDblBuf1Addr), (36 bytes).
    Removing usb_regs.o(i.GetEPDblBuf1Count), (36 bytes).
    Removing usb_regs.o(i.GetEPDblBufDir), (76 bytes).
    Removing usb_regs.o(i.GetEPRxCount), (36 bytes).
    Removing usb_regs.o(i.GetEPRxStatus), (24 bytes).
    Removing usb_regs.o(i.GetEPTxCount), (36 bytes).
    Removing usb_regs.o(i.GetEPTxStatus), (24 bytes).
    Removing usb_regs.o(i.GetEPType), (24 bytes).
    Removing usb_regs.o(i.GetFRNUM), (12 bytes).
    Removing usb_regs.o(i.GetINTSTS), (12 bytes).
    Removing usb_regs.o(i.GetRxStallStatus), (36 bytes).
    Removing usb_regs.o(i.GetTxStallStatus), (32 bytes).
    Removing usb_regs.o(i.SetBUFTBL), (16 bytes).
    Removing usb_regs.o(i.SetCTRL), (12 bytes).
    Removing usb_regs.o(i.SetDEVADR), (12 bytes).
    Removing usb_regs.o(i.SetDouBleBuffEPStall), (60 bytes).
    Removing usb_regs.o(i.SetENDPOINT), (16 bytes).
    Removing usb_regs.o(i.SetEPAddress), (44 bytes).
    Removing usb_regs.o(i.SetEPCountRxReg), (48 bytes).
    Removing usb_regs.o(i.SetEPDblBuf0Addr), (36 bytes).
    Removing usb_regs.o(i.SetEPDblBuf1Addr), (36 bytes).
    Removing usb_regs.o(i.SetEPTxValid), (52 bytes).
    Removing usb_regs.o(i.SetEP_SUBTYPE), (44 bytes).
    Removing usb_regs.o(i.SetINTSTS), (12 bytes).
    Removing usb_regs.o(i.Set_Status_Out), (44 bytes).
    Removing usb_regs.o(i.Set_USB768ByteMode), (32 bytes).
    Removing usb_regs.o(i.ToWord), (8 bytes).
    Removing usb_regs.o(i.ToggleDTOG_RX), (40 bytes).
    Removing usb_regs.o(i.ToggleDTOG_TX), (40 bytes).
    Removing usb_sil.o(.rev16_text), (4 bytes).
    Removing usb_sil.o(.revsh_text), (4 bytes).
    Removing usb_sil.o(.rrx_text), (6 bytes).
    Removing usb_sil.o(i.USB_SIL_Init), (36 bytes).
    Removing usb_sil.o(i.USB_SIL_Read), (46 bytes).
    Removing usb_sil.o(i.USB_SIL_Write), (46 bytes).

682 unused section(s) (total 85706 bytes) removed from the image.

==============================================================================

Image Symbol Table

    Local Symbols

    Symbol Name                              Value     Ov Type        Size  Object(Section)

    ../clib/../cmprslib/zerorunl2.c          0x00000000   Number         0  __dczerorl2.o ABSOLUTE
    ../clib/microlib/init/entry.s            0x00000000   Number         0  entry.o ABSOLUTE
    ../clib/microlib/init/entry.s            0x00000000   Number         0  entry8a.o ABSOLUTE
    ../clib/microlib/init/entry.s            0x00000000   Number         0  entry10b.o ABSOLUTE
    ../clib/microlib/init/entry.s            0x00000000   Number         0  entry11a.o ABSOLUTE
    ../clib/microlib/init/entry.s            0x00000000   Number         0  entry11b.o ABSOLUTE
    ../clib/microlib/init/entry.s            0x00000000   Number         0  entry8b.o ABSOLUTE
    ../clib/microlib/init/entry.s            0x00000000   Number         0  entry9a.o ABSOLUTE
    ../clib/microlib/init/entry.s            0x00000000   Number         0  entry9b.o ABSOLUTE
    ../clib/microlib/init/entry.s            0x00000000   Number         0  entry10a.o ABSOLUTE
    ../clib/microlib/init/entry.s            0x00000000   Number         0  entry7b.o ABSOLUTE
    ../clib/microlib/init/entry.s            0x00000000   Number         0  entry7a.o ABSOLUTE
    ../clib/microlib/init/entry.s            0x00000000   Number         0  entry5.o ABSOLUTE
    ../clib/microlib/init/entry.s            0x00000000   Number         0  entry2.o ABSOLUTE
    ..\..\Libraries\AT32F4xx_StdPeriph_Driver\src\at32f4xx_acc.c 0x00000000   Number         0  at32f4xx_acc.o ABSOLUTE
    ..\..\Libraries\AT32F4xx_StdPeriph_Driver\src\at32f4xx_adc.c 0x00000000   Number         0  at32f4xx_adc.o ABSOLUTE
    ..\..\Libraries\AT32F4xx_StdPeriph_Driver\src\at32f4xx_bkp.c 0x00000000   Number         0  at32f4xx_bkp.o ABSOLUTE
    ..\..\Libraries\AT32F4xx_StdPeriph_Driver\src\at32f4xx_can.c 0x00000000   Number         0  at32f4xx_can.o ABSOLUTE
    ..\..\Libraries\AT32F4xx_StdPeriph_Driver\src\at32f4xx_comp.c 0x00000000   Number         0  at32f4xx_comp.o ABSOLUTE
    ..\..\Libraries\AT32F4xx_StdPeriph_Driver\src\at32f4xx_crc.c 0x00000000   Number         0  at32f4xx_crc.o ABSOLUTE
    ..\..\Libraries\AT32F4xx_StdPeriph_Driver\src\at32f4xx_dac.c 0x00000000   Number         0  at32f4xx_dac.o ABSOLUTE
    ..\..\Libraries\AT32F4xx_StdPeriph_Driver\src\at32f4xx_dbgmcu.c 0x00000000   Number         0  at32f4xx_dbgmcu.o ABSOLUTE
    ..\..\Libraries\AT32F4xx_StdPeriph_Driver\src\at32f4xx_dma.c 0x00000000   Number         0  at32f4xx_dma.o ABSOLUTE
    ..\..\Libraries\AT32F4xx_StdPeriph_Driver\src\at32f4xx_ertc.c 0x00000000   Number         0  at32f4xx_ertc.o ABSOLUTE
    ..\..\Libraries\AT32F4xx_StdPeriph_Driver\src\at32f4xx_eth.c 0x00000000   Number         0  at32f4xx_eth.o ABSOLUTE
    ..\..\Libraries\AT32F4xx_StdPeriph_Driver\src\at32f4xx_exti.c 0x00000000   Number         0  at32f4xx_exti.o ABSOLUTE
    ..\..\Libraries\AT32F4xx_StdPeriph_Driver\src\at32f4xx_flash.c 0x00000000   Number         0  at32f4xx_flash.o ABSOLUTE
    ..\..\Libraries\AT32F4xx_StdPeriph_Driver\src\at32f4xx_gpio.c 0x00000000   Number         0  at32f4xx_gpio.o ABSOLUTE
    ..\..\Libraries\AT32F4xx_StdPeriph_Driver\src\at32f4xx_i2c.c 0x00000000   Number         0  at32f4xx_i2c.o ABSOLUTE
    ..\..\Libraries\AT32F4xx_StdPeriph_Driver\src\at32f4xx_iwdg.c 0x00000000   Number         0  at32f4xx_iwdg.o ABSOLUTE
    ..\..\Libraries\AT32F4xx_StdPeriph_Driver\src\at32f4xx_pwr.c 0x00000000   Number         0  at32f4xx_pwr.o ABSOLUTE
    ..\..\Libraries\AT32F4xx_StdPeriph_Driver\src\at32f4xx_rcc.c 0x00000000   Number         0  at32f4xx_rcc.o ABSOLUTE
    ..\..\Libraries\AT32F4xx_StdPeriph_Driver\src\at32f4xx_rtc.c 0x00000000   Number         0  at32f4xx_rtc.o ABSOLUTE
    ..\..\Libraries\AT32F4xx_StdPeriph_Driver\src\at32f4xx_sdio.c 0x00000000   Number         0  at32f4xx_sdio.o ABSOLUTE
    ..\..\Libraries\AT32F4xx_StdPeriph_Driver\src\at32f4xx_spi.c 0x00000000   Number         0  at32f4xx_spi.o ABSOLUTE
    ..\..\Libraries\AT32F4xx_StdPeriph_Driver\src\at32f4xx_tim.c 0x00000000   Number         0  at32f4xx_tim.o ABSOLUTE
    ..\..\Libraries\AT32F4xx_StdPeriph_Driver\src\at32f4xx_usart.c 0x00000000   Number         0  at32f4xx_usart.o ABSOLUTE
    ..\..\Libraries\AT32F4xx_StdPeriph_Driver\src\at32f4xx_wwdg.c 0x00000000   Number         0  at32f4xx_wwdg.o ABSOLUTE
    ..\..\Libraries\AT32F4xx_StdPeriph_Driver\src\at32f4xx_xmc.c 0x00000000   Number         0  at32f4xx_xmc.o ABSOLUTE
    ..\..\Libraries\AT32F4xx_StdPeriph_Driver\src\misc.c 0x00000000   Number         0  misc.o ABSOLUTE
    ..\..\Libraries\CMSIS\CM4\DeviceSupport\startup\mdk\startup_at32f403avgt7.s 0x00000000   Number         0  startup_at32f403avgt7.o ABSOLUTE
    ..\..\Middlewares\AT32_USB-FS-Device_Driver\src\usb_core.c 0x00000000   Number         0  usb_core.o ABSOLUTE
    ..\..\Middlewares\AT32_USB-FS-Device_Driver\src\usb_init.c 0x00000000   Number         0  usb_init.o ABSOLUTE
    ..\..\Middlewares\AT32_USB-FS-Device_Driver\src\usb_int.c 0x00000000   Number         0  usb_int.o ABSOLUTE
    ..\..\Middlewares\AT32_USB-FS-Device_Driver\src\usb_mem.c 0x00000000   Number         0  usb_mem.o ABSOLUTE
    ..\..\Middlewares\AT32_USB-FS-Device_Driver\src\usb_regs.c 0x00000000   Number         0  usb_regs.o ABSOLUTE
    ..\..\Middlewares\AT32_USB-FS-Device_Driver\src\usb_sil.c 0x00000000   Number         0  usb_sil.o ABSOLUTE
    ..\USB_APP\hw_config.c                   0x00000000   Number         0  hw_config.o ABSOLUTE
    ..\USB_APP\usb_desc.c                    0x00000000   Number         0  usb_desc.o ABSOLUTE
    ..\USB_APP\usb_endp.c                    0x00000000   Number         0  usb_endp.o ABSOLUTE
    ..\USB_APP\usb_istr.c                    0x00000000   Number         0  usb_istr.o ABSOLUTE
    ..\USB_APP\usb_prop.c                    0x00000000   Number         0  usb_prop.o ABSOLUTE
    ..\USB_APP\usb_pwr.c                     0x00000000   Number         0  usb_pwr.o ABSOLUTE
    ..\USB_APP\uvcstream.c                   0x00000000   Number         0  uvcstream.o ABSOLUTE
    ..\\..\\Libraries\\AT32F4xx_StdPeriph_Driver\\src\\at32f4xx_acc.c 0x00000000   Number         0  at32f4xx_acc.o ABSOLUTE
    ..\\..\\Libraries\\AT32F4xx_StdPeriph_Driver\\src\\at32f4xx_adc.c 0x00000000   Number         0  at32f4xx_adc.o ABSOLUTE
    ..\\..\\Libraries\\AT32F4xx_StdPeriph_Driver\\src\\at32f4xx_bkp.c 0x00000000   Number         0  at32f4xx_bkp.o ABSOLUTE
    ..\\..\\Libraries\\AT32F4xx_StdPeriph_Driver\\src\\at32f4xx_can.c 0x00000000   Number         0  at32f4xx_can.o ABSOLUTE
    ..\\..\\Libraries\\AT32F4xx_StdPeriph_Driver\\src\\at32f4xx_comp.c 0x00000000   Number         0  at32f4xx_comp.o ABSOLUTE
    ..\\..\\Libraries\\AT32F4xx_StdPeriph_Driver\\src\\at32f4xx_crc.c 0x00000000   Number         0  at32f4xx_crc.o ABSOLUTE
    ..\\..\\Libraries\\AT32F4xx_StdPeriph_Driver\\src\\at32f4xx_dac.c 0x00000000   Number         0  at32f4xx_dac.o ABSOLUTE
    ..\\..\\Libraries\\AT32F4xx_StdPeriph_Driver\\src\\at32f4xx_dbgmcu.c 0x00000000   Number         0  at32f4xx_dbgmcu.o ABSOLUTE
    ..\\..\\Libraries\\AT32F4xx_StdPeriph_Driver\\src\\at32f4xx_dma.c 0x00000000   Number         0  at32f4xx_dma.o ABSOLUTE
    ..\\..\\Libraries\\AT32F4xx_StdPeriph_Driver\\src\\at32f4xx_ertc.c 0x00000000   Number         0  at32f4xx_ertc.o ABSOLUTE
    ..\\..\\Libraries\\AT32F4xx_StdPeriph_Driver\\src\\at32f4xx_eth.c 0x00000000   Number         0  at32f4xx_eth.o ABSOLUTE
    ..\\..\\Libraries\\AT32F4xx_StdPeriph_Driver\\src\\at32f4xx_exti.c 0x00000000   Number         0  at32f4xx_exti.o ABSOLUTE
    ..\\..\\Libraries\\AT32F4xx_StdPeriph_Driver\\src\\at32f4xx_flash.c 0x00000000   Number         0  at32f4xx_flash.o ABSOLUTE
    ..\\..\\Libraries\\AT32F4xx_StdPeriph_Driver\\src\\at32f4xx_gpio.c 0x00000000   Number         0  at32f4xx_gpio.o ABSOLUTE
    ..\\..\\Libraries\\AT32F4xx_StdPeriph_Driver\\src\\at32f4xx_i2c.c 0x00000000   Number         0  at32f4xx_i2c.o ABSOLUTE
    ..\\..\\Libraries\\AT32F4xx_StdPeriph_Driver\\src\\at32f4xx_iwdg.c 0x00000000   Number         0  at32f4xx_iwdg.o ABSOLUTE
    ..\\..\\Libraries\\AT32F4xx_StdPeriph_Driver\\src\\at32f4xx_pwr.c 0x00000000   Number         0  at32f4xx_pwr.o ABSOLUTE
    ..\\..\\Libraries\\AT32F4xx_StdPeriph_Driver\\src\\at32f4xx_rcc.c 0x00000000   Number         0  at32f4xx_rcc.o ABSOLUTE
    ..\\..\\Libraries\\AT32F4xx_StdPeriph_Driver\\src\\at32f4xx_rtc.c 0x00000000   Number         0  at32f4xx_rtc.o ABSOLUTE
    ..\\..\\Libraries\\AT32F4xx_StdPeriph_Driver\\src\\at32f4xx_sdio.c 0x00000000   Number         0  at32f4xx_sdio.o ABSOLUTE
    ..\\..\\Libraries\\AT32F4xx_StdPeriph_Driver\\src\\at32f4xx_spi.c 0x00000000   Number         0  at32f4xx_spi.o ABSOLUTE
    ..\\..\\Libraries\\AT32F4xx_StdPeriph_Driver\\src\\at32f4xx_tim.c 0x00000000   Number         0  at32f4xx_tim.o ABSOLUTE
    ..\\..\\Libraries\\AT32F4xx_StdPeriph_Driver\\src\\at32f4xx_usart.c 0x00000000   Number         0  at32f4xx_usart.o ABSOLUTE
    ..\\..\\Libraries\\AT32F4xx_StdPeriph_Driver\\src\\at32f4xx_wwdg.c 0x00000000   Number         0  at32f4xx_wwdg.o ABSOLUTE
    ..\\..\\Libraries\\AT32F4xx_StdPeriph_Driver\\src\\at32f4xx_xmc.c 0x00000000   Number         0  at32f4xx_xmc.o ABSOLUTE
    ..\\..\\Libraries\\AT32F4xx_StdPeriph_Driver\\src\\misc.c 0x00000000   Number         0  misc.o ABSOLUTE
    ..\\..\\Middlewares\\AT32_USB-FS-Device_Driver\\src\\usb_core.c 0x00000000   Number         0  usb_core.o ABSOLUTE
    ..\\..\\Middlewares\\AT32_USB-FS-Device_Driver\\src\\usb_init.c 0x00000000   Number         0  usb_init.o ABSOLUTE
    ..\\..\\Middlewares\\AT32_USB-FS-Device_Driver\\src\\usb_int.c 0x00000000   Number         0  usb_int.o ABSOLUTE
    ..\\..\\Middlewares\\AT32_USB-FS-Device_Driver\\src\\usb_mem.c 0x00000000   Number         0  usb_mem.o ABSOLUTE
    ..\\..\\Middlewares\\AT32_USB-FS-Device_Driver\\src\\usb_regs.c 0x00000000   Number         0  usb_regs.o ABSOLUTE
    ..\\..\\Middlewares\\AT32_USB-FS-Device_Driver\\src\\usb_sil.c 0x00000000   Number         0  usb_sil.o ABSOLUTE
    ..\\USB_APP\\hw_config.c                 0x00000000   Number         0  hw_config.o ABSOLUTE
    ..\\USB_APP\\usb_desc.c                  0x00000000   Number         0  usb_desc.o ABSOLUTE
    ..\\USB_APP\\usb_endp.c                  0x00000000   Number         0  usb_endp.o ABSOLUTE
    ..\\USB_APP\\usb_istr.c                  0x00000000   Number         0  usb_istr.o ABSOLUTE
    ..\\USB_APP\\usb_prop.c                  0x00000000   Number         0  usb_prop.o ABSOLUTE
    ..\\USB_APP\\usb_pwr.c                   0x00000000   Number         0  usb_pwr.o ABSOLUTE
    ..\\USB_APP\\uvcstream.c                 0x00000000   Number         0  uvcstream.o ABSOLUTE
    ..\\at32_board.c                         0x00000000   Number         0  at32_board.o ABSOLUTE
    ..\\at32f4xx_it.c                        0x00000000   Number         0  at32f4xx_it.o ABSOLUTE
    ..\\drivers\\ov2640.c                    0x00000000   Number         0  ov2640.o ABSOLUTE
    ..\\drivers\\sccb.c                      0x00000000   Number         0  sccb.o ABSOLUTE
    ..\\main.c                               0x00000000   Number         0  main.o ABSOLUTE
    ..\\system_at32f4xx.c                    0x00000000   Number         0  system_at32f4xx.o ABSOLUTE
    ..\at32_board.c                          0x00000000   Number         0  at32_board.o ABSOLUTE
    ..\at32f4xx_it.c                         0x00000000   Number         0  at32f4xx_it.o ABSOLUTE
    ..\drivers\ov2640.c                      0x00000000   Number         0  ov2640.o ABSOLUTE
    ..\drivers\sccb.c                        0x00000000   Number         0  sccb.o ABSOLUTE
    ..\main.c                                0x00000000   Number         0  main.o ABSOLUTE
    ..\system_at32f4xx.c                     0x00000000   Number         0  system_at32f4xx.o ABSOLUTE
    dc.s                                     0x00000000   Number         0  dc.o ABSOLUTE
    handlers.s                               0x00000000   Number         0  handlers.o ABSOLUTE
    init.s                                   0x00000000   Number         0  init.o ABSOLUTE
    RESET                                    0x08000000   Section      380  startup_at32f403avgt7.o(RESET)
    .ARM.Collect$$$$00000000                 0x0800017c   Section        0  entry.o(.ARM.Collect$$$$00000000)
    .ARM.Collect$$$$00000001                 0x0800017c   Section        4  entry2.o(.ARM.Collect$$$$00000001)
    .ARM.Collect$$$$00000004                 0x08000180   Section        4  entry5.o(.ARM.Collect$$$$00000004)
    .ARM.Collect$$$$00000008                 0x08000184   Section        0  entry7b.o(.ARM.Collect$$$$00000008)
    .ARM.Collect$$$$0000000A                 0x08000184   Section        0  entry8b.o(.ARM.Collect$$$$0000000A)
    .ARM.Collect$$$$0000000B                 0x08000184   Section        8  entry9a.o(.ARM.Collect$$$$0000000B)
    .ARM.Collect$$$$0000000D                 0x0800018c   Section        0  entry10a.o(.ARM.Collect$$$$0000000D)
    .ARM.Collect$$$$0000000F                 0x0800018c   Section        0  entry11a.o(.ARM.Collect$$$$0000000F)
    .ARM.Collect$$$$00002712                 0x0800018c   Section        4  entry2.o(.ARM.Collect$$$$00002712)
    __lit__00000000                          0x0800018c   Data           4  entry2.o(.ARM.Collect$$$$00002712)
    .text                                    0x08000190   Section       36  startup_at32f403avgt7.o(.text)
    $v0                                      0x08000190   Number         0  startup_at32f403avgt7.o(.text)
    .text                                    0x080001b4   Section       36  init.o(.text)
    .text                                    0x080001d8   Section        0  __dczerorl2.o(.text)
    i.ACC_ClearFlag                          0x08000230   Section        0  at32f4xx_acc.o(i.ACC_ClearFlag)
    i.ACC_EnterCALMode                       0x08000258   Section        0  at32f4xx_acc.o(i.ACC_EnterCALMode)
    i.ACC_GetFlagStatus                      0x08000268   Section        0  at32f4xx_acc.o(i.ACC_GetFlagStatus)
    i.ACC_IRQHandler                         0x08000280   Section        0  at32f4xx_it.o(i.ACC_IRQHandler)
    i.ACC_ITConfig                           0x080002a4   Section        0  at32f4xx_acc.o(i.ACC_ITConfig)
    i.ACC_WriteC1                            0x080002c8   Section        0  at32f4xx_acc.o(i.ACC_WriteC1)
    i.ACC_WriteC2                            0x080002d4   Section        0  at32f4xx_acc.o(i.ACC_WriteC2)
    i.ACC_WriteC3                            0x080002e0   Section        0  at32f4xx_acc.o(i.ACC_WriteC3)
    i.AT32_BUTTON_Init                       0x080002ec   Section        0  at32_board.o(i.AT32_BUTTON_Init)
    i.AT32_Board_Init                        0x0800032c   Section        0  at32_board.o(i.AT32_Board_Init)
    i.AT32_LEDn_Init                         0x08000364   Section        0  at32_board.o(i.AT32_LEDn_Init)
    i.AT32_LEDn_OFF                          0x080003ac   Section        0  at32_board.o(i.AT32_LEDn_OFF)
    i.AT32_LEDn_ON                           0x080003d4   Section        0  at32_board.o(i.AT32_LEDn_ON)
    i.AT32_USB_GPIO_init                     0x080003fc   Section        0  at32_board.o(i.AT32_USB_GPIO_init)
    i.BusFault_Handler                       0x08000438   Section        0  at32f4xx_it.o(i.BusFault_Handler)
    i.ByteSwap                               0x0800043c   Section        0  usb_regs.o(i.ByteSwap)
    i.CTR_HP                                 0x08000448   Section        0  usb_int.o(i.CTR_HP)
    i.CTR_LP                                 0x08000518   Section        0  usb_int.o(i.CTR_LP)
    i.ClearDTOG_RX                           0x080007a0   Section        0  usb_regs.o(i.ClearDTOG_RX)
    i.ClearDTOG_TX                           0x080007d4   Section        0  usb_regs.o(i.ClearDTOG_TX)
    i.Clear_Status_Out                       0x08000808   Section        0  usb_regs.o(i.Clear_Status_Out)
    i.DataStageIn                            0x08000830   Section        0  usb_core.o(i.DataStageIn)
    DataStageIn                              0x08000831   Thumb Code   168  usb_core.o(i.DataStageIn)
    i.DataStageOut                           0x080008f0   Section        0  usb_core.o(i.DataStageOut)
    DataStageOut                             0x080008f1   Thumb Code   154  usb_core.o(i.DataStageOut)
    i.Data_Setup0                            0x080009a0   Section        0  usb_core.o(i.Data_Setup0)
    Data_Setup0                              0x080009a1   Thumb Code   628  usb_core.o(i.Data_Setup0)
    i.DebugMon_Handler                       0x08000c38   Section        0  at32f4xx_it.o(i.DebugMon_Handler)
    i.Delay_init                             0x08000c3c   Section        0  at32_board.o(i.Delay_init)
    i.Delay_ms                               0x08000c88   Section        0  at32_board.o(i.Delay_ms)
    i.Delay_us                               0x08000d20   Section        0  at32_board.o(i.Delay_us)
    i.EP1_IN_Callback                        0x08000d80   Section        0  usb_endp.o(i.EP1_IN_Callback)
    i.EXTI1_Config                           0x08000d88   Section        0  main.o(i.EXTI1_Config)
    i.EXTI1_IRQHandler                       0x08000df4   Section        0  at32f4xx_it.o(i.EXTI1_IRQHandler)
    i.EXTI2_Config                           0x08000e88   Section        0  main.o(i.EXTI2_Config)
    i.EXTI2_IRQHandler                       0x08000ef8   Section        0  at32f4xx_it.o(i.EXTI2_IRQHandler)
    i.EXTI3_Config                           0x08000f24   Section        0  main.o(i.EXTI3_Config)
    i.EXTI3_IRQHandler                       0x08000f94   Section        0  at32f4xx_it.o(i.EXTI3_IRQHandler)
    i.EXTI_ClearIntPendingBit                0x08000fc8   Section        0  at32f4xx_exti.o(i.EXTI_ClearIntPendingBit)
    i.EXTI_Init                              0x08001028   Section        0  at32f4xx_exti.o(i.EXTI_Init)
    i.EXTI_StructInit                        0x08001158   Section        0  at32f4xx_exti.o(i.EXTI_StructInit)
    i.GPIO_EXTILineConfig                    0x08001168   Section        0  at32f4xx_gpio.o(i.GPIO_EXTILineConfig)
    i.GPIO_Init                              0x0800125c   Section        0  at32f4xx_gpio.o(i.GPIO_Init)
    i.GPIO_ResetBits                         0x08001420   Section        0  at32f4xx_gpio.o(i.GPIO_ResetBits)
    i.GPIO_SetBits                           0x080014bc   Section        0  at32f4xx_gpio.o(i.GPIO_SetBits)
    i.GPIO_StructInit                        0x08001558   Section        0  at32f4xx_gpio.o(i.GPIO_StructInit)
    i.GetEPRxAddr                            0x08001568   Section        0  usb_regs.o(i.GetEPRxAddr)
    i.GetEPTxAddr                            0x0800158c   Section        0  usb_regs.o(i.GetEPTxAddr)
    i.Get_SerialNum                          0x080015ac   Section        0  hw_config.o(i.Get_SerialNum)
    i.HardFault_Handler                      0x080015f4   Section        0  at32f4xx_it.o(i.HardFault_Handler)
    i.In0_Process                            0x080015f8   Section        0  usb_core.o(i.In0_Process)
    i.MemManage_Handler                      0x08001668   Section        0  at32f4xx_it.o(i.MemManage_Handler)
    i.NMI_Handler                            0x0800166c   Section        0  at32f4xx_it.o(i.NMI_Handler)
    i.NOP_Process                            0x0800166e   Section        0  usb_core.o(i.NOP_Process)
    i.NVIC_Init                              0x08001670   Section        0  misc.o(i.NVIC_Init)
    i.NVIC_PriorityGroupConfig               0x08001754   Section        0  misc.o(i.NVIC_PriorityGroupConfig)
    i.NoData_Setup0                          0x080017cc   Section        0  usb_core.o(i.NoData_Setup0)
    NoData_Setup0                            0x080017cd   Thumb Code   292  usb_core.o(i.NoData_Setup0)
    i.OV2640_Init                            0x08001904   Section        0  ov2640.o(i.OV2640_Init)
    i.OV2640_JPEG_Mode                       0x08001a98   Section        0  ov2640.o(i.OV2640_JPEG_Mode)
    i.OV2640_OutSize_Set                     0x08001ae4   Section        0  ov2640.o(i.OV2640_OutSize_Set)
    i.Out0_Process                           0x08001b74   Section        0  usb_core.o(i.Out0_Process)
    i.PMAToUserBufferCopy                    0x08001bc4   Section        0  usb_mem.o(i.PMAToUserBufferCopy)
    i.PendSV_Handler                         0x08001bec   Section        0  at32f4xx_it.o(i.PendSV_Handler)
    i.Post0_Process                          0x08001bf0   Section        0  usb_core.o(i.Post0_Process)
    i.PowerOn                                0x08001c38   Section        0  usb_pwr.o(i.PowerOn)
    i.RCC_APB1PeriphClockCmd                 0x08001c70   Section        0  at32f4xx_rcc.o(i.RCC_APB1PeriphClockCmd)
    i.RCC_APB2PeriphClockCmd                 0x08001d00   Section        0  at32f4xx_rcc.o(i.RCC_APB2PeriphClockCmd)
    i.RCC_GetClocksFreq                      0x08001d90   Section        0  at32f4xx_rcc.o(i.RCC_GetClocksFreq)
    i.RCC_HSI2USB48M                         0x08001ed8   Section        0  at32f4xx_rcc.o(i.RCC_HSI2USB48M)
    i.RCC_StepModeCmd                        0x08001f68   Section        0  at32f4xx_rcc.o(i.RCC_StepModeCmd)
    i.RCC_USBCLKConfig                       0x08001fe4   Section        0  at32f4xx_rcc.o(i.RCC_USBCLKConfig)
    i.SCCB_Init                              0x08002070   Section        0  sccb.o(i.SCCB_Init)
    i.SCCB_No_Ack                            0x080020e0   Section        0  sccb.o(i.SCCB_No_Ack)
    i.SCCB_RD_Byte                           0x08002120   Section        0  sccb.o(i.SCCB_RD_Byte)
    i.SCCB_RD_Reg                            0x08002194   Section        0  sccb.o(i.SCCB_RD_Reg)
    i.SCCB_Start                             0x080021e4   Section        0  sccb.o(i.SCCB_Start)
    i.SCCB_Stop                              0x08002218   Section        0  sccb.o(i.SCCB_Stop)
    i.SCCB_WR_Byte                           0x0800224c   Section        0  sccb.o(i.SCCB_WR_Byte)
    i.SCCB_WR_Reg                            0x080022f8   Section        0  sccb.o(i.SCCB_WR_Reg)
    i.SVC_Handler                            0x08002336   Section        0  at32f4xx_it.o(i.SVC_Handler)
    i.SetDeviceAddress                       0x08002338   Section        0  usb_core.o(i.SetDeviceAddress)
    i.SetEPDblBuf0Count                      0x08002388   Section        0  usb_regs.o(i.SetEPDblBuf0Count)
    i.SetEPDblBuf1Count                      0x080023f4   Section        0  usb_regs.o(i.SetEPDblBuf1Count)
    i.SetEPDblBuffAddr                       0x08002460   Section        0  usb_regs.o(i.SetEPDblBuffAddr)
    i.SetEPDblBuffCount                      0x0800249c   Section        0  usb_regs.o(i.SetEPDblBuffCount)
    i.SetEPDoubleBuff                        0x08002568   Section        0  usb_regs.o(i.SetEPDoubleBuff)
    i.SetEPRxAddr                            0x08002594   Section        0  usb_regs.o(i.SetEPRxAddr)
    i.SetEPRxCount                           0x080025b8   Section        0  usb_regs.o(i.SetEPRxCount)
    i.SetEPRxStatus                          0x08002608   Section        0  usb_regs.o(i.SetEPRxStatus)
    i.SetEPRxValid                           0x08002648   Section        0  usb_regs.o(i.SetEPRxValid)
    i.SetEPTxAddr                            0x0800267c   Section        0  usb_regs.o(i.SetEPTxAddr)
    i.SetEPTxCount                           0x080026a0   Section        0  usb_regs.o(i.SetEPTxCount)
    i.SetEPTxStatus                          0x080026c0   Section        0  usb_regs.o(i.SetEPTxStatus)
    i.SetEPType                              0x08002700   Section        0  usb_regs.o(i.SetEPType)
    i.SetSysClock                            0x08002724   Section        0  system_at32f4xx.o(i.SetSysClock)
    SetSysClock                              0x08002725   Thumb Code     8  system_at32f4xx.o(i.SetSysClock)
    i.SetSysClockTo192M                      0x0800272c   Section        0  system_at32f4xx.o(i.SetSysClockTo192M)
    SetSysClockTo192M                        0x0800272d   Thumb Code   222  system_at32f4xx.o(i.SetSysClockTo192M)
    i.Set_USBClock                           0x08002818   Section        0  hw_config.o(i.Set_USBClock)
    i.Setup0_Process                         0x0800290c   Section        0  usb_core.o(i.Setup0_Process)
    i.Standard_ClearFeature                  0x080029c8   Section        0  usb_core.o(i.Standard_ClearFeature)
    i.Standard_GetConfiguration              0x08002b34   Section        0  usb_core.o(i.Standard_GetConfiguration)
    i.Standard_GetDescriptorData             0x08002b60   Section        0  usb_core.o(i.Standard_GetDescriptorData)
    i.Standard_GetInterface                  0x08002b84   Section        0  usb_core.o(i.Standard_GetInterface)
    i.Standard_GetStatus                     0x08002bb0   Section        0  usb_core.o(i.Standard_GetStatus)
    i.Standard_SetConfiguration              0x08002cb0   Section        0  usb_core.o(i.Standard_SetConfiguration)
    i.Standard_SetDeviceFeature              0x08002cf8   Section        0  usb_core.o(i.Standard_SetDeviceFeature)
    i.Standard_SetEndPointFeature            0x08002d20   Section        0  usb_core.o(i.Standard_SetEndPointFeature)
    i.Standard_SetInterface                  0x08002df0   Section        0  usb_core.o(i.Standard_SetInterface)
    i.SysTick_CLKSourceConfig                0x08002e5c   Section        0  misc.o(i.SysTick_CLKSourceConfig)
    i.SysTick_Handler                        0x08002ed4   Section        0  at32f4xx_it.o(i.SysTick_Handler)
    i.SystemInit                             0x08002ed8   Section        0  system_at32f4xx.o(i.SystemInit)
    i.UART_Print_Init                        0x08002f5c   Section        0  at32_board.o(i.UART_Print_Init)
    i.USART_Cmd                              0x08002ff4   Section        0  at32f4xx_usart.o(i.USART_Cmd)
    i.USART_INTConfig                        0x080030a4   Section        0  at32f4xx_usart.o(i.USART_INTConfig)
    i.USART_Init                             0x080031f0   Section        0  at32f4xx_usart.o(i.USART_Init)
    i.USART_StructInit                       0x0800340c   Section        0  at32f4xx_usart.o(i.USART_StructInit)
    i.USBWakeUp_IRQHandler                   0x08003424   Section        0  at32f4xx_it.o(i.USBWakeUp_IRQHandler)
    i.USB_HP_CAN1_TX_IRQHandler              0x08003430   Section        0  at32f4xx_it.o(i.USB_HP_CAN1_TX_IRQHandler)
    i.USB_Init                               0x08003438   Section        0  usb_init.o(i.USB_Init)
    i.USB_Interrupts_Config                  0x08003474   Section        0  hw_config.o(i.USB_Interrupts_Config)
    i.USB_Istr                               0x08003514   Section        0  usb_istr.o(i.USB_Istr)
    i.USB_LP_CAN1_RX0_IRQHandler             0x08003564   Section        0  at32f4xx_it.o(i.USB_LP_CAN1_RX0_IRQHandler)
    i.UVC_SendPack_Irq                       0x0800356c   Section        0  uvcstream.o(i.UVC_SendPack_Irq)
    i.UsageFault_Handler                     0x080036b4   Section        0  at32f4xx_it.o(i.UsageFault_Handler)
    i.UsbCamera_Data_Setup                   0x080036b8   Section        0  usb_prop.o(i.UsbCamera_Data_Setup)
    i.UsbCamera_GetConfigDescriptor          0x08003724   Section        0  usb_prop.o(i.UsbCamera_GetConfigDescriptor)
    i.UsbCamera_GetDeviceDescriptor          0x08003738   Section        0  usb_prop.o(i.UsbCamera_GetDeviceDescriptor)
    i.UsbCamera_GetStringDescriptor          0x0800374c   Section        0  usb_prop.o(i.UsbCamera_GetStringDescriptor)
    i.UsbCamera_Get_Interface_Setting        0x08003774   Section        0  usb_prop.o(i.UsbCamera_Get_Interface_Setting)
    i.UsbCamera_NoData_Setup                 0x0800378a   Section        0  usb_prop.o(i.UsbCamera_NoData_Setup)
    i.UsbCamera_Reset                        0x08003790   Section        0  usb_prop.o(i.UsbCamera_Reset)
    i.UsbCamera_SetConfiguration             0x08003860   Section        0  usb_prop.o(i.UsbCamera_SetConfiguration)
    i.UsbCamera_SetDeviceAddress             0x08003878   Section        0  usb_prop.o(i.UsbCamera_SetDeviceAddress)
    i.UsbCamera_Status_In                    0x08003884   Section        0  usb_prop.o(i.UsbCamera_Status_In)
    i.UsbCamera_Status_Out                   0x08003886   Section        0  usb_prop.o(i.UsbCamera_Status_Out)
    i.UsbCamera_init                         0x08003888   Section        0  usb_prop.o(i.UsbCamera_init)
    i.UserToPMABufferCopy                    0x080038cc   Section        0  usb_mem.o(i.UserToPMABufferCopy)
    i.VideoCommitControl_Command             0x08003908   Section        0  usb_prop.o(i.VideoCommitControl_Command)
    i.VideoProbeControl_Command              0x08003928   Section        0  usb_prop.o(i.VideoProbeControl_Command)
    i.__scatterload_copy                     0x08003948   Section       14  handlers.o(i.__scatterload_copy)
    i.__scatterload_null                     0x08003956   Section        2  handlers.o(i.__scatterload_null)
    i.__scatterload_zeroinit                 0x08003958   Section       14  handlers.o(i.__scatterload_zeroinit)
    i.assert_failed                          0x08003966   Section        0  main.o(i.assert_failed)
    i.bufCopy                                0x0800396a   Section        0  uvcstream.o(i.bufCopy)
    i.main                                   0x0800397c   Section        0  main.o(i.main)
    i.ov2640_speed_ctrl                      0x08003a24   Section        0  ov2640.o(i.ov2640_speed_ctrl)
    .constdata                               0x08003a48   Section      808  ov2640.o(.constdata)
    OV2640_AUTOEXPOSURE_LEVEL                0x08003d48   Data          40  ov2640.o(.constdata)
    .constdata                               0x08003d70   Section      263  usb_desc.o(.constdata)
    .data                                    0x20000000   Section       16  main.o(.data)
    .data                                    0x20000010   Section       36  ov2640.o(.data)
    .data                                    0x20000034   Section        4  hw_config.o(.data)
    .data                                    0x20000038   Section       26  usb_desc.o(.data)
    .data                                    0x20000054   Section       60  usb_istr.o(.data)
    .data                                    0x20000090   Section      204  usb_prop.o(.data)
    .data                                    0x2000015c   Section        7  usb_pwr.o(.data)
    .data                                    0x20000164   Section        4  uvcstream.o(.data)
    .data                                    0x20000168   Section       69  at32_board.o(.data)
    fac_us                                   0x200001a4   Data           4  at32_board.o(.data)
    fac_ms                                   0x200001a8   Data           4  at32_board.o(.data)
    Pressed                                  0x200001ac   Data           1  at32_board.o(.data)
    .data                                    0x200001b0   Section       20  system_at32f4xx.o(.data)
    .data                                    0x200001c4   Section       16  at32f4xx_rcc.o(.data)
    APBAHBPscTable                           0x200001c4   Data           8  at32f4xx_rcc.o(.data)
    ADCPscTable                              0x200001cc   Data           8  at32f4xx_rcc.o(.data)
    .data                                    0x200001d4   Section        3  usb_core.o(.data)
    .data                                    0x200001d8   Section       20  usb_init.o(.data)
    .data                                    0x200001ec   Section        4  usb_int.o(.data)
    .data                                    0x200001f0   Section        4  usb_regs.o(.data)
    .bss                                     0x200001f4   Section    81920  ov2640.o(.bss)
    .bss                                     0x200141f4   Section      176  uvcstream.o(.bss)
    .bss                                     0x200142a4   Section       28  usb_init.o(.bss)
    STACK                                    0x200142c0   Section     8192  startup_at32f403avgt7.o(STACK)

    Global Symbols

    Symbol Name                              Value     Ov Type        Size  Object(Section)

    BuildAttributes$$THM_ISAv4$E$P$D$K$B$S$7EM$VFPi3$EXTD16$VFPS$VFMA$PE$A:L22UL41UL21$X:L11$S22US41US21$IEEE1$IW$USESV6$~STKCKD$USESV7$~SHL$OSPACE$EBA8$MICROLIB$REQ8$PRES8$EABIv2 0x00000000   Number         0  anon$$obj.o ABSOLUTE
    __ARM_use_no_argv                        0x00000000   Number         0  main.o ABSOLUTE
    __cpp_initialize__aeabi_                  - Undefined Weak Reference
    __cxa_finalize                            - Undefined Weak Reference
    _clock_init                               - Undefined Weak Reference
    _microlib_exit                            - Undefined Weak Reference
    __Vectors_Size                           0x0000017c   Number         0  startup_at32f403avgt7.o ABSOLUTE
    __Vectors                                0x08000000   Data           4  startup_at32f403avgt7.o(RESET)
    __Vectors_End                            0x0800017c   Data           0  startup_at32f403avgt7.o(RESET)
    __main                                   0x0800017d   Thumb Code     0  entry.o(.ARM.Collect$$$$00000000)
    _main_stk                                0x0800017d   Thumb Code     0  entry2.o(.ARM.Collect$$$$00000001)
    _main_scatterload                        0x08000181   Thumb Code     0  entry5.o(.ARM.Collect$$$$00000004)
    __main_after_scatterload                 0x08000185   Thumb Code     0  entry5.o(.ARM.Collect$$$$00000004)
    _main_clock                              0x08000185   Thumb Code     0  entry7b.o(.ARM.Collect$$$$00000008)
    _main_cpp_init                           0x08000185   Thumb Code     0  entry8b.o(.ARM.Collect$$$$0000000A)
    _main_init                               0x08000185   Thumb Code     0  entry9a.o(.ARM.Collect$$$$0000000B)
    __rt_final_cpp                           0x0800018d   Thumb Code     0  entry10a.o(.ARM.Collect$$$$0000000D)
    __rt_final_exit                          0x0800018d   Thumb Code     0  entry11a.o(.ARM.Collect$$$$0000000F)
    Reset_Handler                            0x08000191   Thumb Code     8  startup_at32f403avgt7.o(.text)
    ADC1_2_IRQHandler                        0x080001ab   Thumb Code     0  startup_at32f403avgt7.o(.text)
    ADC3_IRQHandler                          0x080001ab   Thumb Code     0  startup_at32f403avgt7.o(.text)
    CAN1_RX1_IRQHandler                      0x080001ab   Thumb Code     0  startup_at32f403avgt7.o(.text)
    CAN1_SCE_IRQHandler                      0x080001ab   Thumb Code     0  startup_at32f403avgt7.o(.text)
    CAN2_RX0_IRQHandler                      0x080001ab   Thumb Code     0  startup_at32f403avgt7.o(.text)
    CAN2_RX1_IRQHandler                      0x080001ab   Thumb Code     0  startup_at32f403avgt7.o(.text)
    CAN2_SCE_IRQHandler                      0x080001ab   Thumb Code     0  startup_at32f403avgt7.o(.text)
    CAN2_TX_IRQHandler                       0x080001ab   Thumb Code     0  startup_at32f403avgt7.o(.text)
    DMA1_Channel1_IRQHandler                 0x080001ab   Thumb Code     0  startup_at32f403avgt7.o(.text)
    DMA1_Channel2_IRQHandler                 0x080001ab   Thumb Code     0  startup_at32f403avgt7.o(.text)
    DMA1_Channel3_IRQHandler                 0x080001ab   Thumb Code     0  startup_at32f403avgt7.o(.text)
    DMA1_Channel4_IRQHandler                 0x080001ab   Thumb Code     0  startup_at32f403avgt7.o(.text)
    DMA1_Channel5_IRQHandler                 0x080001ab   Thumb Code     0  startup_at32f403avgt7.o(.text)
    DMA1_Channel6_IRQHandler                 0x080001ab   Thumb Code     0  startup_at32f403avgt7.o(.text)
    DMA1_Channel7_IRQHandler                 0x080001ab   Thumb Code     0  startup_at32f403avgt7.o(.text)
    DMA2_Channel1_IRQHandler                 0x080001ab   Thumb Code     0  startup_at32f403avgt7.o(.text)
    DMA2_Channel2_IRQHandler                 0x080001ab   Thumb Code     0  startup_at32f403avgt7.o(.text)
    DMA2_Channel3_IRQHandler                 0x080001ab   Thumb Code     0  startup_at32f403avgt7.o(.text)
    DMA2_Channel4_5_IRQHandler               0x080001ab   Thumb Code     0  startup_at32f403avgt7.o(.text)
    DMA2_Channel6_7_IRQHandler               0x080001ab   Thumb Code     0  startup_at32f403avgt7.o(.text)
    EXTI0_IRQHandler                         0x080001ab   Thumb Code     0  startup_at32f403avgt7.o(.text)
    EXTI15_10_IRQHandler                     0x080001ab   Thumb Code     0  startup_at32f403avgt7.o(.text)
    EXTI4_IRQHandler                         0x080001ab   Thumb Code     0  startup_at32f403avgt7.o(.text)
    EXTI9_5_IRQHandler                       0x080001ab   Thumb Code     0  startup_at32f403avgt7.o(.text)
    FLASH_IRQHandler                         0x080001ab   Thumb Code     0  startup_at32f403avgt7.o(.text)
    I2C1_ER_IRQHandler                       0x080001ab   Thumb Code     0  startup_at32f403avgt7.o(.text)
    I2C1_EV_IRQHandler                       0x080001ab   Thumb Code     0  startup_at32f403avgt7.o(.text)
    I2C2_ER_IRQHandler                       0x080001ab   Thumb Code     0  startup_at32f403avgt7.o(.text)
    I2C2_EV_IRQHandler                       0x080001ab   Thumb Code     0  startup_at32f403avgt7.o(.text)
    I2C3_ER_IRQHandler                       0x080001ab   Thumb Code     0  startup_at32f403avgt7.o(.text)
    I2C3_EV_IRQHandler                       0x080001ab   Thumb Code     0  startup_at32f403avgt7.o(.text)
    PVD_IRQHandler                           0x080001ab   Thumb Code     0  startup_at32f403avgt7.o(.text)
    RCC_IRQHandler                           0x080001ab   Thumb Code     0  startup_at32f403avgt7.o(.text)
    RTCAlarm_IRQHandler                      0x080001ab   Thumb Code     0  startup_at32f403avgt7.o(.text)
    RTC_IRQHandler                           0x080001ab   Thumb Code     0  startup_at32f403avgt7.o(.text)
    SDIO1_IRQHandler                         0x080001ab   Thumb Code     0  startup_at32f403avgt7.o(.text)
    SDIO2_IRQHandler                         0x080001ab   Thumb Code     0  startup_at32f403avgt7.o(.text)
    SPI1_IRQHandler                          0x080001ab   Thumb Code     0  startup_at32f403avgt7.o(.text)
    SPI2_I2S2EXT_IRQHandler                  0x080001ab   Thumb Code     0  startup_at32f403avgt7.o(.text)
    SPI3_I2S3EXT_IRQHandler                  0x080001ab   Thumb Code     0  startup_at32f403avgt7.o(.text)
    SPI4_IRQHandler                          0x080001ab   Thumb Code     0  startup_at32f403avgt7.o(.text)
    TAMPER_IRQHandler                        0x080001ab   Thumb Code     0  startup_at32f403avgt7.o(.text)
    TMR1_BRK_TMR9_IRQHandler                 0x080001ab   Thumb Code     0  startup_at32f403avgt7.o(.text)
    TMR1_CC_IRQHandler                       0x080001ab   Thumb Code     0  startup_at32f403avgt7.o(.text)
    TMR1_OV_TMR10_IRQHandler                 0x080001ab   Thumb Code     0  startup_at32f403avgt7.o(.text)
    TMR1_TRG_COM_TMR11_IRQHandler            0x080001ab   Thumb Code     0  startup_at32f403avgt7.o(.text)
    TMR2_GLOBAL_IRQHandler                   0x080001ab   Thumb Code     0  startup_at32f403avgt7.o(.text)
    TMR3_GLOBAL_IRQHandler                   0x080001ab   Thumb Code     0  startup_at32f403avgt7.o(.text)
    TMR4_GLOBAL_IRQHandler                   0x080001ab   Thumb Code     0  startup_at32f403avgt7.o(.text)
    TMR5_GLOBAL_IRQHandler                   0x080001ab   Thumb Code     0  startup_at32f403avgt7.o(.text)
    TMR6_GLOBAL_IRQHandler                   0x080001ab   Thumb Code     0  startup_at32f403avgt7.o(.text)
    TMR7_GLOBAL_IRQHandler                   0x080001ab   Thumb Code     0  startup_at32f403avgt7.o(.text)
    TMR8_BRK_TMR12_IRQHandler                0x080001ab   Thumb Code     0  startup_at32f403avgt7.o(.text)
    TMR8_CC_IRQHandler                       0x080001ab   Thumb Code     0  startup_at32f403avgt7.o(.text)
    TMR8_OV_TMR13_IRQHandler                 0x080001ab   Thumb Code     0  startup_at32f403avgt7.o(.text)
    TMR8_TRG_COM_TMR14_IRQHandler            0x080001ab   Thumb Code     0  startup_at32f403avgt7.o(.text)
    UART4_IRQHandler                         0x080001ab   Thumb Code     0  startup_at32f403avgt7.o(.text)
    UART5_IRQHandler                         0x080001ab   Thumb Code     0  startup_at32f403avgt7.o(.text)
    UART7_IRQHandler                         0x080001ab   Thumb Code     0  startup_at32f403avgt7.o(.text)
    UART8_IRQHandler                         0x080001ab   Thumb Code     0  startup_at32f403avgt7.o(.text)
    USART1_IRQHandler                        0x080001ab   Thumb Code     0  startup_at32f403avgt7.o(.text)
    USART2_IRQHandler                        0x080001ab   Thumb Code     0  startup_at32f403avgt7.o(.text)
    USART3_IRQHandler                        0x080001ab   Thumb Code     0  startup_at32f403avgt7.o(.text)
    USART6_IRQHandler                        0x080001ab   Thumb Code     0  startup_at32f403avgt7.o(.text)
    USB_HP_IRQHandler                        0x080001ab   Thumb Code     0  startup_at32f403avgt7.o(.text)
    USB_LP_IRQHandler                        0x080001ab   Thumb Code     0  startup_at32f403avgt7.o(.text)
    WWDG_IRQHandler                          0x080001ab   Thumb Code     0  startup_at32f403avgt7.o(.text)
    XMC_IRQHandler                           0x080001ab   Thumb Code     0  startup_at32f403avgt7.o(.text)
    __scatterload                            0x080001b5   Thumb Code    28  init.o(.text)
    __scatterload_rt2                        0x080001b5   Thumb Code     0  init.o(.text)
    __decompress                             0x080001d9   Thumb Code     0  __dczerorl2.o(.text)
    __decompress1                            0x080001d9   Thumb Code    86  __dczerorl2.o(.text)
    ACC_ClearFlag                            0x08000231   Thumb Code    34  at32f4xx_acc.o(i.ACC_ClearFlag)
    ACC_EnterCALMode                         0x08000259   Thumb Code    12  at32f4xx_acc.o(i.ACC_EnterCALMode)
    ACC_GetFlagStatus                        0x08000269   Thumb Code    20  at32f4xx_acc.o(i.ACC_GetFlagStatus)
    ACC_IRQHandler                           0x08000281   Thumb Code    34  at32f4xx_it.o(i.ACC_IRQHandler)
    ACC_ITConfig                             0x080002a5   Thumb Code    30  at32f4xx_acc.o(i.ACC_ITConfig)
    ACC_WriteC1                              0x080002c9   Thumb Code     6  at32f4xx_acc.o(i.ACC_WriteC1)
    ACC_WriteC2                              0x080002d5   Thumb Code     6  at32f4xx_acc.o(i.ACC_WriteC2)
    ACC_WriteC3                              0x080002e1   Thumb Code     6  at32f4xx_acc.o(i.ACC_WriteC3)
    AT32_BUTTON_Init                         0x080002ed   Thumb Code    52  at32_board.o(i.AT32_BUTTON_Init)
    AT32_Board_Init                          0x0800032d   Thumb Code    56  at32_board.o(i.AT32_Board_Init)
    AT32_LEDn_Init                           0x08000365   Thumb Code    58  at32_board.o(i.AT32_LEDn_Init)
    AT32_LEDn_OFF                            0x080003ad   Thumb Code    32  at32_board.o(i.AT32_LEDn_OFF)
    AT32_LEDn_ON                             0x080003d5   Thumb Code    32  at32_board.o(i.AT32_LEDn_ON)
    AT32_USB_GPIO_init                       0x080003fd   Thumb Code    56  at32_board.o(i.AT32_USB_GPIO_init)
    BusFault_Handler                         0x08000439   Thumb Code     4  at32f4xx_it.o(i.BusFault_Handler)
    ByteSwap                                 0x0800043d   Thumb Code    12  usb_regs.o(i.ByteSwap)
    CTR_HP                                   0x08000449   Thumb Code   184  usb_int.o(i.CTR_HP)
    CTR_LP                                   0x08000519   Thumb Code   616  usb_int.o(i.CTR_LP)
    ClearDTOG_RX                             0x080007a1   Thumb Code    48  usb_regs.o(i.ClearDTOG_RX)
    ClearDTOG_TX                             0x080007d5   Thumb Code    48  usb_regs.o(i.ClearDTOG_TX)
    Clear_Status_Out                         0x08000809   Thumb Code    34  usb_regs.o(i.Clear_Status_Out)
    DebugMon_Handler                         0x08000c39   Thumb Code     2  at32f4xx_it.o(i.DebugMon_Handler)
    Delay_init                               0x08000c3d   Thumb Code    54  at32_board.o(i.Delay_init)
    Delay_ms                                 0x08000c89   Thumb Code   144  at32_board.o(i.Delay_ms)
    Delay_us                                 0x08000d21   Thumb Code    90  at32_board.o(i.Delay_us)
    EP1_IN_Callback                          0x08000d81   Thumb Code     8  usb_endp.o(i.EP1_IN_Callback)
    EXTI1_Config                             0x08000d89   Thumb Code    92  main.o(i.EXTI1_Config)
    EXTI1_IRQHandler                         0x08000df5   Thumb Code   110  at32f4xx_it.o(i.EXTI1_IRQHandler)
    EXTI2_Config                             0x08000e89   Thumb Code    96  main.o(i.EXTI2_Config)
    EXTI2_IRQHandler                         0x08000ef9   Thumb Code    36  at32f4xx_it.o(i.EXTI2_IRQHandler)
    EXTI3_Config                             0x08000f25   Thumb Code    96  main.o(i.EXTI3_Config)
    EXTI3_IRQHandler                         0x08000f95   Thumb Code    40  at32f4xx_it.o(i.EXTI3_IRQHandler)
    EXTI_ClearIntPendingBit                  0x08000fc9   Thumb Code    28  at32f4xx_exti.o(i.EXTI_ClearIntPendingBit)
    EXTI_Init                                0x08001029   Thumb Code   236  at32f4xx_exti.o(i.EXTI_Init)
    EXTI_StructInit                          0x08001159   Thumb Code    16  at32f4xx_exti.o(i.EXTI_StructInit)
    GPIO_EXTILineConfig                      0x08001169   Thumb Code   176  at32f4xx_gpio.o(i.GPIO_EXTILineConfig)
    GPIO_Init                                0x0800125d   Thumb Code   366  at32f4xx_gpio.o(i.GPIO_Init)
    GPIO_ResetBits                           0x08001421   Thumb Code    70  at32f4xx_gpio.o(i.GPIO_ResetBits)
    GPIO_SetBits                             0x080014bd   Thumb Code    70  at32f4xx_gpio.o(i.GPIO_SetBits)
    GPIO_StructInit                          0x08001559   Thumb Code    16  at32f4xx_gpio.o(i.GPIO_StructInit)
    GetEPRxAddr                              0x08001569   Thumb Code    26  usb_regs.o(i.GetEPRxAddr)
    GetEPTxAddr                              0x0800158d   Thumb Code    24  usb_regs.o(i.GetEPTxAddr)
    Get_SerialNum                            0x080015ad   Thumb Code    64  hw_config.o(i.Get_SerialNum)
    HardFault_Handler                        0x080015f5   Thumb Code     4  at32f4xx_it.o(i.HardFault_Handler)
    In0_Process                              0x080015f9   Thumb Code    98  usb_core.o(i.In0_Process)
    MemManage_Handler                        0x08001669   Thumb Code     4  at32f4xx_it.o(i.MemManage_Handler)
    NMI_Handler                              0x0800166d   Thumb Code     2  at32f4xx_it.o(i.NMI_Handler)
    NOP_Process                              0x0800166f   Thumb Code     2  usb_core.o(i.NOP_Process)
    NVIC_Init                                0x08001671   Thumb Code   158  misc.o(i.NVIC_Init)
    NVIC_PriorityGroupConfig                 0x08001755   Thumb Code    54  misc.o(i.NVIC_PriorityGroupConfig)
    OV2640_Init                              0x08001905   Thumb Code   372  ov2640.o(i.OV2640_Init)
    OV2640_JPEG_Mode                         0x08001a99   Thumb Code    66  ov2640.o(i.OV2640_JPEG_Mode)
    OV2640_OutSize_Set                       0x08001ae5   Thumb Code   144  ov2640.o(i.OV2640_OutSize_Set)
    Out0_Process                             0x08001b75   Thumb Code    70  usb_core.o(i.Out0_Process)
    PMAToUserBufferCopy                      0x08001bc5   Thumb Code    36  usb_mem.o(i.PMAToUserBufferCopy)
    PendSV_Handler                           0x08001bed   Thumb Code     2  at32f4xx_it.o(i.PendSV_Handler)
    Post0_Process                            0x08001bf1   Thumb Code    54  usb_core.o(i.Post0_Process)
    PowerOn                                  0x08001c39   Thumb Code    46  usb_pwr.o(i.PowerOn)
    RCC_APB1PeriphClockCmd                   0x08001c71   Thumb Code    70  at32f4xx_rcc.o(i.RCC_APB1PeriphClockCmd)
    RCC_APB2PeriphClockCmd                   0x08001d01   Thumb Code    70  at32f4xx_rcc.o(i.RCC_APB2PeriphClockCmd)
    RCC_GetClocksFreq                        0x08001d91   Thumb Code   300  at32f4xx_rcc.o(i.RCC_GetClocksFreq)
    RCC_HSI2USB48M                           0x08001ed9   Thumb Code    74  at32f4xx_rcc.o(i.RCC_HSI2USB48M)
    RCC_StepModeCmd                          0x08001f69   Thumb Code    54  at32f4xx_rcc.o(i.RCC_StepModeCmd)
    RCC_USBCLKConfig                         0x08001fe5   Thumb Code    70  at32f4xx_rcc.o(i.RCC_USBCLKConfig)
    SCCB_Init                                0x08002071   Thumb Code   108  sccb.o(i.SCCB_Init)
    SCCB_No_Ack                              0x080020e1   Thumb Code    56  sccb.o(i.SCCB_No_Ack)
    SCCB_RD_Byte                             0x08002121   Thumb Code   104  sccb.o(i.SCCB_RD_Byte)
    SCCB_RD_Reg                              0x08002195   Thumb Code    78  sccb.o(i.SCCB_RD_Reg)
    SCCB_Start                               0x080021e5   Thumb Code    42  sccb.o(i.SCCB_Start)
    SCCB_Stop                                0x08002219   Thumb Code    42  sccb.o(i.SCCB_Stop)
    SCCB_WR_Byte                             0x0800224d   Thumb Code   158  sccb.o(i.SCCB_WR_Byte)
    SCCB_WR_Reg                              0x080022f9   Thumb Code    62  sccb.o(i.SCCB_WR_Reg)
    SVC_Handler                              0x08002337   Thumb Code     2  at32f4xx_it.o(i.SVC_Handler)
    SetDeviceAddress                         0x08002339   Thumb Code    68  usb_core.o(i.SetDeviceAddress)
    SetEPDblBuf0Count                        0x08002389   Thumb Code   100  usb_regs.o(i.SetEPDblBuf0Count)
    SetEPDblBuf1Count                        0x080023f5   Thumb Code   100  usb_regs.o(i.SetEPDblBuf1Count)
    SetEPDblBuffAddr                         0x08002461   Thumb Code    50  usb_regs.o(i.SetEPDblBuffAddr)
    SetEPDblBuffCount                        0x0800249d   Thumb Code   194  usb_regs.o(i.SetEPDblBuffCount)
    SetEPDoubleBuff                          0x08002569   Thumb Code    38  usb_regs.o(i.SetEPDoubleBuff)
    SetEPRxAddr                              0x08002595   Thumb Code    28  usb_regs.o(i.SetEPRxAddr)
    SetEPRxCount                             0x080025b9   Thumb Code    70  usb_regs.o(i.SetEPRxCount)
    SetEPRxStatus                            0x08002609   Thumb Code    60  usb_regs.o(i.SetEPRxStatus)
    SetEPRxValid                             0x08002649   Thumb Code    48  usb_regs.o(i.SetEPRxValid)
    SetEPTxAddr                              0x0800267d   Thumb Code    26  usb_regs.o(i.SetEPTxAddr)
    SetEPTxCount                             0x080026a1   Thumb Code    22  usb_regs.o(i.SetEPTxCount)
    SetEPTxStatus                            0x080026c1   Thumb Code    60  usb_regs.o(i.SetEPTxStatus)
    SetEPType                                0x08002701   Thumb Code    32  usb_regs.o(i.SetEPType)
    Set_USBClock                             0x08002819   Thumb Code   224  hw_config.o(i.Set_USBClock)
    Setup0_Process                           0x0800290d   Thumb Code   176  usb_core.o(i.Setup0_Process)
    Standard_ClearFeature                    0x080029c9   Thumb Code   342  usb_core.o(i.Standard_ClearFeature)
    Standard_GetConfiguration                0x08002b35   Thumb Code    34  usb_core.o(i.Standard_GetConfiguration)
    Standard_GetDescriptorData               0x08002b61   Thumb Code    32  usb_core.o(i.Standard_GetDescriptorData)
    Standard_GetInterface                    0x08002b85   Thumb Code    34  usb_core.o(i.Standard_GetInterface)
    Standard_GetStatus                       0x08002bb1   Thumb Code   238  usb_core.o(i.Standard_GetStatus)
    Standard_SetConfiguration                0x08002cb1   Thumb Code    60  usb_core.o(i.Standard_SetConfiguration)
    Standard_SetDeviceFeature                0x08002cf9   Thumb Code    30  usb_core.o(i.Standard_SetDeviceFeature)
    Standard_SetEndPointFeature              0x08002d21   Thumb Code   192  usb_core.o(i.Standard_SetEndPointFeature)
    Standard_SetInterface                    0x08002df1   Thumb Code    96  usb_core.o(i.Standard_SetInterface)
    SysTick_CLKSourceConfig                  0x08002e5d   Thumb Code    62  misc.o(i.SysTick_CLKSourceConfig)
    SysTick_Handler                          0x08002ed5   Thumb Code     2  at32f4xx_it.o(i.SysTick_Handler)
    SystemInit                               0x08002ed9   Thumb Code   106  system_at32f4xx.o(i.SystemInit)
    UART_Print_Init                          0x08002f5d   Thumb Code   142  at32_board.o(i.UART_Print_Init)
    USART_Cmd                                0x08002ff5   Thumb Code    90  at32f4xx_usart.o(i.USART_Cmd)
    USART_INTConfig                          0x080030a5   Thumb Code   248  at32f4xx_usart.o(i.USART_INTConfig)
    USART_Init                               0x080031f1   Thumb Code   450  at32f4xx_usart.o(i.USART_Init)
    USART_StructInit                         0x0800340d   Thumb Code    24  at32f4xx_usart.o(i.USART_StructInit)
    USBWakeUp_IRQHandler                     0x08003425   Thumb Code    12  at32f4xx_it.o(i.USBWakeUp_IRQHandler)
    USB_HP_CAN1_TX_IRQHandler                0x08003431   Thumb Code     8  at32f4xx_it.o(i.USB_HP_CAN1_TX_IRQHandler)
    USB_Init                                 0x08003439   Thumb Code    36  usb_init.o(i.USB_Init)
    USB_Interrupts_Config                    0x08003475   Thumb Code   160  hw_config.o(i.USB_Interrupts_Config)
    USB_Istr                                 0x08003515   Thumb Code    62  usb_istr.o(i.USB_Istr)
    USB_LP_CAN1_RX0_IRQHandler               0x08003565   Thumb Code     8  at32f4xx_it.o(i.USB_LP_CAN1_RX0_IRQHandler)
    UVC_SendPack_Irq                         0x0800356d   Thumb Code   286  uvcstream.o(i.UVC_SendPack_Irq)
    UsageFault_Handler                       0x080036b5   Thumb Code     4  at32f4xx_it.o(i.UsageFault_Handler)
    UsbCamera_Data_Setup                     0x080036b9   Thumb Code    96  usb_prop.o(i.UsbCamera_Data_Setup)
    UsbCamera_GetConfigDescriptor            0x08003725   Thumb Code    14  usb_prop.o(i.UsbCamera_GetConfigDescriptor)
    UsbCamera_GetDeviceDescriptor            0x08003739   Thumb Code    14  usb_prop.o(i.UsbCamera_GetDeviceDescriptor)
    UsbCamera_GetStringDescriptor            0x0800374d   Thumb Code    32  usb_prop.o(i.UsbCamera_GetStringDescriptor)
    UsbCamera_Get_Interface_Setting          0x08003775   Thumb Code    22  usb_prop.o(i.UsbCamera_Get_Interface_Setting)
    UsbCamera_NoData_Setup                   0x0800378b   Thumb Code     6  usb_prop.o(i.UsbCamera_NoData_Setup)
    UsbCamera_Reset                          0x08003791   Thumb Code   186  usb_prop.o(i.UsbCamera_Reset)
    UsbCamera_SetConfiguration               0x08003861   Thumb Code    14  usb_prop.o(i.UsbCamera_SetConfiguration)
    UsbCamera_SetDeviceAddress               0x08003879   Thumb Code     8  usb_prop.o(i.UsbCamera_SetDeviceAddress)
    UsbCamera_Status_In                      0x08003885   Thumb Code     2  usb_prop.o(i.UsbCamera_Status_In)
    UsbCamera_Status_Out                     0x08003887   Thumb Code     2  usb_prop.o(i.UsbCamera_Status_Out)
    UsbCamera_init                           0x08003889   Thumb Code    50  usb_prop.o(i.UsbCamera_init)
    UserToPMABufferCopy                      0x080038cd   Thumb Code    56  usb_mem.o(i.UserToPMABufferCopy)
    VideoCommitControl_Command               0x08003909   Thumb Code    24  usb_prop.o(i.VideoCommitControl_Command)
    VideoProbeControl_Command                0x08003929   Thumb Code    24  usb_prop.o(i.VideoProbeControl_Command)
    __scatterload_copy                       0x08003949   Thumb Code    14  handlers.o(i.__scatterload_copy)
    __scatterload_null                       0x08003957   Thumb Code     2  handlers.o(i.__scatterload_null)
    __scatterload_zeroinit                   0x08003959   Thumb Code    14  handlers.o(i.__scatterload_zeroinit)
    assert_failed                            0x08003967   Thumb Code     4  main.o(i.assert_failed)
    bufCopy                                  0x0800396b   Thumb Code    18  uvcstream.o(i.bufCopy)
    main                                     0x0800397d   Thumb Code   138  main.o(i.main)
    ov2640_speed_ctrl                        0x08003a25   Thumb Code    36  ov2640.o(i.ov2640_speed_ctrl)
    ov2640_uxga_init_reg_tbl                 0x08003a48   Data         356  ov2640.o(.constdata)
    ov2640_svga_init_reg_tbl                 0x08003bac   Data         354  ov2640.o(.constdata)
    ov2640_yuv422_reg_tbl                    0x08003d0e   Data          16  ov2640.o(.constdata)
    ov2640_jpeg_reg_tbl                      0x08003d1e   Data          14  ov2640.o(.constdata)
    ov2640_rgb565_reg_tbl                    0x08003d2c   Data          28  ov2640.o(.constdata)
    Camera_DeviceDescriptor                  0x08003d70   Data          18  usb_desc.o(.constdata)
    Camera_ConfigDescriptor                  0x08003d82   Data         153  usb_desc.o(.constdata)
    Camera_StringLangID                      0x08003e1b   Data           4  usb_desc.o(.constdata)
    Camera_StringVendor                      0x08003e1f   Data          38  usb_desc.o(.constdata)
    Camera_StringProduct                     0x08003e45   Data          50  usb_desc.o(.constdata)
    Region$$Table$$Base                      0x08003e78   Number         0  anon$$obj.o(Region$$Table)
    Region$$Table$$Limit                     0x08003e98   Number         0  anon$$obj.o(Region$$Table)
    GPIO_InitStructure                       0x20000000   Data           4  main.o(.data)
    EXTI_InitStructure                       0x20000004   Data           8  main.o(.data)
    NVIC_InitStructure                       0x2000000c   Data           4  main.o(.data)
    FrameBuf_1_Addr                          0x20000010   Data           4  ov2640.o(.data)
    FrameBuf_2_Addr                          0x20000014   Data           4  ov2640.o(.data)
    Frame_SendPtr                            0x20000018   Data           4  ov2640.o(.data)
    Frame_RcvPtr                             0x2000001c   Data           4  ov2640.o(.data)
    FrameBuf_1_Ready                         0x20000020   Data           1  ov2640.o(.data)
    FrameBuf_1_Len                           0x20000024   Data           4  ov2640.o(.data)
    FrameBuf_2_Len                           0x20000028   Data           4  ov2640.o(.data)
    FrameLen                                 0x2000002c   Data           4  ov2640.o(.data)
    Frame_RcvLen                             0x20000030   Data           4  ov2640.o(.data)
    ACC_C2_value                             0x20000034   Data           4  hw_config.o(.data)
    Camera_StringSerial                      0x20000038   Data          26  usb_desc.o(.data)
    wIstr                                    0x20000054   Data           2  usb_istr.o(.data)
    bIntPackSOF                              0x20000056   Data           1  usb_istr.o(.data)
    pEpInt_IN                                0x20000058   Data          28  usb_istr.o(.data)
    pEpInt_OUT                               0x20000074   Data          28  usb_istr.o(.data)
    videoCommitControl                       0x20000090   Data          34  usb_prop.o(.data)
    videoProbeControl                        0x200000b2   Data          34  usb_prop.o(.data)
    Device_Table                             0x200000d4   Data           2  usb_prop.o(.data)
    Device_Property                          0x200000d8   Data          48  usb_prop.o(.data)
    User_Standard_Requests                   0x20000108   Data          36  usb_prop.o(.data)
    Device_Descriptor                        0x2000012c   Data           8  usb_prop.o(.data)
    Config_Descriptor                        0x20000134   Data           8  usb_prop.o(.data)
    String_Descriptor                        0x2000013c   Data          32  usb_prop.o(.data)
    bDeviceState                             0x2000015c   Data           4  usb_pwr.o(.data)
    fSuspendEnabled                          0x20000160   Data           1  usb_pwr.o(.data)
    ResumeS                                  0x20000161   Data           2  usb_pwr.o(.data)
    FrameSentLen                             0x20000164   Data           4  uvcstream.o(.data)
    LED_GPIO_PORT                            0x20000168   Data          16  at32_board.o(.data)
    LED_GPIO_PIN                             0x20000178   Data           8  at32_board.o(.data)
    LED_GPIO_RCC_CLK                         0x20000180   Data          16  at32_board.o(.data)
    BUTTON_GPIO_PORT                         0x20000190   Data           8  at32_board.o(.data)
    BUTTON_GPIO_PIN                          0x20000198   Data           4  at32_board.o(.data)
    BUTTON_GPIO_RCC_CLK                      0x2000019c   Data           8  at32_board.o(.data)
    SystemCoreClock                          0x200001b0   Data           4  system_at32f4xx.o(.data)
    AHBPscTable                              0x200001b4   Data          16  system_at32f4xx.o(.data)
    StatusInfo                               0x200001d4   Data           2  usb_core.o(.data)
    Data_Mul_MaxPacketSize                   0x200001d6   Data           1  usb_core.o(.data)
    EPindex                                  0x200001d8   Data           1  usb_init.o(.data)
    pInformation                             0x200001dc   Data           4  usb_init.o(.data)
    pProperty                                0x200001e0   Data           4  usb_init.o(.data)
    SaveState                                0x200001e4   Data           2  usb_init.o(.data)
    wInterrupt_Mask                          0x200001e6   Data           2  usb_init.o(.data)
    pUser_Standard_Requests                  0x200001e8   Data           4  usb_init.o(.data)
    SaveRState                               0x200001ec   Data           2  usb_int.o(.data)
    SaveTState                               0x200001ee   Data           2  usb_int.o(.data)
    PMAAddr                                  0x200001f0   Data           4  usb_regs.o(.data)
    ov2640_framebuf1                         0x200001f4   Data       40960  ov2640.o(.bss)
    ov2640_framebuf2                         0x2000a1f4   Data       40960  ov2640.o(.bss)
    UVC_TxBuf                                0x200141f4   Data         176  uvcstream.o(.bss)
    Device_Info                              0x200142a4   Data          28  usb_init.o(.bss)
    __initial_sp                             0x200162c0   Data           0  startup_at32f403avgt7.o(STACK)



==============================================================================

Memory Map of the image

  Image Entry point : 0x0800017d

  Load Region LR_IROM1 (Base: 0x08000000, Size: 0x0000408c, Max: 0x00100000, ABSOLUTE, COMPRESSED[0x00003f5c])

    Execution Region ER_IROM1 (Exec base: 0x08000000, Load base: 0x08000000, Size: 0x00003e98, Max: 0x00100000, ABSOLUTE)

    Exec Addr    Load Addr    Size         Type   Attr      Idx    E Section Name        Object

    0x08000000   0x08000000   0x0000017c   Data   RO         1055    RESET               startup_at32f403avgt7.o
    0x0800017c   0x0800017c   0x00000000   Code   RO         5202  * .ARM.Collect$$$$00000000  mc_w.l(entry.o)
    0x0800017c   0x0800017c   0x00000004   Code   RO         5205    .ARM.Collect$$$$00000001  mc_w.l(entry2.o)
    0x08000180   0x08000180   0x00000004   Code   RO         5208    .ARM.Collect$$$$00000004  mc_w.l(entry5.o)
    0x08000184   0x08000184   0x00000000   Code   RO         5210    .ARM.Collect$$$$00000008  mc_w.l(entry7b.o)
    0x08000184   0x08000184   0x00000000   Code   RO         5212    .ARM.Collect$$$$0000000A  mc_w.l(entry8b.o)
    0x08000184   0x08000184   0x00000008   Code   RO         5213    .ARM.Collect$$$$0000000B  mc_w.l(entry9a.o)
    0x0800018c   0x0800018c   0x00000000   Code   RO         5215    .ARM.Collect$$$$0000000D  mc_w.l(entry10a.o)
    0x0800018c   0x0800018c   0x00000000   Code   RO         5217    .ARM.Collect$$$$0000000F  mc_w.l(entry11a.o)
    0x0800018c   0x0800018c   0x00000004   Code   RO         5206    .ARM.Collect$$$$00002712  mc_w.l(entry2.o)
    0x08000190   0x08000190   0x00000024   Code   RO         1056    .text               startup_at32f403avgt7.o
    0x080001b4   0x080001b4   0x00000024   Code   RO         5219    .text               mc_w.l(init.o)
    0x080001d8   0x080001d8   0x00000056   Code   RO         5229    .text               mc_w.l(__dczerorl2.o)
    0x0800022e   0x0800022e   0x00000002   PAD
    0x08000230   0x08000230   0x00000028   Code   RO         1064    i.ACC_ClearFlag     at32f4xx_acc.o
    0x08000258   0x08000258   0x00000010   Code   RO         1065    i.ACC_EnterCALMode  at32f4xx_acc.o
    0x08000268   0x08000268   0x00000018   Code   RO         1067    i.ACC_GetFlagStatus  at32f4xx_acc.o
    0x08000280   0x08000280   0x00000022   Code   RO          215    i.ACC_IRQHandler    at32f4xx_it.o
    0x080002a2   0x080002a2   0x00000002   PAD
    0x080002a4   0x080002a4   0x00000024   Code   RO         1070    i.ACC_ITConfig      at32f4xx_acc.o
    0x080002c8   0x080002c8   0x0000000c   Code   RO         1075    i.ACC_WriteC1       at32f4xx_acc.o
    0x080002d4   0x080002d4   0x0000000c   Code   RO         1076    i.ACC_WriteC2       at32f4xx_acc.o
    0x080002e0   0x080002e0   0x0000000c   Code   RO         1077    i.ACC_WriteC3       at32f4xx_acc.o
    0x080002ec   0x080002ec   0x00000040   Code   RO          895    i.AT32_BUTTON_Init  at32_board.o
    0x0800032c   0x0800032c   0x00000038   Code   RO          898    i.AT32_Board_Init   at32_board.o
    0x08000364   0x08000364   0x00000048   Code   RO          899    i.AT32_LEDn_Init    at32_board.o
    0x080003ac   0x080003ac   0x00000028   Code   RO          900    i.AT32_LEDn_OFF     at32_board.o
    0x080003d4   0x080003d4   0x00000028   Code   RO          901    i.AT32_LEDn_ON      at32_board.o
    0x080003fc   0x080003fc   0x0000003c   Code   RO          903    i.AT32_USB_GPIO_init  at32_board.o
    0x08000438   0x08000438   0x00000004   Code   RO          216    i.BusFault_Handler  at32f4xx_it.o
    0x0800043c   0x0800043c   0x0000000c   Code   RO         4778    i.ByteSwap          usb_regs.o
    0x08000448   0x08000448   0x000000d0   Code   RO         4706    i.CTR_HP            usb_int.o
    0x08000518   0x08000518   0x00000288   Code   RO         4707    i.CTR_LP            usb_int.o
    0x080007a0   0x080007a0   0x00000034   Code   RO         4779    i.ClearDTOG_RX      usb_regs.o
    0x080007d4   0x080007d4   0x00000034   Code   RO         4780    i.ClearDTOG_TX      usb_regs.o
    0x08000808   0x08000808   0x00000028   Code   RO         4785    i.Clear_Status_Out  usb_regs.o
    0x08000830   0x08000830   0x000000c0   Code   RO         4540    i.DataStageIn       usb_core.o
    0x080008f0   0x080008f0   0x000000b0   Code   RO         4541    i.DataStageOut      usb_core.o
    0x080009a0   0x080009a0   0x00000298   Code   RO         4542    i.Data_Setup0       usb_core.o
    0x08000c38   0x08000c38   0x00000002   Code   RO          217    i.DebugMon_Handler  at32f4xx_it.o
    0x08000c3a   0x08000c3a   0x00000002   PAD
    0x08000c3c   0x08000c3c   0x0000004c   Code   RO          904    i.Delay_init        at32_board.o
    0x08000c88   0x08000c88   0x00000098   Code   RO          905    i.Delay_ms          at32_board.o
    0x08000d20   0x08000d20   0x00000060   Code   RO          907    i.Delay_us          at32_board.o
    0x08000d80   0x08000d80   0x00000008   Code   RO          627    i.EP1_IN_Callback   usb_endp.o
    0x08000d88   0x08000d88   0x0000006c   Code   RO            4    i.EXTI1_Config      main.o
    0x08000df4   0x08000df4   0x00000094   Code   RO          218    i.EXTI1_IRQHandler  at32f4xx_it.o
    0x08000e88   0x08000e88   0x00000070   Code   RO            5    i.EXTI2_Config      main.o
    0x08000ef8   0x08000ef8   0x0000002c   Code   RO          219    i.EXTI2_IRQHandler  at32f4xx_it.o
    0x08000f24   0x08000f24   0x00000070   Code   RO            6    i.EXTI3_Config      main.o
    0x08000f94   0x08000f94   0x00000034   Code   RO          220    i.EXTI3_IRQHandler  at32f4xx_it.o
    0x08000fc8   0x08000fc8   0x00000060   Code   RO         1990    i.EXTI_ClearIntPendingBit  at32f4xx_exti.o
    0x08001028   0x08001028   0x00000130   Code   RO         1994    i.EXTI_Init         at32f4xx_exti.o
    0x08001158   0x08001158   0x00000010   Code   RO         1996    i.EXTI_StructInit   at32f4xx_exti.o
    0x08001168   0x08001168   0x000000f4   Code   RO         2339    i.GPIO_EXTILineConfig  at32f4xx_gpio.o
    0x0800125c   0x0800125c   0x000001c4   Code   RO         2342    i.GPIO_Init         at32f4xx_gpio.o
    0x08001420   0x08001420   0x0000009c   Code   RO         2350    i.GPIO_ResetBits    at32f4xx_gpio.o
    0x080014bc   0x080014bc   0x0000009c   Code   RO         2351    i.GPIO_SetBits      at32f4xx_gpio.o
    0x08001558   0x08001558   0x00000010   Code   RO         2352    i.GPIO_StructInit   at32f4xx_gpio.o
    0x08001568   0x08001568   0x00000024   Code   RO         4798    i.GetEPRxAddr       usb_regs.o
    0x0800158c   0x0800158c   0x00000020   Code   RO         4801    i.GetEPTxAddr       usb_regs.o
    0x080015ac   0x080015ac   0x00000048   Code   RO          548    i.Get_SerialNum     hw_config.o
    0x080015f4   0x080015f4   0x00000004   Code   RO          221    i.HardFault_Handler  at32f4xx_it.o
    0x080015f8   0x080015f8   0x00000070   Code   RO         4543    i.In0_Process       usb_core.o
    0x08001668   0x08001668   0x00000004   Code   RO          222    i.MemManage_Handler  at32f4xx_it.o
    0x0800166c   0x0800166c   0x00000002   Code   RO          223    i.NMI_Handler       at32f4xx_it.o
    0x0800166e   0x0800166e   0x00000002   Code   RO         4544    i.NOP_Process       usb_core.o
    0x08001670   0x08001670   0x000000e4   Code   RO         4492    i.NVIC_Init         misc.o
    0x08001754   0x08001754   0x00000078   Code   RO         4493    i.NVIC_PriorityGroupConfig  misc.o
    0x080017cc   0x080017cc   0x00000138   Code   RO         4545    i.NoData_Setup0     usb_core.o
    0x08001904   0x08001904   0x00000194   Code   RO          345    i.OV2640_Init       ov2640.o
    0x08001a98   0x08001a98   0x0000004c   Code   RO          346    i.OV2640_JPEG_Mode  ov2640.o
    0x08001ae4   0x08001ae4   0x00000090   Code   RO          348    i.OV2640_OutSize_Set  ov2640.o
    0x08001b74   0x08001b74   0x00000050   Code   RO         4546    i.Out0_Process      usb_core.o
    0x08001bc4   0x08001bc4   0x00000028   Code   RO         4748    i.PMAToUserBufferCopy  usb_mem.o
    0x08001bec   0x08001bec   0x00000002   Code   RO          224    i.PendSV_Handler    at32f4xx_it.o
    0x08001bee   0x08001bee   0x00000002   PAD
    0x08001bf0   0x08001bf0   0x00000048   Code   RO         4547    i.Post0_Process     usb_core.o
    0x08001c38   0x08001c38   0x00000038   Code   RO          808    i.PowerOn           usb_pwr.o
    0x08001c70   0x08001c70   0x00000090   Code   RO         2820    i.RCC_APB1PeriphClockCmd  at32f4xx_rcc.o
    0x08001d00   0x08001d00   0x00000090   Code   RO         2823    i.RCC_APB2PeriphClockCmd  at32f4xx_rcc.o
    0x08001d90   0x08001d90   0x00000148   Code   RO         2829    i.RCC_GetClocksFreq  at32f4xx_rcc.o
    0x08001ed8   0x08001ed8   0x00000090   Code   RO         2837    i.RCC_HSI2USB48M    at32f4xx_rcc.o
    0x08001f68   0x08001f68   0x0000007c   Code   RO         2851    i.RCC_StepModeCmd   at32f4xx_rcc.o
    0x08001fe4   0x08001fe4   0x0000008c   Code   RO         2852    i.RCC_USBCLKConfig  at32f4xx_rcc.o
    0x08002070   0x08002070   0x00000070   Code   RO          481    i.SCCB_Init         sccb.o
    0x080020e0   0x080020e0   0x00000040   Code   RO          482    i.SCCB_No_Ack       sccb.o
    0x08002120   0x08002120   0x00000074   Code   RO          483    i.SCCB_RD_Byte      sccb.o
    0x08002194   0x08002194   0x0000004e   Code   RO          484    i.SCCB_RD_Reg       sccb.o
    0x080021e2   0x080021e2   0x00000002   PAD
    0x080021e4   0x080021e4   0x00000034   Code   RO          485    i.SCCB_Start        sccb.o
    0x08002218   0x08002218   0x00000034   Code   RO          486    i.SCCB_Stop         sccb.o
    0x0800224c   0x0800224c   0x000000ac   Code   RO          487    i.SCCB_WR_Byte      sccb.o
    0x080022f8   0x080022f8   0x0000003e   Code   RO          488    i.SCCB_WR_Reg       sccb.o
    0x08002336   0x08002336   0x00000002   Code   RO          225    i.SVC_Handler       at32f4xx_it.o
    0x08002338   0x08002338   0x00000050   Code   RO         4548    i.SetDeviceAddress  usb_core.o
    0x08002388   0x08002388   0x0000006c   Code   RO         4817    i.SetEPDblBuf0Count  usb_regs.o
    0x080023f4   0x080023f4   0x0000006c   Code   RO         4819    i.SetEPDblBuf1Count  usb_regs.o
    0x08002460   0x08002460   0x0000003c   Code   RO         4820    i.SetEPDblBuffAddr  usb_regs.o
    0x0800249c   0x0800249c   0x000000cc   Code   RO         4821    i.SetEPDblBuffCount  usb_regs.o
    0x08002568   0x08002568   0x0000002c   Code   RO         4822    i.SetEPDoubleBuff   usb_regs.o
    0x08002594   0x08002594   0x00000024   Code   RO         4823    i.SetEPRxAddr       usb_regs.o
    0x080025b8   0x080025b8   0x00000050   Code   RO         4824    i.SetEPRxCount      usb_regs.o
    0x08002608   0x08002608   0x00000040   Code   RO         4825    i.SetEPRxStatus     usb_regs.o
    0x08002648   0x08002648   0x00000034   Code   RO         4826    i.SetEPRxValid      usb_regs.o
    0x0800267c   0x0800267c   0x00000024   Code   RO         4827    i.SetEPTxAddr       usb_regs.o
    0x080026a0   0x080026a0   0x00000020   Code   RO         4828    i.SetEPTxCount      usb_regs.o
    0x080026c0   0x080026c0   0x00000040   Code   RO         4829    i.SetEPTxStatus     usb_regs.o
    0x08002700   0x08002700   0x00000024   Code   RO         4831    i.SetEPType         usb_regs.o
    0x08002724   0x08002724   0x00000008   Code   RO         1010    i.SetSysClock       system_at32f4xx.o
    0x0800272c   0x0800272c   0x000000ec   Code   RO         1011    i.SetSysClockTo192M  system_at32f4xx.o
    0x08002818   0x08002818   0x000000f4   Code   RO          550    i.Set_USBClock      hw_config.o
    0x0800290c   0x0800290c   0x000000bc   Code   RO         4549    i.Setup0_Process    usb_core.o
    0x080029c8   0x080029c8   0x0000016c   Code   RO         4550    i.Standard_ClearFeature  usb_core.o
    0x08002b34   0x08002b34   0x0000002c   Code   RO         4551    i.Standard_GetConfiguration  usb_core.o
    0x08002b60   0x08002b60   0x00000024   Code   RO         4552    i.Standard_GetDescriptorData  usb_core.o
    0x08002b84   0x08002b84   0x0000002c   Code   RO         4553    i.Standard_GetInterface  usb_core.o
    0x08002bb0   0x08002bb0   0x00000100   Code   RO         4554    i.Standard_GetStatus  usb_core.o
    0x08002cb0   0x08002cb0   0x00000048   Code   RO         4555    i.Standard_SetConfiguration  usb_core.o
    0x08002cf8   0x08002cf8   0x00000028   Code   RO         4556    i.Standard_SetDeviceFeature  usb_core.o
    0x08002d20   0x08002d20   0x000000d0   Code   RO         4557    i.Standard_SetEndPointFeature  usb_core.o
    0x08002df0   0x08002df0   0x0000006c   Code   RO         4558    i.Standard_SetInterface  usb_core.o
    0x08002e5c   0x08002e5c   0x00000078   Code   RO         4496    i.SysTick_CLKSourceConfig  misc.o
    0x08002ed4   0x08002ed4   0x00000002   Code   RO          226    i.SysTick_Handler   at32f4xx_it.o
    0x08002ed6   0x08002ed6   0x00000002   PAD
    0x08002ed8   0x08002ed8   0x00000084   Code   RO         1013    i.SystemInit        system_at32f4xx.o
    0x08002f5c   0x08002f5c   0x00000098   Code   RO          908    i.UART_Print_Init   at32_board.o
    0x08002ff4   0x08002ff4   0x000000b0   Code   RO         4100    i.USART_Cmd         at32f4xx_usart.o
    0x080030a4   0x080030a4   0x0000014c   Code   RO         4105    i.USART_INTConfig   at32f4xx_usart.o
    0x080031f0   0x080031f0   0x0000021c   Code   RO         4106    i.USART_Init        at32f4xx_usart.o
    0x0800340c   0x0800340c   0x00000018   Code   RO         4123    i.USART_StructInit  at32f4xx_usart.o
    0x08003424   0x08003424   0x0000000c   Code   RO          227    i.USBWakeUp_IRQHandler  at32f4xx_it.o
    0x08003430   0x08003430   0x00000008   Code   RO          228    i.USB_HP_CAN1_TX_IRQHandler  at32f4xx_it.o
    0x08003438   0x08003438   0x0000003c   Code   RO         4671    i.USB_Init          usb_init.o
    0x08003474   0x08003474   0x000000a0   Code   RO          551    i.USB_Interrupts_Config  hw_config.o
    0x08003514   0x08003514   0x00000050   Code   RO          655    i.USB_Istr          usb_istr.o
    0x08003564   0x08003564   0x00000008   Code   RO          229    i.USB_LP_CAN1_RX0_IRQHandler  at32f4xx_it.o
    0x0800356c   0x0800356c   0x00000148   Code   RO          861    i.UVC_SendPack_Irq  uvcstream.o
    0x080036b4   0x080036b4   0x00000004   Code   RO          230    i.UsageFault_Handler  at32f4xx_it.o
    0x080036b8   0x080036b8   0x0000006c   Code   RO          694    i.UsbCamera_Data_Setup  usb_prop.o
    0x08003724   0x08003724   0x00000014   Code   RO          695    i.UsbCamera_GetConfigDescriptor  usb_prop.o
    0x08003738   0x08003738   0x00000014   Code   RO          696    i.UsbCamera_GetDeviceDescriptor  usb_prop.o
    0x0800374c   0x0800374c   0x00000028   Code   RO          697    i.UsbCamera_GetStringDescriptor  usb_prop.o
    0x08003774   0x08003774   0x00000016   Code   RO          698    i.UsbCamera_Get_Interface_Setting  usb_prop.o
    0x0800378a   0x0800378a   0x00000006   Code   RO          699    i.UsbCamera_NoData_Setup  usb_prop.o
    0x08003790   0x08003790   0x000000d0   Code   RO          700    i.UsbCamera_Reset   usb_prop.o
    0x08003860   0x08003860   0x00000018   Code   RO          701    i.UsbCamera_SetConfiguration  usb_prop.o
    0x08003878   0x08003878   0x0000000c   Code   RO          702    i.UsbCamera_SetDeviceAddress  usb_prop.o
    0x08003884   0x08003884   0x00000002   Code   RO          703    i.UsbCamera_Status_In  usb_prop.o
    0x08003886   0x08003886   0x00000002   Code   RO          704    i.UsbCamera_Status_Out  usb_prop.o
    0x08003888   0x08003888   0x00000044   Code   RO          705    i.UsbCamera_init    usb_prop.o
    0x080038cc   0x080038cc   0x0000003c   Code   RO         4749    i.UserToPMABufferCopy  usb_mem.o
    0x08003908   0x08003908   0x00000020   Code   RO          706    i.VideoCommitControl_Command  usb_prop.o
    0x08003928   0x08003928   0x00000020   Code   RO          707    i.VideoProbeControl_Command  usb_prop.o
    0x08003948   0x08003948   0x0000000e   Code   RO         5223    i.__scatterload_copy  mc_w.l(handlers.o)
    0x08003956   0x08003956   0x00000002   Code   RO         5224    i.__scatterload_null  mc_w.l(handlers.o)
    0x08003958   0x08003958   0x0000000e   Code   RO         5225    i.__scatterload_zeroinit  mc_w.l(handlers.o)
    0x08003966   0x08003966   0x00000004   Code   RO            7    i.assert_failed     main.o
    0x0800396a   0x0800396a   0x00000012   Code   RO          862    i.bufCopy           uvcstream.o
    0x0800397c   0x0800397c   0x000000a8   Code   RO            8    i.main              main.o
    0x08003a24   0x08003a24   0x00000024   Code   RO          356    i.ov2640_speed_ctrl  ov2640.o
    0x08003a48   0x08003a48   0x00000328   Data   RO          358    .constdata          ov2640.o
    0x08003d70   0x08003d70   0x00000107   Data   RO          602    .constdata          usb_desc.o
    0x08003e77   0x08003e77   0x00000001   PAD
    0x08003e78   0x08003e78   0x00000020   Data   RO         5221    Region$$Table       anon$$obj.o


    Execution Region RW_IRAM1 (Exec base: 0x20000000, Load base: 0x08003e98, Size: 0x000162c0, Max: 0x00038000, ABSOLUTE, COMPRESSED[0x000000c4])

    Exec Addr    Load Addr    Size         Type   Attr      Idx    E Section Name        Object

    0x20000000   COMPRESSED   0x00000010   Data   RW            9    .data               main.o
    0x20000010   COMPRESSED   0x00000024   Data   RW          359    .data               ov2640.o
    0x20000034   COMPRESSED   0x00000004   Data   RW          552    .data               hw_config.o
    0x20000038   COMPRESSED   0x0000001a   Data   RW          603    .data               usb_desc.o
    0x20000052   COMPRESSED   0x00000002   PAD
    0x20000054   COMPRESSED   0x0000003c   Data   RW          656    .data               usb_istr.o
    0x20000090   COMPRESSED   0x000000cc   Data   RW          708    .data               usb_prop.o
    0x2000015c   COMPRESSED   0x00000007   Data   RW          812    .data               usb_pwr.o
    0x20000163   COMPRESSED   0x00000001   PAD
    0x20000164   COMPRESSED   0x00000004   Data   RW          864    .data               uvcstream.o
    0x20000168   COMPRESSED   0x00000045   Data   RW          910    .data               at32_board.o
    0x200001ad   COMPRESSED   0x00000003   PAD
    0x200001b0   COMPRESSED   0x00000014   Data   RW         1014    .data               system_at32f4xx.o
    0x200001c4   COMPRESSED   0x00000010   Data   RW         2855    .data               at32f4xx_rcc.o
    0x200001d4   COMPRESSED   0x00000003   Data   RW         4559    .data               usb_core.o
    0x200001d7   COMPRESSED   0x00000001   PAD
    0x200001d8   COMPRESSED   0x00000014   Data   RW         4673    .data               usb_init.o
    0x200001ec   COMPRESSED   0x00000004   Data   RW         4708    .data               usb_int.o
    0x200001f0   COMPRESSED   0x00000004   Data   RW         4839    .data               usb_regs.o
    0x200001f4        -       0x00014000   Zero   RW          357    .bss                ov2640.o
    0x200141f4        -       0x000000b0   Zero   RW          863    .bss                uvcstream.o
    0x200142a4        -       0x0000001c   Zero   RW         4672    .bss                usb_init.o
    0x200142c0        -       0x00002000   Zero   RW         1053    STACK               startup_at32f403avgt7.o


==============================================================================

Image component sizes


      Code (inc. data)   RO Data    RW Data    ZI Data      Debug   Object Name

       808         92          0         69          0       6686   at32_board.o
       152         38          0          0          0       4088   at32f4xx_acc.o
       416        136          0          0          0       2364   at32f4xx_exti.o
      1024        326          0          0          0       4956   at32f4xx_gpio.o
       332         58          0          0          0       8740   at32f4xx_it.o
      1024        386          0         16          0       6200   at32f4xx_rcc.o
      1072        260          0          0          0       4898   at32f4xx_usart.o
       476         28          0          4          0       2130   hw_config.o
       504         78          0         16          0     268671   main.o
       468        194          0          0          0       2429   misc.o
       660         42        808         36      81920       4400   ov2640.o
       708         58          0          0          0       4425   sccb.o
        36          8        380          0       8192        900   startup_at32f403avgt7.o
       376         40          0         20          0       2131   system_at32f4xx.o
      3050        282          0          3          0      15543   usb_core.o
         0          0        263         26          0        923   usb_desc.o
         8          0          0          0          0        470   usb_endp.o
        60         24          0         20         28       4182   usb_init.o
       856         56          0          4          0       2437   usb_int.o
        80         18          0         60          0       1184   usb_istr.o
       100          8          0          0          0       1904   usb_mem.o
       596        102          0        204          0      12018   usb_prop.o
        56         10          0          7          0       1749   usb_pwr.o
      1148        128          0          4          0      13000   usb_regs.o
       346         42          0          4        176       1854   uvcstream.o

    ----------------------------------------------------------------------
     14366       2414       1484        500      90316     378282   Object Totals
         0          0         32          0          0          0   (incl. Generated)
        10          0          1          7          0          0   (incl. Padding)

    ----------------------------------------------------------------------

      Code (inc. data)   RO Data    RW Data    ZI Data      Debug   Library Member Name

        86          0          0          0          0          0   __dczerorl2.o
         0          0          0          0          0          0   entry.o
         0          0          0          0          0          0   entry10a.o
         0          0          0          0          0          0   entry11a.o
         8          4          0          0          0          0   entry2.o
         4          0          0          0          0          0   entry5.o
         0          0          0          0          0          0   entry7b.o
         0          0          0          0          0          0   entry8b.o
         8          4          0          0          0          0   entry9a.o
        30          0          0          0          0          0   handlers.o
        36          8          0          0          0         68   init.o

    ----------------------------------------------------------------------
       174         16          0          0          0         68   Library Totals
         2          0          0          0          0          0   (incl. Padding)

    ----------------------------------------------------------------------

      Code (inc. data)   RO Data    RW Data    ZI Data      Debug   Library Name

       172         16          0          0          0         68   mc_w.l

    ----------------------------------------------------------------------
       174         16          0          0          0         68   Library Totals

    ----------------------------------------------------------------------

==============================================================================


      Code (inc. data)   RO Data    RW Data    ZI Data      Debug   

     14540       2430       1484        500      90316     365334   Grand Totals
     14540       2430       1484        196      90316     365334   ELF Image Totals (compressed)
     14540       2430       1484        196          0          0   ROM Totals

==============================================================================

    Total RO  Size (Code + RO Data)                16024 (  15.65kB)
    Total RW  Size (RW Data + ZI Data)             90816 (  88.69kB)
    Total ROM Size (Code + RO Data + RW Data)      16220 (  15.84kB)

==============================================================================

