<html>
<body>
<pre>
<h1>µVision Build Log</h1>
<h2>Tool Versions:</h2>
IDE-Version: ¦ÌVision V5.25.3.0
Copyright (C) 2018 ARM Ltd and ARM Germany GmbH. All rights reserved.
License Information: m ly, vie, LIC=NQQMA-1A2JW-749S0-B5D31-ML32Q-XYC0V
 
Tool Versions:
Toolchain:       MDK-ARM Plus  Version: 5.29.0.0
Toolchain Path:  C:\Keil_v5\ARM\ARMCC\Bin
C Compiler:      Armcc.exe V5.06 update 6 (build 750)
Assembler:       Armasm.exe V5.06 update 6 (build 750)
Linker/Locator:  ArmLink.exe V5.06 update 6 (build 750)
Library Manager: ArmAr.exe V5.06 update 6 (build 750)
Hex Converter:   FromElf.exe V5.06 update 6 (build 750)
CPU DLL:         SARMCM3.DLL V5.29.0.0
Dialog DLL:      DCM.DLL V1.17.3.0
Target DLL:      CMSIS_AGDI.dll V1.32.0.0
Dialog DLL:      TCM.DLL V1.36.5.0
 
<h2>Project:</h2>
D:\Data\RTT\AT32F4xx_StdPeriph_Lib_V1.1.8\Project\AT_START_F403A\Examples\EXTI\EXTI_Config\MDK_v5\EXTI_Config.uvprojx
Project File Date:  10/19/2020

<h2>Output:</h2>
*** Using Compiler 'V5.06 update 6 (build 750)', folder: 'C:\Keil_v5\ARM\ARMCC\Bin'
Build target 'EXTI_Config'
compiling main.c...
linking...
Program Size: Code=2332 RO-data=412 RW-data=108 ZI-data=1636  
FromELF: creating hex file...
".\Objects\LED.axf" - 0 Error(s), 0 Warning(s).

<h2>Software Packages used:</h2>

Package Vendor: Keil
                
                Keil.AT32F4xx_DFP.1.3.1
                ArteryTek AT32F4 Series Device Support,Drivers

<h2>Collection of Component include folders:</h2>
  .\RTE\_EXTI_Config
  C:\Users\Thinkpad_Local\AppData\Local\Arm\Packs\Keil\AT32F4xx_DFP\1.3.1\Device\Include

<h2>Collection of Component Files used:</h2>
Build Time Elapsed:  00:00:01
</pre>
</body>
</html>
